<html>
<body>
<pre>
<h1>礦ision Build Log</h1>
<h2>Tool Versions:</h2>
IDE-Version: μVision V5.21.1.0
Copyright (C) 2016 ARM Ltd and ARM Germany GmbH. All rights reserved.
License Information: 1 1, 1, LIC=HN0AE-5TV5A-BSDYX-HNVSD-VFY86-BQIQQ
 
Tool Versions:
Toolchain:       MDK-ARM Plus  Version: 5.21a
Toolchain Path:  D:\software\Keil5\ARM\ARMCC\Bin
C Compiler:      Armcc.exe V5.06 update 3 (build 300)
Assembler:       Armasm.exe V5.06 update 3 (build 300)
Linker/Locator:  ArmLink.exe V5.06 update 3 (build 300)
Library Manager: ArmAr.exe V5.06 update 3 (build 300)
Hex Converter:   FromElf.exe V5.06 update 3 (build 300)
CPU DLL:         SARMCM3.DLL V5.21a
Dialog DLL:      DARMSTM.DLL V1.66.0.1
Target DLL:      STLink\ST-LINKIII-KEIL_SWO.dll V2.0.18.0
Dialog DLL:      TARMSTM.DLL V1.65.0.0
 
<h2>Project:</h2>
E:\硬件\workspace_stm\workspace\2-土壤湿度\物联网demo资料\device_prj\USER\LED.uvprojx
Project File Date:  04/14/2023

<h2>Output:</h2>
*** Using Compiler 'V5.06 update 3 (build 300)', folder: 'D:\software\Keil5\ARM\ARMCC\Bin'
Build target 'Target 1'
compiling MqttKit.c...
compiling cJSON.c...
..\NET\CJSON\cJSON.c(30): warning:  #1293-D: assignment in condition
        if (!(copy = (char*)cJSON_malloc(len))) return 0;
..\NET\CJSON\cJSON.c(253): warning:  #1293-D: assignment in condition
  	ptr=str;while ((token=*ptr) && ++len) {if (strchr("\"\\\b\f\n\r\t",token)) len++; else if (token<32) len+=5;ptr++;}
..\NET\CJSON\cJSON.c(327): warning:  #111-D: statement is unreachable
  	return p.buffer;
..\NET\CJSON\cJSON.c(398): warning:  #1293-D: assignment in condition
  		if (!(new_item=cJSON_New_Item())) return 0; 	/* memory fail */
..\NET\CJSON\cJSON.c(510): warning:  #1293-D: assignment in condition
  		if (!(new_item=cJSON_New_Item()))	return 0; /* memory fail */
..\NET\CJSON\cJSON.c: 5 warnings, 0 errors
compiling esp8266.c...
compiling onenet.c...
compiling main.c...
linking...
Program Size: Code=28920 RO-data=16632 RW-data=2532 ZI-data=5468  
FromELF: creating hex file...
"..\OBJ\LED.axf" - 0 Error(s), 5 Warning(s).

<h2>Collection of Component include folders:</h2>
  E:\硬件\workspace_stm\workspace\2-土壤湿度\物联网demo资料\device_prj\USER\RTE
  D:\software\Keil5\ARM\PACK\Keil\STM32F1xx_DFP\2.3.0\Device\Include

<h2>Collection of Component Files used:</h2>
Build Time Elapsed:  00:00:04
</pre>
</body>
</html>
