<html>
<body>
<pre>
<h1>礦ision Build Log</h1>
<h2>Tool Versions:</h2>
IDE-Version: μVision V5.21.1.0
Copyright (C) 2016 ARM Ltd and ARM Germany GmbH. All rights reserved.
License Information: 1 1, 1, LIC=HN0AE-5TV5A-BSDYX-HNVSD-VFY86-BQIQQ
 
Tool Versions:
Toolchain:       MDK-ARM Plus  Version: 5.21a
Toolchain Path:  D:\software\Keil5\ARM\ARMCC\Bin
C Compiler:      Armcc.exe V5.06 update 3 (build 300)
Assembler:       Armasm.exe V5.06 update 3 (build 300)
Linker/Locator:  ArmLink.exe V5.06 update 3 (build 300)
Library Manager: ArmAr.exe V5.06 update 3 (build 300)
Hex Converter:   FromElf.exe V5.06 update 3 (build 300)
CPU DLL:         SARMCM3.DLL V5.21a
Dialog DLL:      DARMSTM.DLL V1.66.0.1
Target DLL:      STLink\ST-LINKIII-KEIL_SWO.dll V2.0.18.0
Dialog DLL:      TARMSTM.DLL V1.65.0.0
 
<h2>Project:</h2>
E:\硬件\接单\workspace\2-土壤湿度\【stm32工程】ESP8266实现OneNET智能家居\USER\Esp8266_Mqtt.uvprojx
Project File Date:  04/10/2023

<h2>Output:</h2>
*** Using Compiler 'V5.06 update 3 (build 300)', folder: 'D:\software\Keil5\ARM\ARMCC\Bin'
Build target '工程'
compiling mqtt.c...
compiling delay.c...
compiling timer2.c...
compiling led.c...
..\HARDWARE\src\led.c(111): warning:  #223-D: function "printf" declared implicitly
      printf("fan  ??\r\n");
..\HARDWARE\src\led.c(119): warning:  #223-D: function "printf" declared implicitly
      printf("fan  开\r\n");
..\HARDWARE\src\led.c(128): warning:  #223-D: function "printf" declared implicitly
      printf("shui  ??\r\n");
..\HARDWARE\src\led.c(136): warning:  #223-D: function "printf" declared implicitly
       printf("shui  开\r\n");
..\HARDWARE\src\led.c: 4 warnings, 0 errors
compiling control.c...
compiling main.c...
compiling stm32f10x_it.c...
compiling timer4.c...
compiling timer3.c...
compiling usart1.c...
compiling adc.c...
compiling usart2.c...
compiling wifi.c...
compiling oled.c...
assembling startup_stm32f10x_hd.s...
compiling core_cm3.c...
compiling dht11.c...
compiling ds18b20.c...
compiling system_stm32f10x.c...
compiling misc.c...
compiling stm32f10x_rcc.c...
compiling stm32f10x_usart.c...
compiling stm32f10x_tim.c...
compiling stm32f10x_dac.c...
compiling stm32f10x_gpio.c...
compiling stm32f10x_adc.c...
compiling stm32f10x_bkp.c...
compiling stm32f10x_can.c...
compiling stm32f10x_cec.c...
compiling stm32f10x_crc.c...
compiling stm32f10x_dbgmcu.c...
compiling stm32f10x_dma.c...
compiling stm32f10x_exti.c...
compiling stm32f10x_flash.c...
compiling stm32f10x_i2c.c...
compiling stm32f10x_fsmc.c...
compiling stm32f10x_iwdg.c...
compiling stm32f10x_pwr.c...
compiling stm32f10x_rtc.c...
compiling stm32f10x_sdio.c...
compiling stm32f10x_spi.c...
compiling stm32f10x_wwdg.c...
compiling sys.c...
linking...
Program Size: Code=26910 RO-data=16574 RW-data=2692 ZI-data=13908  
FromELF: creating hex file...
"..\OBJ\工程文件.axf" - 0 Error(s), 4 Warning(s).

<h2>Collection of Component include folders:</h2>
  E:\硬件\接单\workspace\2-土壤湿度\【stm32工程】ESP8266实现OneNET智能家居\USER\RTE
  D:\software\Keil5\ARM\PACK\Keil\STM32F1xx_DFP\2.3.0\Device\Include

<h2>Collection of Component Files used:</h2>
Build Time Elapsed:  00:00:05
</pre>
</body>
</html>
