Component: ARM Compiler 5.06 update 6 (build 750) Tool: armlink [4d35ed]

==============================================================================

Section Cross References

    startup_stm32f429xx.o(RESET) refers to startup_stm32f429xx.o(STACK) for __initial_sp
    startup_stm32f429xx.o(RESET) refers to startup_stm32f429xx.o(.text) for Reset_Handler
    startup_stm32f429xx.o(RESET) refers to stm32f4xx_it.o(i.NMI_Handler) for NMI_Handler
    startup_stm32f429xx.o(RESET) refers to stm32f4xx_it.o(i.HardFault_Handler) for HardFault_Handler
    startup_stm32f429xx.o(RESET) refers to stm32f4xx_it.o(i.MemManage_Handler) for MemManage_Handler
    startup_stm32f429xx.o(RESET) refers to stm32f4xx_it.o(i.BusFault_Handler) for BusFault_Handler
    startup_stm32f429xx.o(RESET) refers to stm32f4xx_it.o(i.UsageFault_Handler) for UsageFault_Handler
    startup_stm32f429xx.o(RESET) refers to stm32f4xx_it.o(i.SVC_Handler) for SVC_Handler
    startup_stm32f429xx.o(RESET) refers to stm32f4xx_it.o(i.DebugMon_Handler) for DebugMon_Handler
    startup_stm32f429xx.o(RESET) refers to stm32f4xx_it.o(i.PendSV_Handler) for PendSV_Handler
    startup_stm32f429xx.o(RESET) refers to stm32f4xx_it.o(i.SysTick_Handler) for SysTick_Handler
    startup_stm32f429xx.o(RESET) refers to stm32f4xx_it.o(i.EXTI0_IRQHandler) for EXTI0_IRQHandler
    startup_stm32f429xx.o(RESET) refers to stm32f4xx_it.o(i.EXTI2_IRQHandler) for EXTI2_IRQHandler
    startup_stm32f429xx.o(RESET) refers to stm32f4xx_it.o(i.EXTI3_IRQHandler) for EXTI3_IRQHandler
    startup_stm32f429xx.o(RESET) refers to stm32f4xx_it.o(i.EXTI4_IRQHandler) for EXTI4_IRQHandler
    startup_stm32f429xx.o(RESET) refers to stm32f4xx_it.o(i.DMA1_Stream1_IRQHandler) for DMA1_Stream1_IRQHandler
    startup_stm32f429xx.o(RESET) refers to stm32f4xx_it.o(i.EXTI9_5_IRQHandler) for EXTI9_5_IRQHandler
    startup_stm32f429xx.o(RESET) refers to stm32f4xx_it.o(i.TIM1_UP_TIM10_IRQHandler) for TIM1_UP_TIM10_IRQHandler
    startup_stm32f429xx.o(RESET) refers to stm32f4xx_it.o(i.TIM2_IRQHandler) for TIM2_IRQHandler
    startup_stm32f429xx.o(RESET) refers to stm32f4xx_it.o(i.USART3_IRQHandler) for USART3_IRQHandler
    startup_stm32f429xx.o(RESET) refers to stm32f4xx_it.o(i.EXTI15_10_IRQHandler) for EXTI15_10_IRQHandler
    startup_stm32f429xx.o(RESET) refers to stm32f4xx_it.o(i.DMA2_Stream0_IRQHandler) for DMA2_Stream0_IRQHandler
    startup_stm32f429xx.o(.text) refers to system_stm32f4xx.o(i.SystemInit) for SystemInit
    startup_stm32f429xx.o(.text) refers to entry.o(.ARM.Collect$$$$00000000) for __main
    main.o(i.SystemClock_Config) refers to memseta.o(.text) for __aeabi_memclr4
    main.o(i.SystemClock_Config) refers to stm32f4xx_hal_rcc.o(i.HAL_RCC_OscConfig) for HAL_RCC_OscConfig
    main.o(i.SystemClock_Config) refers to stm32f4xx_hal_pwr_ex.o(i.HAL_PWREx_EnableOverDrive) for HAL_PWREx_EnableOverDrive
    main.o(i.SystemClock_Config) refers to stm32f4xx_hal_rcc.o(i.HAL_RCC_ClockConfig) for HAL_RCC_ClockConfig
    main.o(i.main) refers to stm32f4xx_hal.o(i.HAL_Init) for HAL_Init
    main.o(i.main) refers to main.o(i.SystemClock_Config) for SystemClock_Config
    main.o(i.main) refers to gpio.o(i.MX_GPIO_Init) for MX_GPIO_Init
    main.o(i.main) refers to dma.o(i.MX_DMA_Init) for MX_DMA_Init
    main.o(i.main) refers to adc.o(i.MX_ADC1_Init) for MX_ADC1_Init
    main.o(i.main) refers to i2c.o(i.MX_I2C2_Init) for MX_I2C2_Init
    main.o(i.main) refers to spi.o(i.MX_SPI2_Init) for MX_SPI2_Init
    main.o(i.main) refers to tim.o(i.MX_TIM1_Init) for MX_TIM1_Init
    main.o(i.main) refers to tim.o(i.MX_TIM2_Init) for MX_TIM2_Init
    main.o(i.main) refers to usart.o(i.MX_USART1_UART_Init) for MX_USART1_UART_Init
    main.o(i.main) refers to usart.o(i.MX_USART3_UART_Init) for MX_USART3_UART_Init
    main.o(i.main) refers to fmc.o(i.MX_FMC_Init) for MX_FMC_Init
    main.o(i.main) refers to tim.o(i.MX_TIM3_Init) for MX_TIM3_Init
    main.o(i.main) refers to usart.o(i.MX_USART2_UART_Init) for MX_USART2_UART_Init
    main.o(i.main) refers to tim.o(i.MX_TIM4_Init) for MX_TIM4_Init
    main.o(i.main) refers to app.o(i.Mx_Init) for Mx_Init
    main.o(i.main) refers to printfa.o(i.__0printf) for __2printf
    main.o(i.main) refers to wifi.o(i.ESP8266_Init) for ESP8266_Init
    main.o(i.main) refers to rc522.o(i.ReaderCard) for ReaderCard
    main.o(i.main) refers to printfa.o(i.__0sprintf) for __2sprintf
    main.o(i.main) refers to onenet.o(i.OneNet_Subscribe) for OneNet_Subscribe
    main.o(i.main) refers to stm32f4xx_hal.o(i.HAL_Delay) for HAL_Delay
    main.o(i.main) refers to onenet.o(i.OneNet_Send_Device_ID_Data) for OneNet_Send_Device_ID_Data
    main.o(i.main) refers to app.o(i.collect_data) for collect_data
    main.o(i.main) refers to onenet.o(i.OneNet_SendData) for OneNet_SendData
    main.o(i.main) refers to wifi.o(i.ESP8266_Clear) for ESP8266_Clear
    main.o(i.main) refers to wifi.o(i.ESP8266_GetIPD) for ESP8266_GetIPD
    main.o(i.main) refers to onenet.o(i.OneNet_RevPro) for OneNet_RevPro
[...]
    Error_Handler                            0x08001da3   Thumb Code     4  main.o(i.Error_Handler)
    FMC_NORSRAM_Extended_Timing_Init         0x08001da9   Thumb Code    56  stm32f4xx_ll_fmc.o(i.FMC_NORSRAM_Extended_Timing_Init)
    FMC_NORSRAM_Init                         0x08001de5   Thumb Code   124  stm32f4xx_ll_fmc.o(i.FMC_NORSRAM_Init)
    FMC_NORSRAM_Timing_Init                  0x08001e65   Thumb Code    94  stm32f4xx_ll_fmc.o(i.FMC_NORSRAM_Timing_Init)
    FMC_SDRAM_Init                           0x08001ec9   Thumb Code   102  stm32f4xx_ll_fmc.o(i.FMC_SDRAM_Init)
    FMC_SDRAM_ProgramRefreshRate             0x08001f2f   Thumb Code    18  stm32f4xx_ll_fmc.o(i.FMC_SDRAM_ProgramRefreshRate)
    FMC_SDRAM_SendCommand                    0x08001f41   Thumb Code    78  stm32f4xx_ll_fmc.o(i.FMC_SDRAM_SendCommand)
    FMC_SDRAM_Timing_Init                    0x08001f91   Thumb Code   154  stm32f4xx_ll_fmc.o(i.FMC_SDRAM_Timing_Init)
    Full_Json                                0x08002035   Thumb Code   176  onenet.o(i.Full_Json)
    HAL_ADC_ConfigChannel                    0x08002131   Thumb Code   334  stm32f4xx_hal_adc.o(i.HAL_ADC_ConfigChannel)
    HAL_ADC_ConvCpltCallback                 0x08002295   Thumb Code     2  stm32f4xx_hal_adc.o(i.HAL_ADC_ConvCpltCallback)
    HAL_ADC_ConvHalfCpltCallback             0x08002297   Thumb Code     2  stm32f4xx_hal_adc.o(i.HAL_ADC_ConvHalfCpltCallback)
    HAL_ADC_ErrorCallback                    0x08002299   Thumb Code     2  stm32f4xx_hal_adc.o(i.HAL_ADC_ErrorCallback)
    HAL_ADC_Init                             0x0800229b   Thumb Code    84  stm32f4xx_hal_adc.o(i.HAL_ADC_Init)
    HAL_ADC_MspInit                          0x080022f1   Thumb Code   132  adc.o(i.HAL_ADC_MspInit)
    HAL_ADC_Start_DMA                        0x08002389   Thumb Code   302  stm32f4xx_hal_adc.o(i.HAL_ADC_Start_DMA)
    HAL_DMA_Abort                            0x080024dd   Thumb Code   146  stm32f4xx_hal_dma.o(i.HAL_DMA_Abort)
    HAL_DMA_Abort_IT                         0x0800256f   Thumb Code    36  stm32f4xx_hal_dma.o(i.HAL_DMA_Abort_IT)
    HAL_DMA_IRQHandler                       0x08002595   Thumb Code   412  stm32f4xx_hal_dma.o(i.HAL_DMA_IRQHandler)
    HAL_DMA_Init                             0x08002735   Thumb Code   206  stm32f4xx_hal_dma.o(i.HAL_DMA_Init)
    HAL_DMA_Start_IT                         0x08002809   Thumb Code   110  stm32f4xx_hal_dma.o(i.HAL_DMA_Start_IT)
    HAL_Delay                                0x08002879   Thumb Code    32  stm32f4xx_hal.o(i.HAL_Delay)
    HAL_GPIO_EXTI_Callback                   0x0800295d   Thumb Code   190  key_exit.o(i.HAL_GPIO_EXTI_Callback)
    HAL_GPIO_EXTI_IRQHandler                 0x08002aa1   Thumb Code    18  stm32f4xx_hal_gpio.o(i.HAL_GPIO_EXTI_IRQHandler)
    HAL_GPIO_Init                            0x08002ab9   Thumb Code   510  stm32f4xx_hal_gpio.o(i.HAL_GPIO_Init)
    HAL_GPIO_ReadPin                         0x08002ced   Thumb Code    10  stm32f4xx_hal_gpio.o(i.HAL_GPIO_ReadPin)
    HAL_GPIO_TogglePin                       0x08002cf7   Thumb Code    16  stm32f4xx_hal_gpio.o(i.HAL_GPIO_TogglePin)
    HAL_GPIO_WritePin                        0x08002d07   Thumb Code    10  stm32f4xx_hal_gpio.o(i.HAL_GPIO_WritePin)
    HAL_GetTick                              0x08002d11   Thumb Code     6  stm32f4xx_hal.o(i.HAL_GetTick)
    HAL_I2CEx_ConfigAnalogFilter             0x08002d1d   Thumb Code    66  stm32f4xx_hal_i2c_ex.o(i.HAL_I2CEx_ConfigAnalogFilter)
    HAL_I2CEx_ConfigDigitalFilter            0x08002d5f   Thumb Code    62  stm32f4xx_hal_i2c_ex.o(i.HAL_I2CEx_ConfigDigitalFilter)
    HAL_I2C_Init                             0x08002d9d   Thumb Code   376  stm32f4xx_hal_i2c.o(i.HAL_I2C_Init)
    HAL_I2C_Master_Receive                   0x08002f25   Thumb Code   468  stm32f4xx_hal_i2c.o(i.HAL_I2C_Master_Receive)
    HAL_I2C_Master_Transmit                  0x08003105   Thumb Code   290  stm32f4xx_hal_i2c.o(i.HAL_I2C_Master_Transmit)
    HAL_I2C_Mem_Read                         0x08003231   Thumb Code   490  stm32f4xx_hal_i2c.o(i.HAL_I2C_Mem_Read)
    HAL_I2C_Mem_Write                        0x08003429   Thumb Code   294  stm32f4xx_hal_i2c.o(i.HAL_I2C_Mem_Write)
    HAL_I2C_MspInit                          0x08003559   Thumb Code    92  i2c.o(i.HAL_I2C_MspInit)
    HAL_IncTick                              0x080035c1   Thumb Code    12  stm32f4xx_hal.o(i.HAL_IncTick)
    HAL_Init                                 0x080035d1   Thumb Code    48  stm32f4xx_hal.o(i.HAL_Init)
    HAL_InitTick                             0x08003605   Thumb Code    54  stm32f4xx_hal.o(i.HAL_InitTick)
    HAL_MspInit                              0x08003645   Thumb Code    48  stm32f4xx_hal_msp.o(i.HAL_MspInit)
    HAL_NVIC_EnableIRQ                       0x08003679   Thumb Code    26  stm32f4xx_hal_cortex.o(i.HAL_NVIC_EnableIRQ)
    HAL_NVIC_SetPriority                     0x08003695   Thumb Code    60  stm32f4xx_hal_cortex.o(i.HAL_NVIC_SetPriority)
    HAL_NVIC_SetPriorityGrouping             0x080036d5   Thumb Code    26  stm32f4xx_hal_cortex.o(i.HAL_NVIC_SetPriorityGrouping)
    HAL_PWREx_EnableOverDrive                0x080036f9   Thumb Code    98  stm32f4xx_hal_pwr_ex.o(i.HAL_PWREx_EnableOverDrive)
    HAL_RCC_ClockConfig                      0x08003769   Thumb Code   288  stm32f4xx_hal_rcc.o(i.HAL_RCC_ClockConfig)
    HAL_RCC_GetPCLK1Freq                     0x0800389d   Thumb Code    20  stm32f4xx_hal_rcc.o(i.HAL_RCC_GetPCLK1Freq)
    HAL_RCC_GetPCLK2Freq                     0x080038bd   Thumb Code    20  stm32f4xx_hal_rcc.o(i.HAL_RCC_GetPCLK2Freq)
    HAL_RCC_GetSysClockFreq                  0x080038dd   Thumb Code    88  stm32f4xx_hal_rcc.o(i.HAL_RCC_GetSysClockFreq)
    HAL_RCC_OscConfig                        0x08003941   Thumb Code   856  stm32f4xx_hal_rcc.o(i.HAL_RCC_OscConfig)
    HAL_SDRAM_Init                           0x08003cad   Thumb Code    66  stm32f4xx_hal_sdram.o(i.HAL_SDRAM_Init)
    HAL_SDRAM_MspInit                        0x08003cef   Thumb Code     4  fmc.o(i.HAL_SDRAM_MspInit)
    HAL_SDRAM_ProgramRefreshRate             0x08003cf3   Thumb Code    46  stm32f4xx_hal_sdram.o(i.HAL_SDRAM_ProgramRefreshRate)
    HAL_SDRAM_SendCommand                    0x08003d21   Thumb Code    60  stm32f4xx_hal_sdram.o(i.HAL_SDRAM_SendCommand)
    HAL_SPI_Init                             0x08003d5d   Thumb Code   188  stm32f4xx_hal_spi.o(i.HAL_SPI_Init)
    HAL_SPI_MspInit                          0x08003e19   Thumb Code    94  spi.o(i.HAL_SPI_MspInit)
    HAL_SPI_Transmit                         0x08003e85   Thumb Code   358  stm32f4xx_hal_spi.o(i.HAL_SPI_Transmit)
    HAL_SRAM_Init                            0x08003feb   Thumb Code    92  stm32f4xx_hal_sram.o(i.HAL_SRAM_Init)
    HAL_SRAM_MspInit                         0x08004047   Thumb Code     4  fmc.o(i.HAL_SRAM_MspInit)
    HAL_SYSTICK_CLKSourceConfig              0x0800404b   Thumb Code    24  stm32f4xx_hal_cortex.o(i.HAL_SYSTICK_CLKSourceConfig)
    HAL_SYSTICK_Config                       0x08004063   Thumb Code    40  stm32f4xx_hal_cortex.o(i.HAL_SYSTICK_Config)
    HAL_TIMEx_BreakCallback                  0x0800408b   Thumb Code     2  stm32f4xx_hal_tim_ex.o(i.HAL_TIMEx_BreakCallback)
    HAL_TIMEx_CommutCallback                 0x0800408d   Thumb Code     2  stm32f4xx_hal_tim_ex.o(i.HAL_TIMEx_CommutCallback)
    HAL_TIMEx_MasterConfigSynchronization    0x08004091   Thumb Code   116  stm32f4xx_hal_tim_ex.o(i.HAL_TIMEx_MasterConfigSynchronization)
    HAL_TIM_Base_Init                        0x08004121   Thumb Code    90  stm32f4xx_hal_tim.o(i.HAL_TIM_Base_Init)
    HAL_TIM_Base_MspInit                     0x0800417d   Thumb Code   190  tim.o(i.HAL_TIM_Base_MspInit)
    HAL_TIM_Base_Start                       0x08004251   Thumb Code    90  stm32f4xx_hal_tim.o(i.HAL_TIM_Base_Start)
    HAL_TIM_Base_Start_IT                    0x080042c9   Thumb Code   100  stm32f4xx_hal_tim.o(i.HAL_TIM_Base_Start_IT)
    HAL_TIM_Base_Stop_IT                     0x08004349   Thumb Code    48  stm32f4xx_hal_tim.o(i.HAL_TIM_Base_Stop_IT)
    HAL_TIM_ConfigClockSource                0x08004379   Thumb Code   220  stm32f4xx_hal_tim.o(i.HAL_TIM_ConfigClockSource)
    HAL_TIM_IC_CaptureCallback               0x08004455   Thumb Code     2  stm32f4xx_hal_tim.o(i.HAL_TIM_IC_CaptureCallback)
    HAL_TIM_IRQHandler                       0x08004457   Thumb Code   358  stm32f4xx_hal_tim.o(i.HAL_TIM_IRQHandler)
    HAL_TIM_MspPostInit                      0x080045bd   Thumb Code   100  tim.o(i.HAL_TIM_MspPostInit)
    HAL_TIM_OC_DelayElapsedCallback          0x08004631   Thumb Code     2  stm32f4xx_hal_tim.o(i.HAL_TIM_OC_DelayElapsedCallback)
    HAL_TIM_PWM_ConfigChannel                0x08004633   Thumb Code   204  stm32f4xx_hal_tim.o(i.HAL_TIM_PWM_ConfigChannel)
    HAL_TIM_PWM_Init                         0x080046ff   Thumb Code    90  stm32f4xx_hal_tim.o(i.HAL_TIM_PWM_Init)
    HAL_TIM_PWM_MspInit                      0x08004759   Thumb Code     2  stm32f4xx_hal_tim.o(i.HAL_TIM_PWM_MspInit)
    HAL_TIM_PWM_PulseFinishedCallback        0x0800475b   Thumb Code     2  stm32f4xx_hal_tim.o(i.HAL_TIM_PWM_PulseFinishedCallback)
    HAL_TIM_PWM_Start                        0x0800475d   Thumb Code   172  stm32f4xx_hal_tim.o(i.HAL_TIM_PWM_Start)
    HAL_TIM_PeriodElapsedCallback            0x08004825   Thumb Code     2  stm32f4xx_hal_tim.o(i.HAL_TIM_PeriodElapsedCallback)
    HAL_TIM_TriggerCallback                  0x08004827   Thumb Code     2  stm32f4xx_hal_tim.o(i.HAL_TIM_TriggerCallback)
    HAL_UARTEx_RxEventCallback               0x08004829   Thumb Code     2  stm32f4xx_hal_uart.o(i.HAL_UARTEx_RxEventCallback)
    HAL_UART_DMAStop                         0x0800482b   Thumb Code   112  stm32f4xx_hal_uart.o(i.HAL_UART_DMAStop)
    HAL_UART_ErrorCallback                   0x0800489b   Thumb Code     2  stm32f4xx_hal_uart.o(i.HAL_UART_ErrorCallback)
    HAL_UART_IRQHandler                      0x0800489d   Thumb Code   610  stm32f4xx_hal_uart.o(i.HAL_UART_IRQHandler)
    HAL_UART_Init                            0x08004b05   Thumb Code    98  stm32f4xx_hal_uart.o(i.HAL_UART_Init)
    HAL_UART_MspInit                         0x08004b69   Thumb Code   264  usart.o(i.HAL_UART_MspInit)
    HAL_UART_Receive_DMA                     0x08004c91   Thumb Code    42  stm32f4xx_hal_uart.o(i.HAL_UART_Receive_DMA)
    HAL_UART_RxCpltCallback                  0x08004cbb   Thumb Code     2  stm32f4xx_hal_uart.o(i.HAL_UART_RxCpltCallback)
    HAL_UART_RxHalfCpltCallback              0x08004cbd   Thumb Code     2  stm32f4xx_hal_uart.o(i.HAL_UART_RxHalfCpltCallback)
    HAL_UART_Transmit                        0x08004cc1   Thumb Code   178  stm32f4xx_hal_uart.o(i.HAL_UART_Transmit)
    HAL_UART_TxCpltCallback                  0x08004d73   Thumb Code     2  stm32f4xx_hal_uart.o(i.HAL_UART_TxCpltCallback)
    HardFault_Handler                        0x08004d75   Thumb Code     2  stm32f4xx_it.o(i.HardFault_Handler)
    LCD_Clear                                0x080052cd   Thumb Code    42  lcd.o(i.LCD_Clear)
    LCD_Display_Dir                          0x08005301   Thumb Code   212  lcd.o(i.LCD_Display_Dir)
    LCD_Fast_DrawPoint                       0x080053d9   Thumb Code   218  lcd.o(i.LCD_Fast_DrawPoint)
    LCD_Init                                 0x080054bd   Thumb Code  9094  lcd.o(i.LCD_Init)
    LCD_RD_DATA                              0x08007849   Thumb Code    16  lcd.o(i.LCD_RD_DATA)
    LCD_SSD_BackLightSet                     0x0800785d   Thumb Code    72  lcd.o(i.LCD_SSD_BackLightSet)
    LCD_Scan_Dir                             0x080078ad   Thumb Code   434  lcd.o(i.LCD_Scan_Dir)
    LCD_SetCursor                            0x08007a65   Thumb Code   254  lcd.o(i.LCD_SetCursor)
    LCD_ShowChar                             0x08007b69   Thumb Code   204  lcd.o(i.LCD_ShowChar)
    LCD_ShowString                           0x08007c4d   Thumb Code    84  lcd.o(i.LCD_ShowString)
    LCD_WR_DATA                              0x08007ca1   Thumb Code    20  lcd.o(i.LCD_WR_DATA)
    LCD_WR_REG                               0x08007cb9   Thumb Code    20  lcd.o(i.LCD_WR_REG)
    LCD_WriteRAM_Prepare                     0x08007cd1   Thumb Code    10  lcd.o(i.LCD_WriteRAM_Prepare)
    LCD_WriteReg                             0x08007ce5   Thumb Code    10  lcd.o(i.LCD_WriteReg)
    MQTT_DeleteBuffer                        0x08007cf5   Thumb Code    28  mqttkit.o(i.MQTT_DeleteBuffer)
    MQTT_DumpLength                          0x08007d11   Thumb Code    38  mqttkit.o(i.MQTT_DumpLength)
    MQTT_NewBuffer                           0x08007d37   Thumb Code    82  mqttkit.o(i.MQTT_NewBuffer)
    MQTT_PacketCmdResp                       0x08007d89   Thumb Code   114  mqttkit.o(i.MQTT_PacketCmdResp)
    MQTT_PacketConnect                       0x08007e05   Thumb Code   606  mqttkit.o(i.MQTT_PacketConnect)
    MQTT_PacketPublish                       0x08008069   Thumb Code   346  mqttkit.o(i.MQTT_PacketPublish)
    MQTT_PacketPublishAck                    0x080081c3   Thumb Code    70  mqttkit.o(i.MQTT_PacketPublishAck)
    MQTT_PacketPublishRec                    0x08008209   Thumb Code    70  mqttkit.o(i.MQTT_PacketPublishRec)
    MQTT_PacketSaveData                      0x08008251   Thumb Code    58  mqttkit.o(i.MQTT_PacketSaveData)
    MQTT_PacketSubscribe                     0x080082a1   Thumb Code   218  mqttkit.o(i.MQTT_PacketSubscribe)
    MQTT_ReadLength                          0x0800837b   Thumb Code    62  mqttkit.o(i.MQTT_ReadLength)
    MQTT_UnPacketCmd                         0x080083b9   Thumb Code   130  mqttkit.o(i.MQTT_UnPacketCmd)
    MQTT_UnPacketConnectAck                  0x0800843b   Thumb Code    26  mqttkit.o(i.MQTT_UnPacketConnectAck)
    MQTT_UnPacketPublish                     0x08008455   Thumb Code   328  mqttkit.o(i.MQTT_UnPacketPublish)
    MQTT_UnPacketPublishAck                  0x080085a5   Thumb Code    24  mqttkit.o(i.MQTT_UnPacketPublishAck)
    MQTT_UnPacketRecv                        0x080085bd   Thumb Code    86  mqttkit.o(i.MQTT_UnPacketRecv)
    MX_ADC1_Init                             0x0800861d   Thumb Code   152  adc.o(i.MX_ADC1_Init)
    MX_DMA_Init                              0x080086c1   Thumb Code    72  dma.o(i.MX_DMA_Init)
    MX_FMC_Init                              0x0800870d   Thumb Code   212  fmc.o(i.MX_FMC_Init)
    MX_GPIO_Init                             0x080087e9   Thumb Code   484  gpio.o(i.MX_GPIO_Init)
    MX_I2C2_Init                             0x080089ed   Thumb Code    78  i2c.o(i.MX_I2C2_Init)
    MX_SPI2_Init                             0x08008a49   Thumb Code    62  spi.o(i.MX_SPI2_Init)
    MX_TIM1_Init                             0x08008a91   Thumb Code   100  tim.o(i.MX_TIM1_Init)
    MX_TIM2_Init                             0x08008afd   Thumb Code   100  tim.o(i.MX_TIM2_Init)
    MX_TIM3_Init                             0x08008b65   Thumb Code   162  tim.o(i.MX_TIM3_Init)
    MX_TIM4_Init                             0x08008c11   Thumb Code    98  tim.o(i.MX_TIM4_Init)
    MX_USART1_UART_Init                      0x08008c7d   Thumb Code    48  usart.o(i.MX_USART1_UART_Init)
    MX_USART2_UART_Init                      0x08008cb5   Thumb Code    48  usart.o(i.MX_USART2_UART_Init)
    MX_USART3_UART_Init                      0x08008ced   Thumb Code    64  usart.o(i.MX_USART3_UART_Init)
    MemManage_Handler                        0x08008d39   Thumb Code     2  stm32f4xx_it.o(i.MemManage_Handler)
    Mx_Init                                  0x08008d3d   Thumb Code   184  app.o(i.Mx_Init)
    NMI_Handler                              0x08008e5d   Thumb Code     2  stm32f4xx_it.o(i.NMI_Handler)
    OneNet_DevLink                           0x08008e61   Thumb Code   198  onenet.o(i.OneNet_DevLink)
    OneNet_Publish                           0x080090a5   Thumb Code    88  onenet.o(i.OneNet_Publish)
    OneNet_RevPro                            0x08009131   Thumb Code   650  onenet.o(i.OneNet_RevPro)
    OneNet_SendData                          0x080095c5   Thumb Code   138  onenet.o(i.OneNet_SendData)
    OneNet_Send_Device_ID_Data               0x080096c1   Thumb Code   130  onenet.o(i.OneNet_Send_Device_ID_Data)
    OneNet_Subscribe                         0x08009789   Thumb Code    78  onenet.o(i.OneNet_Subscribe)
    PCF8574_WriteBit                         0x080097f1   Thumb Code    32  pcf8574.o(i.PCF8574_WriteBit)
    PcdAntennaOff                            0x08009811   Thumb Code     8  rc522.o(i.PcdAntennaOff)
    PcdAntennaOn                             0x08009819   Thumb Code    44  rc522.o(i.PcdAntennaOn)
    PcdAnticoll                              0x08009845   Thumb Code   106  rc522.o(i.PcdAnticoll)
    PcdComMF522                              0x080098af   Thumb Code   278  rc522.o(i.PcdComMF522)
    PcdRequest                               0x080099c5   Thumb Code    80  rc522.o(i.PcdRequest)
    PcdReset                                 0x08009a15   Thumb Code   118  rc522.o(i.PcdReset)
    PendSV_Handler                           0x08009a91   Thumb Code     2  stm32f4xx_it.o(i.PendSV_Handler)
    RC522_Init                               0x08009a95   Thumb Code    86  rc522.o(i.RC522_Init)
    RC522_ReadWriteByte                      0x08009b29   Thumb Code    30  rc522.o(i.RC522_ReadWriteByte)
    ReadRawRC                                0x08009b4d   Thumb Code    70  rc522.o(i.ReadRawRC)
    ReaderCard                               0x08009b99   Thumb Code   182  rc522.o(i.ReaderCard)
    SDRAM_Init                               0x08009ce5   Thumb Code    86  sdram.o(i.SDRAM_Init)
    SDRAM_Initialization_Sequence            0x08009d45   Thumb Code    74  sdram.o(i.SDRAM_Initialization_Sequence)
    SDRAM_Send_Cmd                           0x08009d95   Thumb Code    48  sdram.o(i.SDRAM_Send_Cmd)
    SVC_Handler                              0x08009ed9   Thumb Code     2  stm32f4xx_it.o(i.SVC_Handler)
    SetBitMask                               0x08009edb   Thumb Code    26  rc522.o(i.SetBitMask)
    SysTick_Handler                          0x08009ef5   Thumb Code     4  stm32f4xx_it.o(i.SysTick_Handler)
    SystemClock_Config                       0x08009ef9   Thumb Code   150  main.o(i.SystemClock_Config)
    SystemInit                               0x08009f99   Thumb Code    12  system_stm32f4xx.o(i.SystemInit)
    TIM1_UP_TIM10_IRQHandler                 0x08009fa9   Thumb Code    54  stm32f4xx_it.o(i.TIM1_UP_TIM10_IRQHandler)
    TIM2_IRQHandler                          0x0800a005   Thumb Code   114  stm32f4xx_it.o(i.TIM2_IRQHandler)
    TIM_Base_SetConfig                       0x0800a085   Thumb Code   156  stm32f4xx_hal_tim.o(i.TIM_Base_SetConfig)
    TIM_CCxChannelCmd                        0x0800a14d   Thumb Code    26  stm32f4xx_hal_tim.o(i.TIM_CCxChannelCmd)
    TIM_ETR_SetConfig                        0x0800a167   Thumb Code    20  stm32f4xx_hal_tim.o(i.TIM_ETR_SetConfig)
    TIM_OC2_SetConfig                        0x0800a1ed   Thumb Code    98  stm32f4xx_hal_tim.o(i.TIM_OC2_SetConfig)
    UART_Start_Receive_DMA                   0x0800a685   Thumb Code   134  stm32f4xx_hal_uart.o(i.UART_Start_Receive_DMA)
    USART3_IRQHandler                        0x0800a791   Thumb Code   130  stm32f4xx_it.o(i.USART3_IRQHandler)
    UsageFault_Handler                       0x0800a879   Thumb Code     2  stm32f4xx_it.o(i.UsageFault_Handler)
    Usart_SendString                         0x0800a87d   Thumb Code    40  wifi.o(i.Usart_SendString)
    WriteRawRC                               0x0800a8a5   Thumb Code    66  rc522.o(i.WriteRawRC)
    __0printf                                0x0800a8ed   Thumb Code    22  printfa.o(i.__0printf)
    __1printf                                0x0800a8ed   Thumb Code     0  printfa.o(i.__0printf)
    __2printf                                0x0800a8ed   Thumb Code     0  printfa.o(i.__0printf)
    __c89printf                              0x0800a8ed   Thumb Code     0  printfa.o(i.__0printf)
    printf                                   0x0800a8ed   Thumb Code     0  printfa.o(i.__0printf)
    __0sprintf                               0x0800a90d   Thumb Code    34  printfa.o(i.__0sprintf)
    __1sprintf                               0x0800a90d   Thumb Code     0  printfa.o(i.__0sprintf)
    __2sprintf                               0x0800a90d   Thumb Code     0  printfa.o(i.__0sprintf)
    __c89sprintf                             0x0800a90d   Thumb Code     0  printfa.o(i.__0sprintf)
    sprintf                                  0x0800a90d   Thumb Code     0  printfa.o(i.__0sprintf)
    __ARM_fpclassify                         0x0800a935   Thumb Code    48  fpclassify.o(i.__ARM_fpclassify)
    __aeabi_errno_addr                       0x0800a985   Thumb Code     4  errno.o(i.__aeabi_errno_addr)
    __rt_errno_addr                          0x0800a985   Thumb Code     0  errno.o(i.__aeabi_errno_addr)
    __hardfp_fabs                            0x0800a98d   Thumb Code    20  fabs.o(i.__hardfp_fabs)
    __hardfp_floor                           0x0800a9a1   Thumb Code   252  floor.o(i.__hardfp_floor)
    __hardfp_pow                             0x0800aab9   Thumb Code  3072  pow.o(i.__hardfp_pow)
    __kernel_poly                            0x0800b709   Thumb Code   248  poly.o(i.__kernel_poly)
    __mathlib_dbl_divzero                    0x0800b801   Thumb Code    28  dunder.o(i.__mathlib_dbl_divzero)
    __mathlib_dbl_infnan2                    0x0800b831   Thumb Code    20  dunder.o(i.__mathlib_dbl_infnan2)
    __mathlib_dbl_invalid                    0x0800b849   Thumb Code    24  dunder.o(i.__mathlib_dbl_invalid)
    __mathlib_dbl_overflow                   0x0800b869   Thumb Code    24  dunder.o(i.__mathlib_dbl_overflow)
    __mathlib_dbl_underflow                  0x0800b889   Thumb Code    24  dunder.o(i.__mathlib_dbl_underflow)
    __scatterload_copy                       0x0800b8a9   Thumb Code    14  handlers.o(i.__scatterload_copy)
    __scatterload_null                       0x0800b8b7   Thumb Code     2  handlers.o(i.__scatterload_null)
    __scatterload_zeroinit                   0x0800b8b9   Thumb Code    14  handlers.o(i.__scatterload_zeroinit)
    __set_errno                              0x0800b8c9   Thumb Code     6  errno.o(i.__set_errno)
    _is_digit                                0x0800ba59   Thumb Code    14  scanf_fp.o(i._is_digit)
    cJSON_AddItemToArray                     0x0800c1a1   Thumb Code    28  cjson.o(i.cJSON_AddItemToArray)
    cJSON_AddItemToObject                    0x0800c1bd   Thumb Code    42  cjson.o(i.cJSON_AddItemToObject)
    cJSON_CreateNumber                       0x0800c1ed   Thumb Code    48  cjson.o(i.cJSON_CreateNumber)
    cJSON_CreateObject                       0x0800c21d   Thumb Code    16  cjson.o(i.cJSON_CreateObject)
    cJSON_Delete                             0x0800c22d   Thumb Code    66  cjson.o(i.cJSON_Delete)
    cJSON_GetObjectItem                      0x0800c275   Thumb Code    28  cjson.o(i.cJSON_GetObjectItem)
    cJSON_Parse                              0x0800c2ad   Thumb Code     8  cjson.o(i.cJSON_Parse)
    cJSON_ParseWithOpts                      0x0800c2b5   Thumb Code    92  cjson.o(i.cJSON_ParseWithOpts)
    cJSON_PrintUnformatted                   0x0800c315   Thumb Code    10  cjson.o(i.cJSON_PrintUnformatted)
    collect_data                             0x0800c38d   Thumb Code   500  app.o(i.collect_data)
    delay_init                               0x0800c6b5   Thumb Code    16  delay.o(i.delay_init)
    delay_ms                                 0x0800c6c9   Thumb Code    26  delay.o(i.delay_ms)
    delay_ns                                 0x0800c6e3   Thumb Code    18  rc522.o(i.delay_ns)
    delay_us                                 0x0800c6f5   Thumb Code    48  delay.o(i.delay_us)
    fabs                                     0x0800c799   Thumb Code    24  fabs.o(i.fabs)
    fputc                                    0x0800c7b1   Thumb Code    14  usart.o(i.fputc)
    free                                     0x0800c7c5   Thumb Code    76  malloc.o(i.free)
    lcd_show                                 0x0800c815   Thumb Code   342  app.o(i.lcd_show)
    main                                     0x0800ca75   Thumb Code   342  main.o(i.main)
    my_free                                  0x0800cc7d   Thumb Code    18  malloc.o(i.my_free)
    my_malloc                                0x0800cc95   Thumb Code    26  malloc.o(i.my_malloc)
    my_mem_free                              0x0800ccb5   Thumb Code    80  malloc.o(i.my_mem_free)
    my_mem_init                              0x0800cd0d   Thumb Code    36  malloc.o(i.my_mem_init)
    my_mem_malloc                            0x0800cd39   Thumb Code   128  malloc.o(i.my_mem_malloc)
    my_mem_perused                           0x0800cdc1   Thumb Code    50  malloc.o(i.my_mem_perused)
    mymemset                                 0x0800cdfd   Thumb Code    14  malloc.o(i.mymemset)
    pcf8574_Check                            0x0800d3dd   Thumb Code    60  pcf8574.o(i.pcf8574_Check)
    pcf8574_ReadOneByte                      0x0800d44d   Thumb Code    36  pcf8574.o(i.pcf8574_ReadOneByte)
    pcf8574_WriteOneByte                     0x0800d495   Thumb Code    32  pcf8574.o(i.pcf8574_WriteOneByte)
    resest_server                            0x0800ddf5   Thumb Code   282  app.o(i.resest_server)
    resest_wifi                              0x0800dfed   Thumb Code   120  app.o(i.resest_wifi)
    show_zigbee                              0x0800e0f1   Thumb Code    72  app.o(i.show_zigbee)
    sqrt                                     0x0800e185   Thumb Code   110  sqrt.o(i.sqrt)
    time_init                                0x0800e1f5   Thumb Code    26  delay.o(i.time_init)
    time_set                                 0x0800e22d   Thumb Code    92  delay.o(i.time_set)
    asc2_1206                                0x0800e2c4   Data        1140  lcd.o(.constdata)
    asc2_1608                                0x0800e738   Data        1520  lcd.o(.constdata)
    asc2_2412                                0x0800ed28   Data        3420  lcd.o(.constdata)
    asc2_3216                                0x0800fa84   Data       12160  lcd.o(.constdata)
    AHBPrescTable                            0x08012a13   Data          16  system_stm32f4xx.o(.constdata)
    APBPrescTable                            0x08012a23   Data           8  system_stm32f4xx.o(.constdata)
    memtblsize                               0x08012a2c   Data          12  malloc.o(.constdata)
    memblksize                               0x08012a38   Data          12  malloc.o(.constdata)
    memsize                                  0x08012a44   Data          12  malloc.o(.constdata)
    __mathlib_zero                           0x08012ad8   Data           8  qnan.o(.constdata)
    __ctype_table                            0x08012ae0   Data         129  ctype_o.o(.constdata)
    Region$$Table$$Base                      0x08012b68   Number         0  anon$$obj.o(Region$$Table)
    Region$$Table$$Limit                     0x08012b88   Number         0  anon$$obj.o(Region$$Table)
    mem3base                                 0x10000000   Data       61440  malloc.o(.ARM.__AT_0x10000000)
    mem3mapbase                              0x1000f000   Data        3840  malloc.o(.ARM.__AT_0x1000F000)
    __stdout                                 0x20000008   Data           4  usart.o(.data)
    beep_num                                 0x2000000c   Data           1  stm32f4xx_it.o(.data)
    at_th_size                               0x20000010   Data           1  app.o(.data)
    value1                                   0x20000014   Data           4  app.o(.data)
    value2                                   0x20000018   Data           4  app.o(.data)
    value3                                   0x2000001c   Data           4  app.o(.data)
    value4                                   0x20000020   Data           4  app.o(.data)
    cmd_flag                                 0x20000024   Data           1  public.o(.data)
    net_connect                              0x20000025   Data           1  public.o(.data)
    rx_cnt                                   0x20000026   Data           2  public.o(.data)
    again_num                                0x20000028   Data           1  public.o(.data)
    beep_flag                                0x20000029   Data           1  public.o(.data)
    temperature                              0x20000030   Data           8  public.o(.data)
    humidity                                 0x20000038   Data           8  public.o(.data)
    Lighting                                 0x20000040   Data           4  public.o(.data)
    Turbidity                                0x20000044   Data           4  public.o(.data)
    Gas                                      0x20000048   Data           4  public.o(.data)
    voltage                                  0x20000050   Data           8  public.o(.data)
    speed                                    0x20000058   Data           2  public.o(.data)
    user_uing                                0x2000005a   Data           1  public.o(.data)
    TH_Temp                                  0x2000005c   Data           4  public.o(.data)
    TH_Hum                                   0x20000060   Data           4  public.o(.data)
    TH_Gas                                   0x20000064   Data           4  public.o(.data)
    TH_light                                 0x20000068   Data           4  public.o(.data)
    i                                        0x2000006c   Data           1  public.o(.data)
    time_flag                                0x20000070   Data           1  delay.o(.data)
    year_time                                0x20000074   Data           4  delay.o(.data)
    moon_time                                0x20000078   Data           4  delay.o(.data)
    sun_time                                 0x2000007c   Data           4  delay.o(.data)
    hour_time                                0x20000080   Data           4  delay.o(.data)
    minute_time                              0x20000084   Data           4  delay.o(.data)
    second_time                              0x20000088   Data           4  delay.o(.data)
    POINT_COLOR                              0x20000090   Data           4  lcd.o(.data)
    BACK_COLOR                               0x20000094   Data           4  lcd.o(.data)
    ID_Cart                                  0x20000098   Data           2  rc522.o(.data)
    Temp                                     0x2000009a   Data           4  rc522.o(.data)
    UID                                      0x2000009e   Data           5  rc522.o(.data)
    Publish_Buf                              0x200000b4   Data           8  mqttkit.o(.data)
    topics                                   0x200000bc   Data           4  mqttkit.o(.data)
    topics_id                                0x200000c0   Data           4  mqttkit.o(.data)
    uwTickFreq                               0x200000c4   Data           1  stm32f4xx_hal.o(.data)
    uwTickPrio                               0x200000c8   Data           4  stm32f4xx_hal.o(.data)
    uwTick                                   0x200000cc   Data           4  stm32f4xx_hal.o(.data)
    SystemCoreClock                          0x200000d0   Data           4  system_stm32f4xx.o(.data)
    mallco_dev                               0x200000d4   Data          36  malloc.o(.data)
    __microlib_freelist                      0x200000f8   Data           4  mvars.o(.data)
    hadc1                                    0x20000100   Data          72  adc.o(.bss)
    hdma_adc1                                0x20000148   Data          96  adc.o(.bss)
    hsram1                                   0x200001a8   Data          80  fmc.o(.bss)
    hsdram1                                  0x200001f8   Data          52  fmc.o(.bss)
    hi2c2                                    0x2000022c   Data          84  i2c.o(.bss)
    hspi2                                    0x20000280   Data          88  spi.o(.bss)
    htim1                                    0x200002d8   Data          72  tim.o(.bss)
    htim2                                    0x20000320   Data          72  tim.o(.bss)
    htim3                                    0x20000368   Data          72  tim.o(.bss)
    htim4                                    0x200003b0   Data          72  tim.o(.bss)
    huart1                                   0x200003f8   Data          68  usart.o(.bss)
    huart2                                   0x2000043c   Data          68  usart.o(.bss)
    huart3                                   0x20000480   Data          68  usart.o(.bss)
    hdma_usart3_rx                           0x200004c4   Data          96  usart.o(.bss)
    at_data_struct                           0x20000524   Data         104  app.o(.bss)
    at_data_arr                              0x2000058c   Data         256  app.o(.bss)
    at_th_buff                               0x2000068c   Data          56  app.o(.bss)
    buff_zigbee                              0x200006c4   Data         128  app.o(.bss)
    show_buff                                0x20000744   Data         124  app.o(.bss)
    rx_buff                                  0x200007c0   Data        1024  public.o(.bss)
    adc_value                                0x20000bc0   Data         160  public.o(.bss)
    SDRAM_Handler                            0x20000c60   Data          52  sdram.o(.bss)
    SRAM_Handler                             0x20000c94   Data          80  lcd.o(.bss)
    lcddev                                   0x20000ce4   Data          14  lcd.o(.bss)
    Publish_Topc                             0x20000cf2   Data          64  mqttkit.o(.bss)
    Publish_Topc_ID                          0x20000d32   Data          64  mqttkit.o(.bss)
    Submit_Topc                              0x20000d72   Data          64  mqttkit.o(.bss)
    Submit_Topc_ID                           0x20000db2   Data          64  mqttkit.o(.bss)
    mem1base                                 0x20000e00   Data       92160  malloc.o(.bss)
    mem1mapbase                              0x20017600   Data        5760  malloc.o(.bss)
    __initial_sp                             0x20019b80   Data           0  startup_stm32f429xx.o(STACK)
    mem2base                                 0xc01f4000   Data       29605888  malloc.o(.ARM.__AT_0xC01F4000)
    mem2mapbase                              0xc1e30000   Data       1850368  malloc.o(.ARM.__AT_0xC1E30000)



==============================================================================

Memory Map of the image

  Image Entry point : 0x080001ad

  Load Region LR_IROM1 (Base: 0x08000000, Size: 0x00012c88, Max: 0x00100000, ABSOLUTE)

    Execution Region ER_IROM1 (Exec base: 0x08000000, Load base: 0x08000000, Size: 0x00012b88, Max: 0x00100000, ABSOLUTE)

    Exec Addr    Load Addr    Size         Type   Attr      Idx    E Section Name        Object

    0x08000000   0x08000000   0x000001ac   Data   RO            3    RESET               startup_stm32f429xx.o
    0x080001ac   0x080001ac   0x00000000   Code   RO         6507  * .ARM.Collect$$$$00000000  mc_w.l(entry.o)
    0x080001ac   0x080001ac   0x00000004   Code   RO         6882    .ARM.Collect$$$$00000001  mc_w.l(entry2.o)
    0x080001b0   0x080001b0   0x00000004   Code   RO         6885    .ARM.Collect$$$$00000004  mc_w.l(entry5.o)
    0x080001b4   0x080001b4   0x00000000   Code   RO         6887    .ARM.Collect$$$$00000008  mc_w.l(entry7b.o)
    0x080001b4   0x080001b4   0x00000000   Code   RO         6889    .ARM.Collect$$$$0000000A  mc_w.l(entry8b.o)
    0x080001b4   0x080001b4   0x00000008   Code   RO         6890    .ARM.Collect$$$$0000000B  mc_w.l(entry9a.o)
    0x080001bc   0x080001bc   0x00000000   Code   RO         6892    .ARM.Collect$$$$0000000D  mc_w.l(entry10a.o)
    0x080001bc   0x080001bc   0x00000000   Code   RO         6894    .ARM.Collect$$$$0000000F  mc_w.l(entry11a.o)
    0x080001bc   0x080001bc   0x00000004   Code   RO         6883    .ARM.Collect$$$$00002712  mc_w.l(entry2.o)
    0x080001c0   0x080001c0   0x00000024   Code   RO            4    .text               startup_stm32f429xx.o
    0x080001e4   0x080001e4   0x00000062   Code   RO         6510    .text               mc_w.l(uldiv.o)
    0x08000246   0x08000246   0x0000000c   Code   RO         6512    .text               mc_w.l(tolower.o)
    0x08000252   0x08000252   0x00000024   Code   RO         6514    .text               mc_w.l(memcpya.o)
    0x08000276   0x08000276   0x00000024   Code   RO         6516    .text               mc_w.l(memseta.o)
    0x0800029a   0x0800029a   0x00000024   Code   RO         6518    .text               mc_w.l(strstr.o)
    0x080002be   0x080002be   0x00000014   Code   RO         6520    .text               mc_w.l(strchr.o)
    0x080002d2   0x080002d2   0x0000000e   Code   RO         6522    .text               mc_w.l(strlen.o)
    0x080002e0   0x080002e0   0x00000028   Code   RO         6524    .text               mc_w.l(strncat.o)
    0x08000308   0x08000308   0x00000012   Code   RO         6526    .text               mc_w.l(strcpy.o)
    0x0800031a   0x0800031a   0x0000001e   Code   RO         6528    .text               mc_w.l(strncmp.o)
    0x08000338   0x08000338   0x00000038   Code   RO         6821    .text               mc_w.l(__0sscanf.o)
    0x08000370   0x08000370   0x0000014c   Code   RO         6823    .text               mc_w.l(_scanf_int.o)
    0x080004bc   0x080004bc   0x00000360   Code   RO         6825    .text               mc_w.l(scanf_fp.o)
    0x0800081c   0x0800081c   0x0000001a   Code   RO         6829    .text               mc_w.l(atoi.o)
    0x08000836   0x08000836   0x0000014e   Code   RO         6831    .text               mf_w.l(dadd.o)
    0x08000984   0x08000984   0x000000e4   Code   RO         6833    .text               mf_w.l(dmul.o)
    0x08000a68   0x08000a68   0x000000de   Code   RO         6835    .text               mf_w.l(ddiv.o)
    0x08000b46   0x08000b46   0x00000022   Code   RO         6837    .text               mf_w.l(dflti.o)
    0x08000b68   0x08000b68   0x0000001a   Code   RO         6839    .text               mf_w.l(dfltui.o)
    0x08000b82   0x08000b82   0x0000003e   Code   RO         6841    .text               mf_w.l(dfixi.o)
    0x08000bc0   0x08000bc0   0x00000032   Code   RO         6843    .text               mf_w.l(dfixui.o)
    0x08000bf2   0x08000bf2   0x00000026   Code   RO         6845    .text               mf_w.l(f2d.o)
    0x08000c18   0x08000c18   0x00000030   Code   RO         6847    .text               mf_w.l(cdcmple.o)
    0x08000c48   0x08000c48   0x00000030   Code   RO         6849    .text               mf_w.l(cdrcmple.o)
    0x08000c78   0x08000c78   0x0000002c   Code   RO         6896    .text               mc_w.l(uidiv.o)
    0x08000ca4   0x08000ca4   0x0000001e   Code   RO         6898    .text               mc_w.l(llshl.o)
    0x08000cc2   0x08000cc2   0x00000020   Code   RO         6900    .text               mc_w.l(llushr.o)
    0x08000ce2   0x08000ce2   0x00000024   Code   RO         6902    .text               mc_w.l(llsshr.o)
    0x08000d06   0x08000d06   0x0000001c   Code   RO         6913    .text               mc_w.l(_chval.o)
    0x08000d22   0x08000d22   0x00000002   PAD
    0x08000d24   0x08000d24   0x00000028   Code   RO         6915    .text               mc_w.l(scanf_char.o)
    0x08000d4c   0x08000d4c   0x00000040   Code   RO         6917    .text               mc_w.l(_sgetc.o)
    0x08000d8c   0x08000d8c   0x00000070   Code   RO         6919    .text               mc_w.l(strtol.o)
    0x08000dfc   0x08000dfc   0x00000000   Code   RO         6921    .text               mc_w.l(iusefp.o)
    0x08000dfc   0x08000dfc   0x000000ba   Code   RO         6922    .text               mf_w.l(depilogue.o)
    0x08000eb6   0x08000eb6   0x0000002e   Code   RO         6926    .text               mf_w.l(dscalb.o)
    0x08000ee4   0x08000ee4   0x00000018   Code   RO         6928    .text               mf_w.l(dfltul.o)
    0x08000efc   0x08000efc   0x00000030   Code   RO         6930    .text               mf_w.l(dfixul.o)
    0x08000f2c   0x08000f2c   0x00000038   Code   RO         6932    .text               mf_w.l(d2f.o)
    0x08000f64   0x08000f64   0x00000024   Code   RO         6934    .text               mc_w.l(init.o)
    0x08000f88   0x08000f88   0x00000008   Code   RO         6938    .text               mc_w.l(ctype_o.o)
    0x08000f90   0x08000f90   0x00000012   Code   RO         6960    .text               mc_w.l(isspace_o.o)
    0x08000fa2   0x08000fa2   0x00000002   PAD
    0x08000fa4   0x08000fa4   0x0000032c   Code   RO         6966    .text               mc_w.l(_scanf.o)
    0x080012d0   0x080012d0   0x0000009e   Code   RO         6968    .text               mc_w.l(_strtoul.o)
    0x0800136e   0x0800136e   0x0000006e   Code   RO         6970    .text               mf_w.l(fepilogue.o)
    0x080013dc   0x080013dc   0x000000a2   Code   RO         6972    .text               mf_w.l(dsqrt.o)
    0x0800147e   0x0800147e   0x0000006e   Code   RO         2259    i.ADC_DMAConvCplt   stm32f4xx_hal_adc.o
    0x080014ec   0x080014ec   0x00000016   Code   RO         2260    i.ADC_DMAError      stm32f4xx_hal_adc.o
    0x08001502   0x08001502   0x0000000a   Code   RO         2261    i.ADC_DMAHalfConvCplt  stm32f4xx_hal_adc.o
    0x0800150c   0x0800150c   0x00000128   Code   RO         2262    i.ADC_Init          stm32f4xx_hal_adc.o
    0x08001634   0x08001634   0x00000054   Code   RO          918    i.AT24C02_Check     24c02.o
    0x08001688   0x08001688   0x00000024   Code   RO          919    i.AT24C02_read      24c02.o
    0x080016ac   0x080016ac   0x000000c0   Code   RO          920    i.AT24C02_write     24c02.o
    0x0800176c   0x0800176c   0x00000002   Code   RO          634    i.BusFault_Handler  stm32f4xx_it.o
    0x0800176e   0x0800176e   0x00000018   Code   RO         1430    i.ClearBitMask      rc522.o
    0x08001786   0x08001786   0x00000002   PAD
    0x08001788   0x08001788   0x00000064   Code   RO          957    i.DHT11_Check       dht11.o
    0x080017ec   0x080017ec   0x0000000e   Code   RO          958    i.DHT11_Init        dht11.o
    0x080017fa   0x080017fa   0x00000002   PAD
    0x080017fc   0x080017fc   0x0000004c   Code   RO          959    i.DHT11_Read_Bit    dht11.o
    0x08001848   0x08001848   0x0000001a   Code   RO          960    i.DHT11_Read_Byte   dht11.o
    0x08001862   0x08001862   0x00000002   PAD
    0x08001864   0x08001864   0x000000ac   Code   RO          961    i.DHT11_Read_Data   dht11.o
    0x08001910   0x08001910   0x0000003c   Code   RO          962    i.DHT11_Rst         dht11.o
    0x0800194c   0x0800194c   0x0000000c   Code   RO          635    i.DMA1_Stream1_IRQHandler  stm32f4xx_it.o
    0x08001958   0x08001958   0x0000000c   Code   RO          636    i.DMA2_Stream0_IRQHandler  stm32f4xx_it.o
    0x08001964   0x08001964   0x00000028   Code   RO         3048    i.DMA_CalcBaseAndBitshift  stm32f4xx_hal_dma.o
    0x0800198c   0x0800198c   0x00000054   Code   RO         3049    i.DMA_CheckFifoParam  stm32f4xx_hal_dma.o
    0x080019e0   0x080019e0   0x00000028   Code   RO         3050    i.DMA_SetConfig     stm32f4xx_hal_dma.o
    0x08001a08   0x08001a08   0x00000002   Code   RO          637    i.DebugMon_Handler  stm32f4xx_it.o
    0x08001a0a   0x08001a0a   0x00000002   PAD
    0x08001a0c   0x08001a0c   0x0000001c   Code   RO         1989    i.ESP8266_Clear     wifi.o
    0x08001a28   0x08001a28   0x00000038   Code   RO         1990    i.ESP8266_GetIPD    wifi.o
    0x08001a60   0x08001a60   0x00000158   Code   RO         1991    i.ESP8266_Init      wifi.o
    0x08001bb8   0x08001bb8   0x000000f8   Code   RO         1992    i.ESP8266_SendCmd   wifi.o
    0x08001cb0   0x08001cb0   0x000000c0   Code   RO         1993    i.ESP8266_SendData  wifi.o
    0x08001d70   0x08001d70   0x00000006   Code   RO          638    i.EXTI0_IRQHandler  stm32f4xx_it.o
    0x08001d76   0x08001d76   0x00000008   Code   RO          639    i.EXTI15_10_IRQHandler  stm32f4xx_it.o
    0x08001d7e   0x08001d7e   0x00000006   Code   RO          640    i.EXTI2_IRQHandler  stm32f4xx_it.o
    0x08001d84   0x08001d84   0x00000006   Code   RO          641    i.EXTI3_IRQHandler  stm32f4xx_it.o
    0x08001d8a   0x08001d8a   0x00000006   Code   RO          642    i.EXTI4_IRQHandler  stm32f4xx_it.o
    0x08001d90   0x08001d90   0x00000012   Code   RO          643    i.EXTI9_5_IRQHandler  stm32f4xx_it.o
    0x08001da2   0x08001da2   0x00000004   Code   RO           13    i.Error_Handler     main.o
    0x08001da6   0x08001da6   0x00000002   PAD
    0x08001da8   0x08001da8   0x0000003c   Code   RO         3759    i.FMC_NORSRAM_Extended_Timing_Init  stm32f4xx_ll_fmc.o
    0x08001de4   0x08001de4   0x00000080   Code   RO         3760    i.FMC_NORSRAM_Init  stm32f4xx_ll_fmc.o
    0x08001e64   0x08001e64   0x00000064   Code   RO         3761    i.FMC_NORSRAM_Timing_Init  stm32f4xx_ll_fmc.o
    0x08001ec8   0x08001ec8   0x00000066   Code   RO         3771    i.FMC_SDRAM_Init    stm32f4xx_ll_fmc.o
    0x08001f2e   0x08001f2e   0x00000012   Code   RO         3772    i.FMC_SDRAM_ProgramRefreshRate  stm32f4xx_ll_fmc.o
    0x08001f40   0x08001f40   0x0000004e   Code   RO         3773    i.FMC_SDRAM_SendCommand  stm32f4xx_ll_fmc.o
    0x08001f8e   0x08001f8e   0x00000002   PAD
    0x08001f90   0x08001f90   0x000000a4   Code   RO         3775    i.FMC_SDRAM_Timing_Init  stm32f4xx_ll_fmc.o
    0x08002034   0x08002034   0x000000fc   Code   RO         1910    i.Full_Json         onenet.o
    0x08002130   0x08002130   0x00000164   Code   RO         2264    i.HAL_ADC_ConfigChannel  stm32f4xx_hal_adc.o
    0x08002294   0x08002294   0x00000002   Code   RO         2265    i.HAL_ADC_ConvCpltCallback  stm32f4xx_hal_adc.o
    0x08002296   0x08002296   0x00000002   Code   RO         2266    i.HAL_ADC_ConvHalfCpltCallback  stm32f4xx_hal_adc.o
    0x08002298   0x08002298   0x00000002   Code   RO         2268    i.HAL_ADC_ErrorCallback  stm32f4xx_hal_adc.o
    0x0800229a   0x0800229a   0x00000054   Code   RO         2273    i.HAL_ADC_Init      stm32f4xx_hal_adc.o
    0x080022ee   0x080022ee   0x00000002   PAD
    0x080022f0   0x080022f0   0x00000098   Code   RO          283    i.HAL_ADC_MspInit   adc.o
    0x08002388   0x08002388   0x00000154   Code   RO         2280    i.HAL_ADC_Start_DMA  stm32f4xx_hal_adc.o
    0x080024dc   0x080024dc   0x00000092   Code   RO         3051    i.HAL_DMA_Abort     stm32f4xx_hal_dma.o
    0x0800256e   0x0800256e   0x00000024   Code   RO         3052    i.HAL_DMA_Abort_IT  stm32f4xx_hal_dma.o
    0x08002592   0x08002592   0x00000002   PAD
    0x08002594   0x08002594   0x000001a0   Code   RO         3056    i.HAL_DMA_IRQHandler  stm32f4xx_hal_dma.o
    0x08002734   0x08002734   0x000000d4   Code   RO         3057    i.HAL_DMA_Init      stm32f4xx_hal_dma.o
    0x08002808   0x08002808   0x0000006e   Code   RO         3061    i.HAL_DMA_Start_IT  stm32f4xx_hal_dma.o
    0x08002876   0x08002876   0x00000002   PAD
    0x08002878   0x08002878   0x00000024   Code   RO         3488    i.HAL_Delay         stm32f4xx_hal.o
    0x0800289c   0x0800289c   0x000000c0   Code   RO          349    i.HAL_FMC_MspInit   fmc.o
    0x0800295c   0x0800295c   0x00000144   Code   RO         1403    i.HAL_GPIO_EXTI_Callback  key_exit.o
    0x08002aa0   0x08002aa0   0x00000018   Code   RO         2943    i.HAL_GPIO_EXTI_IRQHandler  stm32f4xx_hal_gpio.o
    0x08002ab8   0x08002ab8   0x00000234   Code   RO         2944    i.HAL_GPIO_Init     stm32f4xx_hal_gpio.o
    0x08002cec   0x08002cec   0x0000000a   Code   RO         2946    i.HAL_GPIO_ReadPin  stm32f4xx_hal_gpio.o
    0x08002cf6   0x08002cf6   0x00000010   Code   RO         2947    i.HAL_GPIO_TogglePin  stm32f4xx_hal_gpio.o
    0x08002d06   0x08002d06   0x0000000a   Code   RO         2948    i.HAL_GPIO_WritePin  stm32f4xx_hal_gpio.o
    0x08002d10   0x08002d10   0x0000000c   Code   RO         3496    i.HAL_GetTick       stm32f4xx_hal.o
    0x08002d1c   0x08002d1c   0x00000042   Code   RO         4669    i.HAL_I2CEx_ConfigAnalogFilter  stm32f4xx_hal_i2c_ex.o
    0x08002d5e   0x08002d5e   0x0000003e   Code   RO         4670    i.HAL_I2CEx_ConfigDigitalFilter  stm32f4xx_hal_i2c_ex.o
    0x08002d9c   0x08002d9c   0x00000188   Code   RO         4248    i.HAL_I2C_Init      stm32f4xx_hal_i2c.o
    0x08002f24   0x08002f24   0x000001e0   Code   RO         4254    i.HAL_I2C_Master_Receive  stm32f4xx_hal_i2c.o
    0x08003104   0x08003104   0x0000012c   Code   RO         4261    i.HAL_I2C_Master_Transmit  stm32f4xx_hal_i2c.o
    0x08003230   0x08003230   0x000001f8   Code   RO         4266    i.HAL_I2C_Mem_Read  stm32f4xx_hal_i2c.o
    0x08003428   0x08003428   0x00000130   Code   RO         4269    i.HAL_I2C_Mem_Write  stm32f4xx_hal_i2c.o
    0x08003558   0x08003558   0x00000068   Code   RO          414    i.HAL_I2C_MspInit   i2c.o
    0x080035c0   0x080035c0   0x00000010   Code   RO         3502    i.HAL_IncTick       stm32f4xx_hal.o
    0x080035d0   0x080035d0   0x00000034   Code   RO         3503    i.HAL_Init          stm32f4xx_hal.o
    0x08003604   0x08003604   0x00000040   Code   RO         3504    i.HAL_InitTick      stm32f4xx_hal.o
    0x08003644   0x08003644   0x00000034   Code   RO          779    i.HAL_MspInit       stm32f4xx_hal_msp.o
    0x08003678   0x08003678   0x0000001a   Code   RO         3351    i.HAL_NVIC_EnableIRQ  stm32f4xx_hal_cortex.o
    0x08003692   0x08003692   0x00000002   PAD
    0x08003694   0x08003694   0x00000040   Code   RO         3357    i.HAL_NVIC_SetPriority  stm32f4xx_hal_cortex.o
    0x080036d4   0x080036d4   0x00000024   Code   RO         3358    i.HAL_NVIC_SetPriorityGrouping  stm32f4xx_hal_cortex.o
    0x080036f8   0x080036f8   0x00000070   Code   RO         3280    i.HAL_PWREx_EnableOverDrive  stm32f4xx_hal_pwr_ex.o
    0x08003768   0x08003768   0x00000134   Code   RO         2538    i.HAL_RCC_ClockConfig  stm32f4xx_hal_rcc.o
    0x0800389c   0x0800389c   0x00000020   Code   RO         2545    i.HAL_RCC_GetPCLK1Freq  stm32f4xx_hal_rcc.o
    0x080038bc   0x080038bc   0x00000020   Code   RO         2546    i.HAL_RCC_GetPCLK2Freq  stm32f4xx_hal_rcc.o
    0x080038dc   0x080038dc   0x00000064   Code   RO         2547    i.HAL_RCC_GetSysClockFreq  stm32f4xx_hal_rcc.o
    0x08003940   0x08003940   0x0000036c   Code   RO         2550    i.HAL_RCC_OscConfig  stm32f4xx_hal_rcc.o
    0x08003cac   0x08003cac   0x00000042   Code   RO         4072    i.HAL_SDRAM_Init    stm32f4xx_hal_sdram.o
    0x08003cee   0x08003cee   0x00000004   Code   RO          351    i.HAL_SDRAM_MspInit  fmc.o
    0x08003cf2   0x08003cf2   0x0000002e   Code   RO         4075    i.HAL_SDRAM_ProgramRefreshRate  stm32f4xx_hal_sdram.o
    0x08003d20   0x08003d20   0x0000003c   Code   RO         4081    i.HAL_SDRAM_SendCommand  stm32f4xx_hal_sdram.o
    0x08003d5c   0x08003d5c   0x000000bc   Code   RO         4710    i.HAL_SPI_Init      stm32f4xx_hal_spi.o
    0x08003e18   0x08003e18   0x0000006c   Code   RO          456    i.HAL_SPI_MspInit   spi.o
    0x08003e84   0x08003e84   0x00000166   Code   RO         4718    i.HAL_SPI_Transmit  stm32f4xx_hal_spi.o
    0x08003fea   0x08003fea   0x0000005c   Code   RO         3935    i.HAL_SRAM_Init     stm32f4xx_hal_sram.o
    0x08004046   0x08004046   0x00000004   Code   RO          353    i.HAL_SRAM_MspInit  fmc.o
    0x0800404a   0x0800404a   0x00000018   Code   RO         3360    i.HAL_SYSTICK_CLKSourceConfig  stm32f4xx_hal_cortex.o
    0x08004062   0x08004062   0x00000028   Code   RO         3362    i.HAL_SYSTICK_Config  stm32f4xx_hal_cortex.o
    0x0800408a   0x0800408a   0x00000002   Code   RO         5727    i.HAL_TIMEx_BreakCallback  stm32f4xx_hal_tim_ex.o
    0x0800408c   0x0800408c   0x00000002   Code   RO         5728    i.HAL_TIMEx_CommutCallback  stm32f4xx_hal_tim_ex.o
    0x0800408e   0x0800408e   0x00000002   PAD
    0x08004090   0x08004090   0x00000090   Code   RO         5746    i.HAL_TIMEx_MasterConfigSynchronization  stm32f4xx_hal_tim_ex.o
    0x08004120   0x08004120   0x0000005a   Code   RO         5023    i.HAL_TIM_Base_Init  stm32f4xx_hal_tim.o
    0x0800417a   0x0800417a   0x00000002   PAD
    0x0800417c   0x0800417c   0x000000d4   Code   RO          498    i.HAL_TIM_Base_MspInit  tim.o
    0x08004250   0x08004250   0x00000078   Code   RO         5026    i.HAL_TIM_Base_Start  stm32f4xx_hal_tim.o
    0x080042c8   0x080042c8   0x00000080   Code   RO         5028    i.HAL_TIM_Base_Start_IT  stm32f4xx_hal_tim.o
    0x08004348   0x08004348   0x00000030   Code   RO         5031    i.HAL_TIM_Base_Stop_IT  stm32f4xx_hal_tim.o
    0x08004378   0x08004378   0x000000dc   Code   RO         5032    i.HAL_TIM_ConfigClockSource  stm32f4xx_hal_tim.o
    0x08004454   0x08004454   0x00000002   Code   RO         5057    i.HAL_TIM_IC_CaptureCallback  stm32f4xx_hal_tim.o
    0x08004456   0x08004456   0x00000166   Code   RO         5071    i.HAL_TIM_IRQHandler  stm32f4xx_hal_tim.o
    0x080045bc   0x080045bc   0x00000074   Code   RO          499    i.HAL_TIM_MspPostInit  tim.o
    0x08004630   0x08004630   0x00000002   Code   RO         5074    i.HAL_TIM_OC_DelayElapsedCallback  stm32f4xx_hal_tim.o
    0x08004632   0x08004632   0x000000cc   Code   RO         5095    i.HAL_TIM_PWM_ConfigChannel  stm32f4xx_hal_tim.o
    0x080046fe   0x080046fe   0x0000005a   Code   RO         5098    i.HAL_TIM_PWM_Init  stm32f4xx_hal_tim.o
    0x08004758   0x08004758   0x00000002   Code   RO         5100    i.HAL_TIM_PWM_MspInit  stm32f4xx_hal_tim.o
    0x0800475a   0x0800475a   0x00000002   Code   RO         5101    i.HAL_TIM_PWM_PulseFinishedCallback  stm32f4xx_hal_tim.o
    0x0800475c   0x0800475c   0x000000c8   Code   RO         5103    i.HAL_TIM_PWM_Start  stm32f4xx_hal_tim.o
    0x08004824   0x08004824   0x00000002   Code   RO         5109    i.HAL_TIM_PeriodElapsedCallback  stm32f4xx_hal_tim.o
    0x08004826   0x08004826   0x00000002   Code   RO         5114    i.HAL_TIM_TriggerCallback  stm32f4xx_hal_tim.o
    0x08004828   0x08004828   0x00000002   Code   RO         6005    i.HAL_UARTEx_RxEventCallback  stm32f4xx_hal_uart.o
    0x0800482a   0x0800482a   0x00000070   Code   RO         6017    i.HAL_UART_DMAStop  stm32f4xx_hal_uart.o
    0x0800489a   0x0800489a   0x00000002   Code   RO         6019    i.HAL_UART_ErrorCallback  stm32f4xx_hal_uart.o
    0x0800489c   0x0800489c   0x00000268   Code   RO         6022    i.HAL_UART_IRQHandler  stm32f4xx_hal_uart.o
    0x08004b04   0x08004b04   0x00000062   Code   RO         6023    i.HAL_UART_Init     stm32f4xx_hal_uart.o
    0x08004b66   0x08004b66   0x00000002   PAD
    0x08004b68   0x08004b68   0x00000128   Code   RO          564    i.HAL_UART_MspInit  usart.o
    0x08004c90   0x08004c90   0x0000002a   Code   RO         6027    i.HAL_UART_Receive_DMA  stm32f4xx_hal_uart.o
    0x08004cba   0x08004cba   0x00000002   Code   RO         6029    i.HAL_UART_RxCpltCallback  stm32f4xx_hal_uart.o
    0x08004cbc   0x08004cbc   0x00000002   Code   RO         6030    i.HAL_UART_RxHalfCpltCallback  stm32f4xx_hal_uart.o
    0x08004cbe   0x08004cbe   0x00000002   PAD
    0x08004cc0   0x08004cc0   0x000000b2   Code   RO         6031    i.HAL_UART_Transmit  stm32f4xx_hal_uart.o
    0x08004d72   0x08004d72   0x00000002   Code   RO         6034    i.HAL_UART_TxCpltCallback  stm32f4xx_hal_uart.o
    0x08004d74   0x08004d74   0x00000002   Code   RO          644    i.HardFault_Handler  stm32f4xx_it.o
    0x08004d76   0x08004d76   0x0000002e   Code   RO         4290    i.I2C_IsAcknowledgeFailed  stm32f4xx_hal_i2c.o
    0x08004da4   0x08004da4   0x000000ec   Code   RO         4293    i.I2C_MasterRequestRead  stm32f4xx_hal_i2c.o
    0x08004e90   0x08004e90   0x0000009c   Code   RO         4294    i.I2C_MasterRequestWrite  stm32f4xx_hal_i2c.o
    0x08004f2c   0x08004f2c   0x000000fc   Code   RO         4300    i.I2C_RequestMemoryRead  stm32f4xx_hal_i2c.o
    0x08005028   0x08005028   0x000000a8   Code   RO         4301    i.I2C_RequestMemoryWrite  stm32f4xx_hal_i2c.o
    0x080050d0   0x080050d0   0x0000004c   Code   RO         4305    i.I2C_WaitOnBTFFlagUntilTimeout  stm32f4xx_hal_i2c.o
    0x0800511c   0x0800511c   0x00000068   Code   RO         4306    i.I2C_WaitOnFlagUntilTimeout  stm32f4xx_hal_i2c.o
    0x08005184   0x08005184   0x00000096   Code   RO         4307    i.I2C_WaitOnMasterAddressFlagUntilTimeout  stm32f4xx_hal_i2c.o
    0x0800521a   0x0800521a   0x00000066   Code   RO         4308    i.I2C_WaitOnRXNEFlagUntilTimeout  stm32f4xx_hal_i2c.o
    0x08005280   0x08005280   0x0000004c   Code   RO         4309    i.I2C_WaitOnTXEFlagUntilTimeout  stm32f4xx_hal_i2c.o
    0x080052cc   0x080052cc   0x00000034   Code   RO         1141    i.LCD_Clear         lcd.o
    0x08005300   0x08005300   0x000000d8   Code   RO         1145    i.LCD_Display_Dir   lcd.o
    0x080053d8   0x080053d8   0x000000e4   Code   RO         1150    i.LCD_Fast_DrawPoint  lcd.o
    0x080054bc   0x080054bc   0x0000238c   Code   RO         1152    i.LCD_Init          lcd.o
    0x08007848   0x08007848   0x00000014   Code   RO         1154    i.LCD_RD_DATA       lcd.o
    0x0800785c   0x0800785c   0x00000050   Code   RO         1157    i.LCD_SSD_BackLightSet  lcd.o
    0x080078ac   0x080078ac   0x000001b8   Code   RO         1158    i.LCD_Scan_Dir      lcd.o
    0x08007a64   0x08007a64   0x00000104   Code   RO         1159    i.LCD_SetCursor     lcd.o
    0x08007b68   0x08007b68   0x000000e4   Code   RO         1161    i.LCD_ShowChar      lcd.o
    0x08007c4c   0x08007c4c   0x00000054   Code   RO         1163    i.LCD_ShowString    lcd.o
    0x08007ca0   0x08007ca0   0x00000018   Code   RO         1165    i.LCD_WR_DATA       lcd.o
    0x08007cb8   0x08007cb8   0x00000018   Code   RO         1166    i.LCD_WR_REG        lcd.o
    0x08007cd0   0x08007cd0   0x00000014   Code   RO         1168    i.LCD_WriteRAM_Prepare  lcd.o
    0x08007ce4   0x08007ce4   0x00000010   Code   RO         1169    i.LCD_WriteReg      lcd.o
    0x08007cf4   0x08007cf4   0x0000001c   Code   RO         2042    i.MQTT_DeleteBuffer  mqttkit.o
    0x08007d10   0x08007d10   0x00000026   Code   RO         2043    i.MQTT_DumpLength   mqttkit.o
    0x08007d36   0x08007d36   0x00000052   Code   RO         2044    i.MQTT_NewBuffer    mqttkit.o
    0x08007d88   0x08007d88   0x0000007c   Code   RO         2046    i.MQTT_PacketCmdResp  mqttkit.o
    0x08007e04   0x08007e04   0x00000264   Code   RO         2047    i.MQTT_PacketConnect  mqttkit.o
    0x08008068   0x08008068   0x0000015a   Code   RO         2050    i.MQTT_PacketPublish  mqttkit.o
    0x080081c2   0x080081c2   0x00000046   Code   RO         2051    i.MQTT_PacketPublishAck  mqttkit.o
    0x08008208   0x08008208   0x00000046   Code   RO         2053    i.MQTT_PacketPublishRec  mqttkit.o
    0x0800824e   0x0800824e   0x00000002   PAD
    0x08008250   0x08008250   0x00000050   Code   RO         2056    i.MQTT_PacketSaveData  mqttkit.o
    0x080082a0   0x080082a0   0x000000da   Code   RO         2057    i.MQTT_PacketSubscribe  mqttkit.o
    0x0800837a   0x0800837a   0x0000003e   Code   RO         2059    i.MQTT_ReadLength   mqttkit.o
    0x080083b8   0x080083b8   0x00000082   Code   RO         2060    i.MQTT_UnPacketCmd  mqttkit.o
    0x0800843a   0x0800843a   0x0000001a   Code   RO         2061    i.MQTT_UnPacketConnectAck  mqttkit.o
    0x08008454   0x08008454   0x00000150   Code   RO         2062    i.MQTT_UnPacketPublish  mqttkit.o
    0x080085a4   0x080085a4   0x00000018   Code   RO         2063    i.MQTT_UnPacketPublishAck  mqttkit.o
    0x080085bc   0x080085bc   0x00000060   Code   RO         2067    i.MQTT_UnPacketRecv  mqttkit.o
    0x0800861c   0x0800861c   0x000000a4   Code   RO          284    i.MX_ADC1_Init      adc.o
    0x080086c0   0x080086c0   0x0000004c   Code   RO          324    i.MX_DMA_Init       dma.o
    0x0800870c   0x0800870c   0x000000dc   Code   RO          354    i.MX_FMC_Init       fmc.o
    0x080087e8   0x080087e8   0x00000204   Code   RO          258    i.MX_GPIO_Init      gpio.o
    0x080089ec   0x080089ec   0x0000005c   Code   RO          415    i.MX_I2C2_Init      i2c.o
    0x08008a48   0x08008a48   0x00000048   Code   RO          457    i.MX_SPI2_Init      spi.o
    0x08008a90   0x08008a90   0x0000006c   Code   RO          500    i.MX_TIM1_Init      tim.o
    0x08008afc   0x08008afc   0x00000068   Code   RO          501    i.MX_TIM2_Init      tim.o
    0x08008b64   0x08008b64   0x000000ac   Code   RO          502    i.MX_TIM3_Init      tim.o
    0x08008c10   0x08008c10   0x0000006c   Code   RO          503    i.MX_TIM4_Init      tim.o
    0x08008c7c   0x08008c7c   0x00000038   Code   RO          565    i.MX_USART1_UART_Init  usart.o
    0x08008cb4   0x08008cb4   0x00000038   Code   RO          566    i.MX_USART2_UART_Init  usart.o
    0x08008cec   0x08008cec   0x0000004c   Code   RO          567    i.MX_USART3_UART_Init  usart.o
    0x08008d38   0x08008d38   0x00000002   Code   RO          645    i.MemManage_Handler  stm32f4xx_it.o
    0x08008d3a   0x08008d3a   0x00000002   PAD
    0x08008d3c   0x08008d3c   0x00000120   Code   RO          803    i.Mx_Init           app.o
    0x08008e5c   0x08008e5c   0x00000002   Code   RO          646    i.NMI_Handler       stm32f4xx_it.o
    0x08008e5e   0x08008e5e   0x00000002   PAD
    0x08008e60   0x08008e60   0x00000244   Code   RO         1911    i.OneNet_DevLink    onenet.o
    0x080090a4   0x080090a4   0x0000008c   Code   RO         1912    i.OneNet_Publish    onenet.o
    0x08009130   0x08009130   0x00000494   Code   RO         1913    i.OneNet_RevPro     onenet.o
    0x080095c4   0x080095c4   0x000000fc   Code   RO         1914    i.OneNet_SendData   onenet.o
    0x080096c0   0x080096c0   0x000000c8   Code   RO         1916    i.OneNet_Send_Device_ID_Data  onenet.o
    0x08009788   0x08009788   0x00000068   Code   RO         1917    i.OneNet_Subscribe  onenet.o
    0x080097f0   0x080097f0   0x00000020   Code   RO         1349    i.PCF8574_WriteBit  pcf8574.o
    0x08009810   0x08009810   0x00000008   Code   RO         1432    i.PcdAntennaOff     rc522.o
    0x08009818   0x08009818   0x0000002c   Code   RO         1433    i.PcdAntennaOn      rc522.o
    0x08009844   0x08009844   0x0000006a   Code   RO         1434    i.PcdAnticoll       rc522.o
    0x080098ae   0x080098ae   0x00000116   Code   RO         1435    i.PcdComMF522       rc522.o
    0x080099c4   0x080099c4   0x00000050   Code   RO         1436    i.PcdRequest        rc522.o
    0x08009a14   0x08009a14   0x0000007c   Code   RO         1437    i.PcdReset          rc522.o
    0x08009a90   0x08009a90   0x00000002   Code   RO          647    i.PendSV_Handler    stm32f4xx_it.o
    0x08009a92   0x08009a92   0x00000002   PAD
    0x08009a94   0x08009a94   0x00000094   Code   RO         1438    i.RC522_Init        rc522.o
    0x08009b28   0x08009b28   0x00000024   Code   RO         1439    i.RC522_ReadWriteByte  rc522.o
    0x08009b4c   0x08009b4c   0x0000004c   Code   RO         1440    i.ReadRawRC         rc522.o
    0x08009b98   0x08009b98   0x0000014c   Code   RO         1441    i.ReaderCard        rc522.o
    0x08009ce4   0x08009ce4   0x00000060   Code   RO         1088    i.SDRAM_Init        sdram.o
    0x08009d44   0x08009d44   0x00000050   Code   RO         1089    i.SDRAM_Initialization_Sequence  sdram.o
    0x08009d94   0x08009d94   0x00000034   Code   RO         1090    i.SDRAM_Send_Cmd    sdram.o
    0x08009dc8   0x08009dc8   0x00000058   Code   RO         4748    i.SPI_EndRxTxTransaction  stm32f4xx_hal_spi.o
    0x08009e20   0x08009e20   0x000000b8   Code   RO         4753    i.SPI_WaitFlagStateUntilTimeout  stm32f4xx_hal_spi.o
    0x08009ed8   0x08009ed8   0x00000002   Code   RO          648    i.SVC_Handler       stm32f4xx_it.o
    0x08009eda   0x08009eda   0x0000001a   Code   RO         1442    i.SetBitMask        rc522.o
    0x08009ef4   0x08009ef4   0x00000004   Code   RO          649    i.SysTick_Handler   stm32f4xx_it.o
    0x08009ef8   0x08009ef8   0x000000a0   Code   RO           14    i.SystemClock_Config  main.o
    0x08009f98   0x08009f98   0x00000010   Code   RO         6352    i.SystemInit        system_stm32f4xx.o
    0x08009fa8   0x08009fa8   0x0000005c   Code   RO          650    i.TIM1_UP_TIM10_IRQHandler  stm32f4xx_it.o
    0x0800a004   0x0800a004   0x00000080   Code   RO          651    i.TIM2_IRQHandler   stm32f4xx_it.o
    0x0800a084   0x0800a084   0x000000c8   Code   RO         5116    i.TIM_Base_SetConfig  stm32f4xx_hal_tim.o
    0x0800a14c   0x0800a14c   0x0000001a   Code   RO         5117    i.TIM_CCxChannelCmd  stm32f4xx_hal_tim.o
    0x0800a166   0x0800a166   0x00000014   Code   RO         5127    i.TIM_ETR_SetConfig  stm32f4xx_hal_tim.o
    0x0800a17a   0x0800a17a   0x00000010   Code   RO         5128    i.TIM_ITRx_SetConfig  stm32f4xx_hal_tim.o
    0x0800a18a   0x0800a18a   0x00000002   PAD
    0x0800a18c   0x0800a18c   0x00000060   Code   RO         5129    i.TIM_OC1_SetConfig  stm32f4xx_hal_tim.o
    0x0800a1ec   0x0800a1ec   0x0000006c   Code   RO         5130    i.TIM_OC2_SetConfig  stm32f4xx_hal_tim.o
    0x0800a258   0x0800a258   0x00000068   Code   RO         5131    i.TIM_OC3_SetConfig  stm32f4xx_hal_tim.o
    0x0800a2c0   0x0800a2c0   0x00000050   Code   RO         5132    i.TIM_OC4_SetConfig  stm32f4xx_hal_tim.o
    0x0800a310   0x0800a310   0x00000022   Code   RO         5134    i.TIM_TI1_ConfigInputStage  stm32f4xx_hal_tim.o
    0x0800a332   0x0800a332   0x00000024   Code   RO         5136    i.TIM_TI2_ConfigInputStage  stm32f4xx_hal_tim.o
    0x0800a356   0x0800a356   0x00000010   Code   RO         6036    i.UART_DMAAbortOnError  stm32f4xx_hal_uart.o
    0x0800a366   0x0800a366   0x0000004a   Code   RO         6037    i.UART_DMAError     stm32f4xx_hal_uart.o
    0x0800a3b0   0x0800a3b0   0x00000082   Code   RO         6038    i.UART_DMAReceiveCplt  stm32f4xx_hal_uart.o
    0x0800a432   0x0800a432   0x0000001a   Code   RO         6040    i.UART_DMARxHalfCplt  stm32f4xx_hal_uart.o
    0x0800a44c   0x0800a44c   0x0000004e   Code   RO         6046    i.UART_EndRxTransfer  stm32f4xx_hal_uart.o
    0x0800a49a   0x0800a49a   0x0000001c   Code   RO         6047    i.UART_EndTxTransfer  stm32f4xx_hal_uart.o
    0x0800a4b6   0x0800a4b6   0x000000c0   Code   RO         6048    i.UART_Receive_IT   stm32f4xx_hal_uart.o
    0x0800a576   0x0800a576   0x00000002   PAD
    0x0800a578   0x0800a578   0x0000010c   Code   RO         6049    i.UART_SetConfig    stm32f4xx_hal_uart.o
    0x0800a684   0x0800a684   0x00000094   Code   RO         6050    i.UART_Start_Receive_DMA  stm32f4xx_hal_uart.o
    0x0800a718   0x0800a718   0x00000078   Code   RO         6052    i.UART_WaitOnFlagUntilTimeout  stm32f4xx_hal_uart.o
    0x0800a790   0x0800a790   0x000000e8   Code   RO          652    i.USART3_IRQHandler  stm32f4xx_it.o
    0x0800a878   0x0800a878   0x00000002   Code   RO          653    i.UsageFault_Handler  stm32f4xx_it.o
    0x0800a87a   0x0800a87a   0x00000002   PAD
    0x0800a87c   0x0800a87c   0x00000028   Code   RO         1994    i.Usart_SendString  wifi.o
    0x0800a8a4   0x0800a8a4   0x00000048   Code   RO         1443    i.WriteRawRC        rc522.o
    0x0800a8ec   0x0800a8ec   0x00000020   Code   RO         6765    i.__0printf         mc_w.l(printfa.o)
    0x0800a90c   0x0800a90c   0x00000028   Code   RO         6767    i.__0sprintf        mc_w.l(printfa.o)
    0x0800a934   0x0800a934   0x00000030   Code   RO         6865    i.__ARM_fpclassify  m_wm.l(fpclassify.o)
    0x0800a964   0x0800a964   0x00000020   Code   RO         3364    i.__NVIC_SetPriority  stm32f4xx_hal_cortex.o
    0x0800a984   0x0800a984   0x00000008   Code   RO         6906    i.__aeabi_errno_addr  mc_w.l(errno.o)
    0x0800a98c   0x0800a98c   0x00000014   Code   RO         6481    i.__hardfp_fabs     m_wm.l(fabs.o)
    0x0800a9a0   0x0800a9a0   0x00000118   Code   RO         6487    i.__hardfp_floor    m_wm.l(floor.o)
    0x0800aab8   0x0800aab8   0x00000c50   Code   RO         6493    i.__hardfp_pow      m_wm.l(pow.o)
    0x0800b708   0x0800b708   0x000000f8   Code   RO         6867    i.__kernel_poly     m_wm.l(poly.o)
    0x0800b800   0x0800b800   0x00000030   Code   RO         6851    i.__mathlib_dbl_divzero  m_wm.l(dunder.o)
    0x0800b830   0x0800b830   0x00000014   Code   RO         6853    i.__mathlib_dbl_infnan2  m_wm.l(dunder.o)
    0x0800b844   0x0800b844   0x00000004   PAD
    0x0800b848   0x0800b848   0x00000020   Code   RO         6854    i.__mathlib_dbl_invalid  m_wm.l(dunder.o)
    0x0800b868   0x0800b868   0x00000020   Code   RO         6855    i.__mathlib_dbl_overflow  m_wm.l(dunder.o)
    0x0800b888   0x0800b888   0x00000020   Code   RO         6857    i.__mathlib_dbl_underflow  m_wm.l(dunder.o)
    0x0800b8a8   0x0800b8a8   0x0000000e   Code   RO         6979    i.__scatterload_copy  mc_w.l(handlers.o)
    0x0800b8b6   0x0800b8b6   0x00000002   Code   RO         6980    i.__scatterload_null  mc_w.l(handlers.o)
    0x0800b8b8   0x0800b8b8   0x0000000e   Code   RO         6981    i.__scatterload_zeroinit  mc_w.l(handlers.o)
    0x0800b8c6   0x0800b8c6   0x00000002   PAD
    0x0800b8c8   0x0800b8c8   0x0000000c   Code   RO         6908    i.__set_errno       mc_w.l(errno.o)
    0x0800b8d4   0x0800b8d4   0x00000184   Code   RO         6772    i._fp_digits        mc_w.l(printfa.o)
    0x0800ba58   0x0800ba58   0x0000000e   Code   RO         6827    i._is_digit         mc_w.l(scanf_fp.o)
    0x0800ba66   0x0800ba66   0x00000002   PAD
    0x0800ba68   0x0800ba68   0x000006dc   Code   RO         6773    i._printf_core      mc_w.l(printfa.o)
    0x0800c144   0x0800c144   0x00000024   Code   RO         6774    i._printf_post_padding  mc_w.l(printfa.o)
    0x0800c168   0x0800c168   0x0000002e   Code   RO         6775    i._printf_pre_padding  mc_w.l(printfa.o)
    0x0800c196   0x0800c196   0x0000000a   Code   RO         6777    i._sputc            mc_w.l(printfa.o)
    0x0800c1a0   0x0800c1a0   0x0000001c   Code   RO         1549    i.cJSON_AddItemToArray  cjson.o
    0x0800c1bc   0x0800c1bc   0x00000030   Code   RO         1550    i.cJSON_AddItemToObject  cjson.o
    0x0800c1ec   0x0800c1ec   0x00000030   Code   RO         1559    i.cJSON_CreateNumber  cjson.o
    0x0800c21c   0x0800c21c   0x00000010   Code   RO         1560    i.cJSON_CreateObject  cjson.o
    0x0800c22c   0x0800c22c   0x00000048   Code   RO         1564    i.cJSON_Delete      cjson.o
    0x0800c274   0x0800c274   0x0000001c   Code   RO         1573    i.cJSON_GetObjectItem  cjson.o
    0x0800c290   0x0800c290   0x0000001c   Code   RO         1577    i.cJSON_New_Item    cjson.o
    0x0800c2ac   0x0800c2ac   0x00000008   Code   RO         1578    i.cJSON_Parse       cjson.o
    0x0800c2b4   0x0800c2b4   0x00000060   Code   RO         1579    i.cJSON_ParseWithOpts  cjson.o
    0x0800c314   0x0800c314   0x0000000a   Code   RO         1582    i.cJSON_PrintUnformatted  cjson.o
    0x0800c31e   0x0800c31e   0x00000042   Code   RO         1585    i.cJSON_strcasecmp  cjson.o
    0x0800c360   0x0800c360   0x0000002c   Code   RO         1586    i.cJSON_strdup      cjson.o
    0x0800c38c   0x0800c38c   0x00000328   Code   RO          805    i.collect_data      app.o
    0x0800c6b4   0x0800c6b4   0x00000014   Code   RO         1032    i.delay_init        delay.o
    0x0800c6c8   0x0800c6c8   0x0000001a   Code   RO         1033    i.delay_ms          delay.o
    0x0800c6e2   0x0800c6e2   0x00000012   Code   RO         1444    i.delay_ns          rc522.o
    0x0800c6f4   0x0800c6f4   0x00000034   Code   RO         1034    i.delay_us          delay.o
    0x0800c728   0x0800c728   0x00000070   Code   RO         1588    i.ensure            cjson.o
    0x0800c798   0x0800c798   0x00000018   Code   RO         6483    i.fabs              m_wm.l(fabs.o)
    0x0800c7b0   0x0800c7b0   0x00000014   Code   RO          569    i.fputc             usart.o
    0x0800c7c4   0x0800c7c4   0x00000050   Code   RO         6793    i.free              mc_w.l(malloc.o)
    0x0800c814   0x0800c814   0x00000260   Code   RO          806    i.lcd_show          app.o
    0x0800ca74   0x0800ca74   0x00000208   Code   RO           15    i.main              main.o
    0x0800cc7c   0x0800cc7c   0x00000018   Code   RO         6389    i.my_free           malloc.o
    0x0800cc94   0x0800cc94   0x00000020   Code   RO         6390    i.my_malloc         malloc.o
    0x0800ccb4   0x0800ccb4   0x00000058   Code   RO         6391    i.my_mem_free       malloc.o
    0x0800cd0c   0x0800cd0c   0x0000002c   Code   RO         6392    i.my_mem_init       malloc.o
    0x0800cd38   0x0800cd38   0x00000088   Code   RO         6393    i.my_mem_malloc     malloc.o
    0x0800cdc0   0x0800cdc0   0x0000003c   Code   RO         6394    i.my_mem_perused    malloc.o
    0x0800cdfc   0x0800cdfc   0x0000000e   Code   RO         6398    i.mymemset          malloc.o
    0x0800ce0a   0x0800ce0a   0x00000002   PAD
    0x0800ce0c   0x0800ce0c   0x0000008c   Code   RO         1589    i.parse_array       cjson.o
    0x0800ce98   0x0800ce98   0x000000a6   Code   RO         1590    i.parse_hex4        cjson.o
    0x0800cf3e   0x0800cf3e   0x00000002   PAD
    0x0800cf40   0x0800cf40   0x00000194   Code   RO         1591    i.parse_number      cjson.o
    0x0800d0d4   0x0800d0d4   0x000000d4   Code   RO         1592    i.parse_object      cjson.o
    0x0800d1a8   0x0800d1a8   0x00000180   Code   RO         1593    i.parse_string      cjson.o
    0x0800d328   0x0800d328   0x000000b4   Code   RO         1594    i.parse_value       cjson.o
    0x0800d3dc   0x0800d3dc   0x00000070   Code   RO         1351    i.pcf8574_Check     pcf8574.o
    0x0800d44c   0x0800d44c   0x00000048   Code   RO         1352    i.pcf8574_ReadOneByte  pcf8574.o
    0x0800d494   0x0800d494   0x00000024   Code   RO         1353    i.pcf8574_WriteOneByte  pcf8574.o
    0x0800d4b8   0x0800d4b8   0x000001d0   Code   RO         1595    i.print_array       cjson.o
    0x0800d688   0x0800d688   0x000001c8   Code   RO         1596    i.print_number      cjson.o
    0x0800d850   0x0800d850   0x00000374   Code   RO         1597    i.print_object      cjson.o
    0x0800dbc4   0x0800dbc4   0x00000006   Code   RO         1598    i.print_string      cjson.o
    0x0800dbca   0x0800dbca   0x00000002   PAD
    0x0800dbcc   0x0800dbcc   0x0000016c   Code   RO         1599    i.print_string_ptr  cjson.o
    0x0800dd38   0x0800dd38   0x000000bc   Code   RO         1600    i.print_value       cjson.o
    0x0800ddf4   0x0800ddf4   0x000001f8   Code   RO          807    i.resest_server     app.o
    0x0800dfec   0x0800dfec   0x00000104   Code   RO          808    i.resest_wifi       app.o
    0x0800e0f0   0x0800e0f0   0x00000080   Code   RO          809    i.show_zigbee       app.o
    0x0800e170   0x0800e170   0x00000014   Code   RO         1601    i.skip              cjson.o
    0x0800e184   0x0800e184   0x0000006e   Code   RO         6872    i.sqrt              m_wm.l(sqrt.o)
    0x0800e1f2   0x0800e1f2   0x00000002   PAD
    0x0800e1f4   0x0800e1f4   0x00000038   Code   RO         1035    i.time_init         delay.o
    0x0800e22c   0x0800e22c   0x0000007c   Code   RO         1036    i.time_set          delay.o
    0x0800e2a8   0x0800e2a8   0x0000001c   Code   RO         1602    i.update            cjson.o
    0x0800e2c4   0x0800e2c4   0x00004740   Data   RO         1172    .constdata          lcd.o
    0x08012a04   0x08012a04   0x00000007   Data   RO         1603    .constdata          cjson.o
    0x08012a0b   0x08012a0b   0x00000008   Data   RO         3063    .constdata          stm32f4xx_hal_dma.o
    0x08012a13   0x08012a13   0x00000010   Data   RO         6353    .constdata          system_stm32f4xx.o
    0x08012a23   0x08012a23   0x00000008   Data   RO         6354    .constdata          system_stm32f4xx.o
    0x08012a2b   0x08012a2b   0x00000001   PAD
    0x08012a2c   0x08012a2c   0x00000024   Data   RO         6406    .constdata          malloc.o
    0x08012a50   0x08012a50   0x00000088   Data   RO         6496    .constdata          m_wm.l(pow.o)
    0x08012ad8   0x08012ad8   0x00000008   Data   RO         6869    .constdata          m_wm.l(qnan.o)
    0x08012ae0   0x08012ae0   0x00000081   Data   RO         6939    .constdata          mc_w.l(ctype_o.o)
    0x08012b61   0x08012b61   0x00000003   PAD
    0x08012b64   0x08012b64   0x00000004   Data   RO         6940    .constdata          mc_w.l(ctype_o.o)
    0x08012b68   0x08012b68   0x00000020   Data   RO         6977    Region$$Table       anon$$obj.o


    Execution Region RW_IRAM2 (Exec base: 0x10000000, Load base: 0x08012c88, Size: 0x0000ff00, Max: 0x00010000, ABSOLUTE)

    Exec Addr    Load Addr    Size         Type   Attr      Idx    E Section Name        Object

    0x10000000        -       0x0000f000   Zero   RW         6400    .ARM.__AT_0x10000000  malloc.o
    0x1000f000        -       0x00000f00   Zero   RW         6401    .ARM.__AT_0x1000F000  malloc.o


    Execution Region RW_IRAM1 (Exec base: 0x20000000, Load base: 0x08012b88, Size: 0x00019b80, Max: 0x00030000, ABSOLUTE)

    Exec Addr    Load Addr    Size         Type   Attr      Idx    E Section Name        Object

    0x20000000   0x08012b88   0x00000008   Data   RW          356    .data               fmc.o
    0x20000008   0x08012b90   0x00000004   Data   RW          571    .data               usart.o
    0x2000000c   0x08012b94   0x00000001   Data   RW          654    .data               stm32f4xx_it.o
    0x2000000d   0x08012b95   0x00000003   PAD
    0x20000010   0x08012b98   0x00000014   Data   RW          811    .data               app.o
    0x20000024   0x08012bac   0x00000001   Data   RW          876    .data               public.o
    0x20000025   0x08012bad   0x00000001   Data   RW          877    .data               public.o
    0x20000026   0x08012bae   0x00000002   Data   RW          878    .data               public.o
    0x20000028   0x08012bb0   0x00000001   Data   RW          879    .data               public.o
    0x20000029   0x08012bb1   0x00000001   Data   RW          880    .data               public.o
    0x2000002a   0x08012bb2   0x00000006   PAD
    0x20000030   0x08012bb8   0x00000008   Data   RW          881    .data               public.o
    0x20000038   0x08012bc0   0x00000008   Data   RW          882    .data               public.o
    0x20000040   0x08012bc8   0x00000004   Data   RW          883    .data               public.o
    0x20000044   0x08012bcc   0x00000004   Data   RW          884    .data               public.o
    0x20000048   0x08012bd0   0x00000004   Data   RW          885    .data               public.o
    0x2000004c   0x08012bd4   0x00000004   PAD
    0x20000050   0x08012bd8   0x00000008   Data   RW          886    .data               public.o
    0x20000058   0x08012be0   0x00000002   Data   RW          887    .data               public.o
    0x2000005a   0x08012be2   0x00000001   Data   RW          888    .data               public.o
    0x2000005b   0x08012be3   0x00000001   PAD
    0x2000005c   0x08012be4   0x00000004   Data   RW          889    .data               public.o
    0x20000060   0x08012be8   0x00000004   Data   RW          890    .data               public.o
    0x20000064   0x08012bec   0x00000004   Data   RW          891    .data               public.o
    0x20000068   0x08012bf0   0x00000004   Data   RW          892    .data               public.o
    0x2000006c   0x08012bf4   0x00000001   Data   RW          893    .data               public.o
    0x2000006d   0x08012bf5   0x00000003   PAD
    0x20000070   0x08012bf8   0x00000020   Data   RW         1037    .data               delay.o
    0x20000090   0x08012c18   0x00000008   Data   RW         1173    .data               lcd.o
    0x20000098   0x08012c20   0x0000000b   Data   RW         1447    .data               rc522.o
    0x200000a3   0x08012c2b   0x00000001   PAD
    0x200000a4   0x08012c2c   0x0000000c   Data   RW         1604    .data               cjson.o
    0x200000b0   0x08012c38   0x00000002   Data   RW         1919    .data               onenet.o
    0x200000b2   0x08012c3a   0x00000002   PAD
    0x200000b4   0x08012c3c   0x00000008   Data   RW         2074    .data               mqttkit.o
    0x200000bc   0x08012c44   0x00000004   Data   RW         2075    .data               mqttkit.o
    0x200000c0   0x08012c48   0x00000004   Data   RW         2076    .data               mqttkit.o
    0x200000c4   0x08012c4c   0x0000000c   Data   RW         3510    .data               stm32f4xx_hal.o
    0x200000d0   0x08012c58   0x00000004   Data   RW         6355    .data               system_stm32f4xx.o
    0x200000d4   0x08012c5c   0x00000024   Data   RW         6407    .data               malloc.o
    0x200000f8   0x08012c80   0x00000004   Data   RW         6904    .data               mc_w.l(mvars.o)
    0x200000fc   0x08012c84   0x00000004   Data   RW         6909    .data               mc_w.l(errno.o)
    0x20000100        -       0x000000a8   Zero   RW          285    .bss                adc.o
    0x200001a8        -       0x00000084   Zero   RW          355    .bss                fmc.o
    0x2000022c        -       0x00000054   Zero   RW          416    .bss                i2c.o
    0x20000280        -       0x00000058   Zero   RW          458    .bss                spi.o
    0x200002d8        -       0x00000120   Zero   RW          504    .bss                tim.o
    0x200003f8        -       0x0000012c   Zero   RW          570    .bss                usart.o
    0x20000524        -       0x0000029c   Zero   RW          810    .bss                app.o
    0x200007c0        -       0x00000400   Zero   RW          874    .bss                public.o
    0x20000bc0        -       0x000000a0   Zero   RW          875    .bss                public.o
    0x20000c60        -       0x00000034   Zero   RW         1091    .bss                sdram.o
    0x20000c94        -       0x0000005e   Zero   RW         1171    .bss                lcd.o
    0x20000cf2        -       0x00000040   Zero   RW         2070    .bss                mqttkit.o
    0x20000d32        -       0x00000040   Zero   RW         2071    .bss                mqttkit.o
    0x20000d72        -       0x00000040   Zero   RW         2072    .bss                mqttkit.o
    0x20000db2        -       0x00000040   Zero   RW         2073    .bss                mqttkit.o
    0x20000df2   0x08012c88   0x0000000e   PAD
    0x20000e00        -       0x00016800   Zero   RW         6404    .bss                malloc.o
    0x20017600        -       0x00001680   Zero   RW         6405    .bss                malloc.o
    0x20018c80        -       0x00000f00   Zero   RW            1    STACK               startup_stm32f429xx.o



  Load Region LR$$.ARM.__AT_0xC01F4000 (Base: 0xc01f4000, Size: 0x00000000, Max: 0x01c3c000, ABSOLUTE)

    Execution Region ER$$.ARM.__AT_0xC01F4000 (Exec base: 0xc01f4000, Load base: 0xc01f4000, Size: 0x01c3c000, Max: 0x01c3c000, ABSOLUTE, UNINIT)

    Exec Addr    Load Addr    Size         Type   Attr      Idx    E Section Name        Object

    0xc01f4000        -       0x01c3c000   Zero   RW         6402    .ARM.__AT_0xC01F4000  malloc.o



  Load Region LR$$.ARM.__AT_0xC1E30000 (Base: 0xc1e30000, Size: 0x00000000, Max: 0x001c3c00, ABSOLUTE)

    Execution Region ER$$.ARM.__AT_0xC1E30000 (Exec base: 0xc1e30000, Load base: 0xc1e30000, Size: 0x001c3c00, Max: 0x001c3c00, ABSOLUTE, UNINIT)

    Exec Addr    Load Addr    Size         Type   Attr      Idx    E Section Name        Object

    0xc1e30000        -       0x001c3c00   Zero   RW         6403    .ARM.__AT_0xC1E30000  malloc.o


==============================================================================

Image component sizes


      Code (inc. data)   RO Data    RW Data    ZI Data      Debug   Object Name

       312         52          0          0          0       2603   24c02.o
       316         32          0          0        168       1891   adc.o
      2596       1096          0         20        668       4829   app.o
      4500        284          7         12          0      25592   cjson.o
       278         70          0         32          0       3353   delay.o
       448         32          0          0          0       4092   dht11.o
        76          4          0          0          0        846   dma.o
       420         38          0          8        132       2874   fmc.o
       516         32          0          0          0       1307   gpio.o
       196         26          0          0         84       1749   i2c.o
       324        134          0          0          0        837   key_exit.o
     10792        150      18240          8         94      17968   lcd.o
       684        188          0          0          0     804348   main.o
       398         46         36         36   31619456       6608   malloc.o
      2342         56          0         16        256      17428   mqttkit.o
      2700       1248          0          2          0      10104   onenet.o
       252         92          0          0          0       2668   pcf8574.o
         0          0          0         62       1184       1153   public.o
      1372        236          0         11          0      10196   rc522.o
       228         20          0          0         52       2458   sdram.o
       180         24          0          0         88       1737   spi.o
        36          8        428          0       3840        848   startup_stm32f429xx.o
       180         28          0         12          0       9665   stm32f4xx_hal.o
      1224         72          0          0          0       7597   stm32f4xx_hal_adc.o
       222         14          0          0          0      34677   stm32f4xx_hal_cortex.o
      1084         16          8          0          0       7466   stm32f4xx_hal_dma.o
       624         60          0          0          0       4211   stm32f4xx_hal_gpio.o
      3346         86          0          0          0      17801   stm32f4xx_hal_i2c.o
       128          0          0          0          0       1895   stm32f4xx_hal_i2c_ex.o
        52          4          0          0          0        894   stm32f4xx_hal_msp.o
       112         14          0          0          0       1312   stm32f4xx_hal_pwr_ex.o
      1348         76          0          0          0       5312   stm32f4xx_hal_rcc.o
       172          0          0          0          0       2896   stm32f4xx_hal_sdram.o
       818         12          0          0          0       4678   stm32f4xx_hal_spi.o
        92          0          0          0          0       1244   stm32f4xx_hal_sram.o
      2190        166          0          0          0      19110   stm32f4xx_hal_tim.o
       148         28          0          0          0       2505   stm32f4xx_hal_tim_ex.o
      2136         30          0          0          0      16281   stm32f4xx_hal_uart.o
       546        166          0          1          0      10717   stm32f4xx_it.o
       650         24          0          0          0       7348   stm32f4xx_ll_fmc.o
        16          4         24          4          0       1163   system_stm32f4xx.o
       820         70          0          0        288       4835   tim.o
       504         66          0          4        300       5071   usart.o
       908        402          0          0          0       4514   wifi.o

    ----------------------------------------------------------------------
     46334       5206      18776        248   31626624    1096681   Object Totals
         0          0         32          0          0          0   (incl. Generated)
        48          0          1         20         14          0   (incl. Padding)

    ----------------------------------------------------------------------

      Code (inc. data)   RO Data    RW Data    ZI Data      Debug   Library Member Name

       164         44          0          0          0        620   dunder.o
        44          0          0          0          0        248   fabs.o
       280         28          0          0          0        156   floor.o
        48          0          0          0          0        124   fpclassify.o
       248          0          0          0          0        152   poly.o
      3152        296        136          0          0        352   pow.o
         0          0          8          0          0          0   qnan.o
       110          0          0          0          0        148   sqrt.o
        56          8          0          0          0         84   __0sscanf.o
        28          0          0          0          0         68   _chval.o
       812          4          0          0          0        112   _scanf.o
       332          0          0          0          0         96   _scanf_int.o
        64          0          0          0          0         84   _sgetc.o
       158          0          0          0          0         92   _strtoul.o
        26          0          0          0          0         80   atoi.o
         8          4        133          0          0         68   ctype_o.o
         0          0          0          0          0          0   entry.o
         0          0          0          0          0          0   entry10a.o
         0          0          0          0          0          0   entry11a.o
         8          4          0          0          0          0   entry2.o
         4          0          0          0          0          0   entry5.o
         0          0          0          0          0          0   entry7b.o
         0          0          0          0          0          0   entry8b.o
         8          4          0          0          0          0   entry9a.o
        20         10          0          4          0        136   errno.o
        30          0          0          0          0          0   handlers.o
        36          8          0          0          0         68   init.o
        18          0          0          0          0         76   isspace_o.o
         0          0          0          0          0          0   iusefp.o
        30          0          0          0          0         68   llshl.o
        36          0          0          0          0         68   llsshr.o
        32          0          0          0          0         68   llushr.o
        80          4          0          0          0         76   malloc.o
        36          0          0          0          0         68   memcpya.o
        36          0          0          0          0        108   memseta.o
         0          0          0          4          0          0   mvars.o
      2308         96          0          0          0        604   printfa.o
        40          8          0          0          0         84   scanf_char.o
       878         12          0          0          0        216   scanf_fp.o
        20          0          0          0          0         68   strchr.o
        18          0          0          0          0         68   strcpy.o
        14          0          0          0          0         68   strlen.o
        40          0          0          0          0         76   strncat.o
        30          0          0          0          0         80   strncmp.o
        36          0          0          0          0         80   strstr.o
       112          0          0          0          0         88   strtol.o
        12          0          0          0          0         68   tolower.o
        44          0          0          0          0         80   uidiv.o
        98          0          0          0          0         92   uldiv.o
        48          0          0          0          0         68   cdcmple.o
        48          0          0          0          0         68   cdrcmple.o
        56          0          0          0          0         88   d2f.o
       334          0          0          0          0        148   dadd.o
       222          0          0          0          0        100   ddiv.o
       186          0          0          0          0        176   depilogue.o
        62          0          0          0          0         80   dfixi.o
        50          0          0          0          0         76   dfixui.o
        48          0          0          0          0         68   dfixul.o
        34          0          0          0          0         76   dflti.o
        26          0          0          0          0         76   dfltui.o
        24          0          0          0          0         76   dfltul.o
       228          0          0          0          0         96   dmul.o
        46          0          0          0          0         80   dscalb.o
       162          0          0          0          0        100   dsqrt.o
        38          0          0          0          0         68   f2d.o
       110          0          0          0          0        168   fepilogue.o

    ----------------------------------------------------------------------
     11290        530        280          8          0       6504   Library Totals
        14          0          3          0          0          0   (incl. Padding)

    ----------------------------------------------------------------------

      Code (inc. data)   RO Data    RW Data    ZI Data      Debug   Library Name

      4046        368        144          0          0       1800   m_wm.l
      5508        162        133          8          0       3092   mc_w.l
      1722          0          0          0          0       1612   mf_w.l

    ----------------------------------------------------------------------
     11290        530        280          8          0       6504   Library Totals

    ----------------------------------------------------------------------

==============================================================================


      Code (inc. data)   RO Data    RW Data    ZI Data      Debug   

     57624       5736      19056        256   31626624    1071637   Grand Totals
     57624       5736      19056        256   31626624    1071637   ELF Image Totals
     57624       5736      19056        256          0          0   ROM Totals

==============================================================================

    Total RO  Size (Code + RO Data)                76680 (  74.88kB)
    Total RW  Size (RW Data + ZI Data)          31626880 (30885.63kB)
    Total ROM Size (Code + RO Data + RW Data)      76936 (  75.13kB)

==============================================================================

