Component: ARM Compiler 5.06 update 6 (build 750) Tool: armlink [4d35ed]

==============================================================================

Section Cross References

    startup_stm32f429xx.o(STACK) refers (Special) to heapauxi.o(.text) for __use_two_region_memory
    startup_stm32f429xx.o(HEAP) refers (Special) to heapauxi.o(.text) for __use_two_region_memory
    startup_stm32f429xx.o(RESET) refers (Special) to heapauxi.o(.text) for __use_two_region_memory
    startup_stm32f429xx.o(RESET) refers to startup_stm32f429xx.o(STACK) for __initial_sp
    startup_stm32f429xx.o(RESET) refers to startup_stm32f429xx.o(.text) for Reset_Handler
    startup_stm32f429xx.o(RESET) refers to stm32f4xx_it.o(i.NMI_Handler) for NMI_Handler
    startup_stm32f429xx.o(RESET) refers to stm32f4xx_it.o(i.HardFault_Handler) for HardFault_Handler
    startup_stm32f429xx.o(RESET) refers to stm32f4xx_it.o(i.MemManage_Handler) for MemManage_Handler
    startup_stm32f429xx.o(RESET) refers to stm32f4xx_it.o(i.BusFault_Handler) for BusFault_Handler
    startup_stm32f429xx.o(RESET) refers to stm32f4xx_it.o(i.UsageFault_Handler) for UsageFault_Handler
    startup_stm32f429xx.o(RESET) refers to port.o(.emb_text) for SVC_Handler
    startup_stm32f429xx.o(RESET) refers to stm32f4xx_it.o(i.DebugMon_Handler) for DebugMon_Handler
    startup_stm32f429xx.o(RESET) refers to cmsis_os2.o(i.SysTick_Handler) for SysTick_Handler
    startup_stm32f429xx.o(RESET) refers to stm32f4xx_it.o(i.DMA1_Stream1_IRQHandler) for DMA1_Stream1_IRQHandler
    startup_stm32f429xx.o(RESET) refers to stm32f4xx_it.o(i.DMA1_Stream6_IRQHandler) for DMA1_Stream6_IRQHandler
    startup_stm32f429xx.o(RESET) refers to stm32f4xx_it.o(i.TIM1_UP_TIM10_IRQHandler) for TIM1_UP_TIM10_IRQHandler
    startup_stm32f429xx.o(RESET) refers to stm32f4xx_it.o(i.USART3_IRQHandler) for USART3_IRQHandler
    startup_stm32f429xx.o(RESET) refers to stm32f4xx_it.o(i.TIM8_BRK_TIM12_IRQHandler) for TIM8_BRK_TIM12_IRQHandler
    startup_stm32f429xx.o(RESET) refers to stm32f4xx_it.o(i.TIM8_TRG_COM_TIM14_IRQHandler) for TIM8_TRG_COM_TIM14_IRQHandler
    startup_stm32f429xx.o(RESET) refers to stm32f4xx_it.o(i.DMA2_Stream0_IRQHandler) for DMA2_Stream0_IRQHandler
    startup_stm32f429xx.o(RESET) refers to stm32f4xx_it.o(i.DMA2_Stream6_IRQHandler) for DMA2_Stream6_IRQHandler
    startup_stm32f429xx.o(.text) refers (Special) to heapauxi.o(.text) for __use_two_region_memory
    startup_stm32f429xx.o(.text) refers to system_stm32f4xx.o(i.SystemInit) for SystemInit
    startup_stm32f429xx.o(.text) refers to __main.o(!!!main) for __main
    startup_stm32f429xx.o(.text) refers to startup_stm32f429xx.o(HEAP) for Heap_Mem
    startup_stm32f429xx.o(.text) refers to startup_stm32f429xx.o(STACK) for Stack_Mem
    main.o(i.HAL_TIM_PeriodElapsedCallback) refers to stm32f4xx_hal_gpio.o(i.HAL_GPIO_TogglePin) for HAL_GPIO_TogglePin
    main.o(i.HAL_TIM_PeriodElapsedCallback) refers to delay.o(i.time_set) for time_set
    main.o(i.HAL_TIM_PeriodElapsedCallback) refers to stm32f4xx_hal_iwdg.o(i.HAL_IWDG_Refresh) for HAL_IWDG_Refresh
    main.o(i.HAL_TIM_PeriodElapsedCallback) refers to onenet.o(i.OneNet_Send_Device_ID_Data) for OneNet_Send_Device_ID_Data
    main.o(i.HAL_TIM_PeriodElapsedCallback) refers to onenet.o(i.OneNet_SendData) for OneNet_SendData
    main.o(i.HAL_TIM_PeriodElapsedCallback) refers to pcf8574.o(i.PCF8574_WriteBit) for PCF8574_WriteBit
    main.o(i.HAL_TIM_PeriodElapsedCallback) refers to stm32f4xx_hal_tim.o(i.HAL_TIM_Base_Stop_IT) for HAL_TIM_Base_Stop_IT
    main.o(i.HAL_TIM_PeriodElapsedCallback) refers to stm32f4xx_hal.o(i.HAL_IncTick) for HAL_IncTick
    main.o(i.HAL_TIM_PeriodElapsedCallback) refers to hc-sr04.o(i.Hcsr04TimOverflowIsr) for Hcsr04TimOverflowIsr
    main.o(i.HAL_TIM_PeriodElapsedCallback) refers to main.o(.data) for .data
    main.o(i.HAL_TIM_PeriodElapsedCallback) refers to delay.o(.data) for time_flag
    main.o(i.HAL_TIM_PeriodElapsedCallback) refers to public.o(.data) for state
    main.o(i.HAL_TIM_PeriodElapsedCallback) refers to public.o(.data) for Water_leve_flag
    main.o(i.HAL_TIM_PeriodElapsedCallback) refers to public.o(.data) for Water_c
    main.o(i.HAL_TIM_PeriodElapsedCallback) refers to public.o(.data) for Hot_flag
    main.o(i.HAL_TIM_PeriodElapsedCallback) refers to public.o(.data) for Water_Hot
    main.o(i.HAL_TIM_PeriodElapsedCallback) refers to public.o(.data) for Water_switch
    main.o(i.HAL_TIM_PeriodElapsedCallback) refers to public.o(.data) for Water_flow
    main.o(i.HAL_TIM_PeriodElapsedCallback) refers to public.o(.data) for Water_all
    main.o(i.HAL_TIM_PeriodElapsedCallback) refers to public.o(.data) for Water_one_all
    main.o(i.HAL_TIM_PeriodElapsedCallback) refers to public.o(.data) for net_connect
    main.o(i.HAL_TIM_PeriodElapsedCallback) refers to iwdg.o(.bss) for hiwdg
    main.o(i.HAL_TIM_PeriodElapsedCallback) refers to public.o(.data) for tem_flag
[...]
    0x0800029a   0x0800029a   0x00000000   Code   RO         9500    .ARM.Collect$$libinit$$00000013  c_w.l(libinit2.o)
    0x0800029a   0x0800029a   0x00000000   Code   RO         9502    .ARM.Collect$$libinit$$00000015  c_w.l(libinit2.o)
    0x0800029a   0x0800029a   0x0000000a   Code   RO         9503    .ARM.Collect$$libinit$$00000016  c_w.l(libinit2.o)
    0x080002a4   0x080002a4   0x00000000   Code   RO         9504    .ARM.Collect$$libinit$$00000017  c_w.l(libinit2.o)
    0x080002a4   0x080002a4   0x00000000   Code   RO         9506    .ARM.Collect$$libinit$$00000019  c_w.l(libinit2.o)
    0x080002a4   0x080002a4   0x00000000   Code   RO         9508    .ARM.Collect$$libinit$$0000001B  c_w.l(libinit2.o)
    0x080002a4   0x080002a4   0x00000000   Code   RO         9510    .ARM.Collect$$libinit$$0000001D  c_w.l(libinit2.o)
    0x080002a4   0x080002a4   0x00000000   Code   RO         9512    .ARM.Collect$$libinit$$0000001F  c_w.l(libinit2.o)
    0x080002a4   0x080002a4   0x00000000   Code   RO         9514    .ARM.Collect$$libinit$$00000021  c_w.l(libinit2.o)
    0x080002a4   0x080002a4   0x00000000   Code   RO         9516    .ARM.Collect$$libinit$$00000023  c_w.l(libinit2.o)
    0x080002a4   0x080002a4   0x00000000   Code   RO         9518    .ARM.Collect$$libinit$$00000025  c_w.l(libinit2.o)
    0x080002a4   0x080002a4   0x00000000   Code   RO         9522    .ARM.Collect$$libinit$$0000002C  c_w.l(libinit2.o)
    0x080002a4   0x080002a4   0x00000000   Code   RO         9524    .ARM.Collect$$libinit$$0000002E  c_w.l(libinit2.o)
    0x080002a4   0x080002a4   0x00000000   Code   RO         9526    .ARM.Collect$$libinit$$00000030  c_w.l(libinit2.o)
    0x080002a4   0x080002a4   0x00000000   Code   RO         9528    .ARM.Collect$$libinit$$00000032  c_w.l(libinit2.o)
    0x080002a4   0x080002a4   0x00000002   Code   RO         9529    .ARM.Collect$$libinit$$00000033  c_w.l(libinit2.o)
    0x080002a6   0x080002a6   0x00000002   Code   RO         9599    .ARM.Collect$$libshutdown$$00000000  c_w.l(libshutdown.o)
    0x080002a8   0x080002a8   0x00000000   Code   RO         9618    .ARM.Collect$$libshutdown$$00000002  c_w.l(libshutdown2.o)
    0x080002a8   0x080002a8   0x00000000   Code   RO         9620    .ARM.Collect$$libshutdown$$00000004  c_w.l(libshutdown2.o)
    0x080002a8   0x080002a8   0x00000000   Code   RO         9623    .ARM.Collect$$libshutdown$$00000007  c_w.l(libshutdown2.o)
    0x080002a8   0x080002a8   0x00000000   Code   RO         9626    .ARM.Collect$$libshutdown$$0000000A  c_w.l(libshutdown2.o)
    0x080002a8   0x080002a8   0x00000000   Code   RO         9628    .ARM.Collect$$libshutdown$$0000000C  c_w.l(libshutdown2.o)
    0x080002a8   0x080002a8   0x00000000   Code   RO         9631    .ARM.Collect$$libshutdown$$0000000F  c_w.l(libshutdown2.o)
    0x080002a8   0x080002a8   0x00000002   Code   RO         9632    .ARM.Collect$$libshutdown$$00000010  c_w.l(libshutdown2.o)
    0x080002aa   0x080002aa   0x00000000   Code   RO         9286    .ARM.Collect$$rtentry$$00000000  c_w.l(__rtentry.o)
    0x080002aa   0x080002aa   0x00000000   Code   RO         9373    .ARM.Collect$$rtentry$$00000002  c_w.l(__rtentry2.o)
    0x080002aa   0x080002aa   0x00000006   Code   RO         9385    .ARM.Collect$$rtentry$$00000004  c_w.l(__rtentry4.o)
    0x080002b0   0x080002b0   0x00000000   Code   RO         9375    .ARM.Collect$$rtentry$$00000009  c_w.l(__rtentry2.o)
    0x080002b0   0x080002b0   0x00000004   Code   RO         9376    .ARM.Collect$$rtentry$$0000000A  c_w.l(__rtentry2.o)
    0x080002b4   0x080002b4   0x00000000   Code   RO         9378    .ARM.Collect$$rtentry$$0000000C  c_w.l(__rtentry2.o)
    0x080002b4   0x080002b4   0x00000008   Code   RO         9379    .ARM.Collect$$rtentry$$0000000D  c_w.l(__rtentry2.o)
    0x080002bc   0x080002bc   0x00000002   Code   RO         9538    .ARM.Collect$$rtexit$$00000000  c_w.l(rtexit.o)
    0x080002be   0x080002be   0x00000000   Code   RO         9571    .ARM.Collect$$rtexit$$00000002  c_w.l(rtexit2.o)
    0x080002be   0x080002be   0x00000004   Code   RO         9572    .ARM.Collect$$rtexit$$00000003  c_w.l(rtexit2.o)
    0x080002c2   0x080002c2   0x00000006   Code   RO         9573    .ARM.Collect$$rtexit$$00000004  c_w.l(rtexit2.o)
    0x080002c8   0x080002c8   0x000000be   Code   RO         9036    .emb_text           port.o
    0x08000386   0x08000386   0x00000002   PAD
    0x08000388   0x08000388   0x00000040   Code   RO            4    .text               startup_stm32f429xx.o
    0x080003c8   0x080003c8   0x00000002   Code   RO         9115    .text               c_w.l(use_no_semi_2.o)
    0x080003ca   0x080003ca   0x000000ee   Code   RO         9117    .text               c_w.l(lludivv7m.o)
    0x080004b8   0x080004b8   0x0000001a   Code   RO         9119    .text               c_w.l(tolower.o)
    0x080004d2   0x080004d2   0x00000002   PAD
    0x080004d4   0x080004d4   0x00000018   Code   RO         9125    .text               c_w.l(noretval__2printf.o)
    0x080004ec   0x080004ec   0x00000028   Code   RO         9127    .text               c_w.l(noretval__2sprintf.o)
    0x08000514   0x08000514   0x0000004e   Code   RO         9131    .text               c_w.l(_printf_pad.o)
    0x08000562   0x08000562   0x00000052   Code   RO         9133    .text               c_w.l(_printf_str.o)
    0x080005b4   0x080005b4   0x00000078   Code   RO         9135    .text               c_w.l(_printf_dec.o)
    0x0800062c   0x0800062c   0x00000058   Code   RO         9140    .text               c_w.l(_printf_hex_int.o)
    0x08000684   0x08000684   0x00000138   Code   RO         9170    .text               c_w.l(__printf_flags_wp.o)
    0x080007bc   0x080007bc   0x0000003c   Code   RO         9184    .text               c_w.l(__0sscanf.o)
    0x080007f8   0x080007f8   0x0000014c   Code   RO         9186    .text               c_w.l(_scanf_int.o)
    0x08000944   0x08000944   0x0000001a   Code   RO         9188    .text               c_w.l(atoi.o)
    0x0800095e   0x0800095e   0x00000014   Code   RO         9190    .text               c_w.l(strchr.o)
    0x08000972   0x08000972   0x00000024   Code   RO         9192    .text               c_w.l(strncat.o)
    0x08000996   0x08000996   0x00000024   Code   RO         9194    .text               c_w.l(strstr.o)
    0x080009ba   0x080009ba   0x00000048   Code   RO         9196    .text               c_w.l(strcpy.o)
    0x08000a02   0x08000a02   0x0000003e   Code   RO         9198    .text               c_w.l(strlen.o)
    0x08000a40   0x08000a40   0x00000096   Code   RO         9200    .text               c_w.l(strncmp.o)
    0x08000ad6   0x08000ad6   0x0000008a   Code   RO         9202    .text               c_w.l(rt_memcpy_v6.o)
    0x08000b60   0x08000b60   0x00000064   Code   RO         9204    .text               c_w.l(rt_memcpy_w.o)
    0x08000bc4   0x08000bc4   0x00000010   Code   RO         9208    .text               c_w.l(aeabi_memset.o)
    0x08000bd4   0x08000bd4   0x00000044   Code   RO         9210    .text               c_w.l(rt_memclr.o)
    0x08000c18   0x08000c18   0x0000004e   Code   RO         9212    .text               c_w.l(rt_memclr_w.o)
    0x08000c66   0x08000c66   0x00000006   Code   RO         9214    .text               c_w.l(heapauxi.o)
    0x08000c6c   0x08000c6c   0x00000002   Code   RO         9284    .text               c_w.l(use_no_semi.o)
    0x08000c6e   0x08000c6e   0x00000002   PAD
    0x08000c70   0x08000c70   0x00000010   Code   RO         9287    .text               c_w.l(rt_ctype_table.o)
    0x08000c80   0x08000c80   0x00000008   Code   RO         9296    .text               c_w.l(rt_errno_addr_intlibspace.o)
    0x08000c88   0x08000c88   0x00000016   Code   RO         9298    .text               c_w.l(_rserrno.o)
    0x08000c9e   0x08000c9e   0x000000b2   Code   RO         9300    .text               c_w.l(_printf_intcommon.o)
    0x08000d50   0x08000d50   0x0000041e   Code   RO         9302    .text               c_w.l(_printf_fp_dec.o)
    0x0800116e   0x0800116e   0x00000002   PAD
    0x08001170   0x08001170   0x00000030   Code   RO         9304    .text               c_w.l(_printf_char_common.o)
    0x080011a0   0x080011a0   0x0000000a   Code   RO         9306    .text               c_w.l(_sputc.o)
    0x080011aa   0x080011aa   0x0000002c   Code   RO         9308    .text               c_w.l(_printf_char.o)
    0x080011d6   0x080011d6   0x00000002   PAD
    0x080011d8   0x080011d8   0x00000024   Code   RO         9310    .text               c_w.l(_printf_char_file.o)
    0x080011fc   0x080011fc   0x0000001c   Code   RO         9313    .text               c_w.l(_chval.o)
    0x08001218   0x08001218   0x000004f8   Code   RO         9315    .text               c_w.l(scanf_fp.o)
    0x08001710   0x08001710   0x0000002c   Code   RO         9317    .text               c_w.l(scanf_char.o)
    0x0800173c   0x0800173c   0x00000040   Code   RO         9319    .text               c_w.l(_sgetc.o)
    0x0800177c   0x0800177c   0x00000070   Code   RO         9321    .text               c_w.l(strtol.o)
    0x080017ec   0x080017ec   0x00000008   Code   RO         9369    .text               c_w.l(libspace.o)
    0x080017f4   0x080017f4   0x00000008   Code   RO         9392    .text               c_w.l(rt_locale_intlibspace.o)
    0x080017fc   0x080017fc   0x0000008a   Code   RO         9394    .text               c_w.l(lludiv10.o)
    0x08001886   0x08001886   0x00000012   Code   RO         9396    .text               c_w.l(isspace.o)
    0x08001898   0x08001898   0x00000080   Code   RO         9398    .text               c_w.l(_printf_fp_infnan.o)
    0x08001918   0x08001918   0x00000374   Code   RO         9402    .text               c_w.l(_scanf.o)
    0x08001c8c   0x08001c8c   0x0000009e   Code   RO         9404    .text               c_w.l(_strtoul.o)
    0x08001d2a   0x08001d2a   0x00000002   PAD
    0x08001d2c   0x08001d2c   0x000000e4   Code   RO         9406    .text               c_w.l(bigflt0.o)
    0x08001e10   0x08001e10   0x00000008   Code   RO         9431    .text               c_w.l(ferror.o)
    0x08001e18   0x08001e18   0x0000004a   Code   RO         9465    .text               c_w.l(sys_stackheap_outer.o)
    0x08001e62   0x08001e62   0x00000002   PAD
    0x08001e64   0x08001e64   0x00000320   Code   RO         9467    .text               c_w.l(scanf_hexfp.o)
    0x08002184   0x08002184   0x00000134   Code   RO         9469    .text               c_w.l(scanf_infnan.o)
    0x080022b8   0x080022b8   0x00000012   Code   RO         9471    .text               c_w.l(exit.o)
    0x080022ca   0x080022ca   0x00000002   PAD
    0x080022cc   0x080022cc   0x00000080   Code   RO         9477    .text               c_w.l(strcmpv7m.o)
    0x0800234c   0x0800234c   0x00000026   Code   RO         9542    .text               c_w.l(llshl.o)
    0x08002372   0x08002372   0x0000003e   Code   RO         9409    CL$$btod_d2e        c_w.l(btod.o)
    0x080023b0   0x080023b0   0x00000046   Code   RO         9411    CL$$btod_d2e_denorm_low  c_w.l(btod.o)
    0x080023f6   0x080023f6   0x00000060   Code   RO         9410    CL$$btod_d2e_norm_op1  c_w.l(btod.o)
    0x08002456   0x08002456   0x00000338   Code   RO         9419    CL$$btod_div_common  c_w.l(btod.o)
    0x0800278e   0x0800278e   0x00000002   PAD
    0x08002790   0x08002790   0x00000084   Code   RO         9417    CL$$btod_e2d        c_w.l(btod.o)
    0x08002814   0x08002814   0x000000dc   Code   RO         9416    CL$$btod_e2e        c_w.l(btod.o)
    0x080028f0   0x080028f0   0x0000002a   Code   RO         9413    CL$$btod_ediv       c_w.l(btod.o)
    0x0800291a   0x0800291a   0x0000002a   Code   RO         9415    CL$$btod_edivd      c_w.l(btod.o)
    0x08002944   0x08002944   0x0000002a   Code   RO         9412    CL$$btod_emul       c_w.l(btod.o)
    0x0800296e   0x0800296e   0x0000002a   Code   RO         9414    CL$$btod_emuld      c_w.l(btod.o)
    0x08002998   0x08002998   0x00000244   Code   RO         9418    CL$$btod_mult_common  c_w.l(btod.o)
    0x08002bdc   0x08002bdc   0x0000006e   Code   RO         3221    i.ADC_DMAConvCplt   stm32f4xx_hal_adc.o
    0x08002c4a   0x08002c4a   0x00000016   Code   RO         3222    i.ADC_DMAError      stm32f4xx_hal_adc.o
    0x08002c60   0x08002c60   0x0000000a   Code   RO         3223    i.ADC_DMAHalfConvCplt  stm32f4xx_hal_adc.o
    0x08002c6a   0x08002c6a   0x00000002   PAD
    0x08002c6c   0x08002c6c   0x00000128   Code   RO         3224    i.ADC_Init          stm32f4xx_hal_adc.o
    0x08002d94   0x08002d94   0x00000054   Code   RO         1320    i.AT24C02_Check     24c02.o
    0x08002de8   0x08002de8   0x00000024   Code   RO         1321    i.AT24C02_read      24c02.o
    0x08002e0c   0x08002e0c   0x000000c0   Code   RO         1322    i.AT24C02_write     24c02.o
    0x08002ecc   0x08002ecc   0x00000002   Code   RO          839    i.BusFault_Handler  stm32f4xx_it.o
    0x08002ece   0x08002ece   0x00000002   PAD
    0x08002ed0   0x08002ed0   0x00000064   Code   RO         1438    i.DHT11_Check       dht11.o
    0x08002f34   0x08002f34   0x0000000e   Code   RO         1439    i.DHT11_Init        dht11.o
    0x08002f42   0x08002f42   0x00000002   PAD
    0x08002f44   0x08002f44   0x0000003c   Code   RO         1443    i.DHT11_Rst         dht11.o
    0x08002f80   0x08002f80   0x0000000c   Code   RO          840    i.DMA1_Stream1_IRQHandler  stm32f4xx_it.o
    0x08002f8c   0x08002f8c   0x0000000c   Code   RO          841    i.DMA1_Stream6_IRQHandler  stm32f4xx_it.o
    0x08002f98   0x08002f98   0x0000000c   Code   RO          842    i.DMA2_Stream0_IRQHandler  stm32f4xx_it.o
    0x08002fa4   0x08002fa4   0x0000000c   Code   RO          843    i.DMA2_Stream6_IRQHandler  stm32f4xx_it.o
    0x08002fb0   0x08002fb0   0x00000028   Code   RO         4010    i.DMA_CalcBaseAndBitshift  stm32f4xx_hal_dma.o
    0x08002fd8   0x08002fd8   0x00000054   Code   RO         4011    i.DMA_CheckFifoParam  stm32f4xx_hal_dma.o
    0x0800302c   0x0800302c   0x00000028   Code   RO         4012    i.DMA_SetConfig     stm32f4xx_hal_dma.o
    0x08003054   0x08003054   0x00000060   Code   RO         2313    i.DS18B20_2_Check   ds18b20_2.o
    0x080030b4   0x080030b4   0x00000064   Code   RO         2314    i.DS18B20_2_Get_Temp  ds18b20_2.o
    0x08003118   0x08003118   0x00000044   Code   RO         2315    i.DS18B20_2_Init    ds18b20_2.o
    0x0800315c   0x0800315c   0x0000005c   Code   RO         2316    i.DS18B20_2_Read_Bit  ds18b20_2.o
    0x080031b8   0x080031b8   0x00000020   Code   RO         2317    i.DS18B20_2_Read_Byte  ds18b20_2.o
    0x080031d8   0x080031d8   0x00000040   Code   RO         2318    i.DS18B20_2_Rst     ds18b20_2.o
    0x08003218   0x08003218   0x0000001a   Code   RO         2319    i.DS18B20_2_Start   ds18b20_2.o
    0x08003232   0x08003232   0x00000002   PAD
    0x08003234   0x08003234   0x00000060   Code   RO         2320    i.DS18B20_2_Write_Byte  ds18b20_2.o
    0x08003294   0x08003294   0x00000060   Code   RO         2248    i.DS18B20_Check     ds18b20.o
    0x080032f4   0x080032f4   0x00000064   Code   RO         2249    i.DS18B20_Get_Temp  ds18b20.o
    0x08003358   0x08003358   0x00000044   Code   RO         2250    i.DS18B20_Init      ds18b20.o
    0x0800339c   0x0800339c   0x0000005c   Code   RO         2251    i.DS18B20_Read_Bit  ds18b20.o
    0x080033f8   0x080033f8   0x00000020   Code   RO         2252    i.DS18B20_Read_Byte  ds18b20.o
    0x08003418   0x08003418   0x00000040   Code   RO         2253    i.DS18B20_Rst       ds18b20.o
    0x08003458   0x08003458   0x0000001a   Code   RO         2254    i.DS18B20_Start     ds18b20.o
    0x08003472   0x08003472   0x00000002   PAD
    0x08003474   0x08003474   0x00000060   Code   RO         2255    i.DS18B20_Write_Byte  ds18b20.o
    0x080034d4   0x080034d4   0x00000002   Code   RO          844    i.DebugMon_Handler  stm32f4xx_it.o
    0x080034d6   0x080034d6   0x00000002   PAD
    0x080034d8   0x080034d8   0x0000001c   Code   RO         3068    i.ESP8266_Clear     wifi.o
    0x080034f4   0x080034f4   0x00000038   Code   RO         3069    i.ESP8266_GetIPD    wifi.o
    0x0800352c   0x0800352c   0x00000250   Code   RO         3070    i.ESP8266_Init      wifi.o
    0x0800377c   0x0800377c   0x000000b4   Code   RO         3071    i.ESP8266_SendCmd   wifi.o
    0x08003830   0x08003830   0x00000114   Code   RO         3072    i.ESP8266_SendData  wifi.o
    0x08003944   0x08003944   0x00000004   Code   RO           13    i.Error_Handler     main.o
    0x08003948   0x08003948   0x0000003c   Code   RO         4721    i.FMC_NORSRAM_Extended_Timing_Init  stm32f4xx_ll_fmc.o
    0x08003984   0x08003984   0x00000080   Code   RO         4722    i.FMC_NORSRAM_Init  stm32f4xx_ll_fmc.o
    0x08003a04   0x08003a04   0x00000064   Code   RO         4723    i.FMC_NORSRAM_Timing_Init  stm32f4xx_ll_fmc.o
    0x08003a68   0x08003a68   0x00000066   Code   RO         4733    i.FMC_SDRAM_Init    stm32f4xx_ll_fmc.o
    0x08003ace   0x08003ace   0x00000012   Code   RO         4734    i.FMC_SDRAM_ProgramRefreshRate  stm32f4xx_ll_fmc.o
    0x08003ae0   0x08003ae0   0x0000004e   Code   RO         4735    i.FMC_SDRAM_SendCommand  stm32f4xx_ll_fmc.o
    0x08003b2e   0x08003b2e   0x00000002   PAD
    0x08003b30   0x08003b30   0x000000a4   Code   RO         4737    i.FMC_SDRAM_Timing_Init  stm32f4xx_ll_fmc.o
    0x08003bd4   0x08003bd4   0x0000017c   Code   RO         2967    i.Full_Json         onenet.o
    0x08003d50   0x08003d50   0x00000098   Code   RO         2069    i.Get_HzMat         text.o
    0x08003de8   0x08003de8   0x00000164   Code   RO         3226    i.HAL_ADC_ConfigChannel  stm32f4xx_hal_adc.o
    0x08003f4c   0x08003f4c   0x00000002   Code   RO         3227    i.HAL_ADC_ConvCpltCallback  stm32f4xx_hal_adc.o
    0x08003f4e   0x08003f4e   0x00000002   Code   RO         3228    i.HAL_ADC_ConvHalfCpltCallback  stm32f4xx_hal_adc.o
    0x08003f50   0x08003f50   0x00000002   Code   RO         3230    i.HAL_ADC_ErrorCallback  stm32f4xx_hal_adc.o
    0x08003f52   0x08003f52   0x00000054   Code   RO         3235    i.HAL_ADC_Init      stm32f4xx_hal_adc.o
    0x08003fa6   0x08003fa6   0x00000002   PAD
    0x08003fa8   0x08003fa8   0x0000009c   Code   RO          422    i.HAL_ADC_MspInit   adc.o
    0x08004044   0x08004044   0x00000154   Code   RO         3242    i.HAL_ADC_Start_DMA  stm32f4xx_hal_adc.o
    0x08004198   0x08004198   0x00000092   Code   RO         4013    i.HAL_DMA_Abort     stm32f4xx_hal_dma.o
    0x0800422a   0x0800422a   0x00000024   Code   RO         4014    i.HAL_DMA_Abort_IT  stm32f4xx_hal_dma.o
    0x0800424e   0x0800424e   0x00000002   PAD
    0x08004250   0x08004250   0x000001a0   Code   RO         4018    i.HAL_DMA_IRQHandler  stm32f4xx_hal_dma.o
    0x080043f0   0x080043f0   0x000000d4   Code   RO         4019    i.HAL_DMA_Init      stm32f4xx_hal_dma.o
    0x080044c4   0x080044c4   0x0000006e   Code   RO         4023    i.HAL_DMA_Start_IT  stm32f4xx_hal_dma.o
    0x08004532   0x08004532   0x00000002   PAD
    0x08004534   0x08004534   0x00000018   Code   RO         1360    i.HAL_Delay         delay.o
    0x0800454c   0x0800454c   0x000000c0   Code   RO          488    i.HAL_FMC_MspInit   fmc.o
    0x0800460c   0x0800460c   0x00000234   Code   RO         3906    i.HAL_GPIO_Init     stm32f4xx_hal_gpio.o
    0x08004840   0x08004840   0x0000000a   Code   RO         3908    i.HAL_GPIO_ReadPin  stm32f4xx_hal_gpio.o
    0x0800484a   0x0800484a   0x00000010   Code   RO         3909    i.HAL_GPIO_TogglePin  stm32f4xx_hal_gpio.o
    0x0800485a   0x0800485a   0x0000000a   Code   RO         3910    i.HAL_GPIO_WritePin  stm32f4xx_hal_gpio.o
    0x08004864   0x08004864   0x0000000c   Code   RO         4458    i.HAL_GetTick       stm32f4xx_hal.o
    0x08004870   0x08004870   0x00000042   Code   RO         5631    i.HAL_I2CEx_ConfigAnalogFilter  stm32f4xx_hal_i2c_ex.o
    0x080048b2   0x080048b2   0x0000003e   Code   RO         5632    i.HAL_I2CEx_ConfigDigitalFilter  stm32f4xx_hal_i2c_ex.o
    0x080048f0   0x080048f0   0x00000188   Code   RO         5210    i.HAL_I2C_Init      stm32f4xx_hal_i2c.o
    0x08004a78   0x08004a78   0x000001e0   Code   RO         5216    i.HAL_I2C_Master_Receive  stm32f4xx_hal_i2c.o
    0x08004c58   0x08004c58   0x0000012c   Code   RO         5223    i.HAL_I2C_Master_Transmit  stm32f4xx_hal_i2c.o
    0x08004d84   0x08004d84   0x000001f8   Code   RO         5228    i.HAL_I2C_Mem_Read  stm32f4xx_hal_i2c.o
    0x08004f7c   0x08004f7c   0x00000130   Code   RO         5231    i.HAL_I2C_Mem_Write  stm32f4xx_hal_i2c.o
    0x080050ac   0x080050ac   0x00000068   Code   RO          553    i.HAL_I2C_MspInit   i2c.o
    0x08005114   0x08005114   0x0000005a   Code   RO         5661    i.HAL_IWDG_Init     stm32f4xx_hal_iwdg.o
    0x0800516e   0x0800516e   0x0000000c   Code   RO         5662    i.HAL_IWDG_Refresh  stm32f4xx_hal_iwdg.o
    0x0800517a   0x0800517a   0x00000002   PAD
    0x0800517c   0x0800517c   0x00000010   Code   RO         4464    i.HAL_IncTick       stm32f4xx_hal.o
    0x0800518c   0x0800518c   0x00000034   Code   RO         4465    i.HAL_Init          stm32f4xx_hal.o
    0x080051c0   0x080051c0   0x00000098   Code   RO          979    i.HAL_InitTick      stm32f4xx_hal_timebase_tim.o
    0x08005258   0x08005258   0x00000038   Code   RO          955    i.HAL_MspInit       stm32f4xx_hal_msp.o
    0x08005290   0x08005290   0x0000001a   Code   RO         4313    i.HAL_NVIC_EnableIRQ  stm32f4xx_hal_cortex.o
    0x080052aa   0x080052aa   0x00000002   PAD
    0x080052ac   0x080052ac   0x00000040   Code   RO         4319    i.HAL_NVIC_SetPriority  stm32f4xx_hal_cortex.o
    0x080052ec   0x080052ec   0x00000024   Code   RO         4320    i.HAL_NVIC_SetPriorityGrouping  stm32f4xx_hal_cortex.o
    0x08005310   0x08005310   0x00000070   Code   RO         4242    i.HAL_PWREx_EnableOverDrive  stm32f4xx_hal_pwr_ex.o
    0x08005380   0x08005380   0x00000134   Code   RO         3500    i.HAL_RCC_ClockConfig  stm32f4xx_hal_rcc.o
    0x080054b4   0x080054b4   0x00000040   Code   RO         3504    i.HAL_RCC_GetClockConfig  stm32f4xx_hal_rcc.o
    0x080054f4   0x080054f4   0x00000020   Code   RO         3507    i.HAL_RCC_GetPCLK1Freq  stm32f4xx_hal_rcc.o
    0x08005514   0x08005514   0x00000020   Code   RO         3508    i.HAL_RCC_GetPCLK2Freq  stm32f4xx_hal_rcc.o
    0x08005534   0x08005534   0x00000064   Code   RO         3509    i.HAL_RCC_GetSysClockFreq  stm32f4xx_hal_rcc.o
    0x08005598   0x08005598   0x0000036c   Code   RO         3512    i.HAL_RCC_OscConfig  stm32f4xx_hal_rcc.o
    0x08005904   0x08005904   0x00000042   Code   RO         5034    i.HAL_SDRAM_Init    stm32f4xx_hal_sdram.o
    0x08005946   0x08005946   0x00000004   Code   RO          490    i.HAL_SDRAM_MspInit  fmc.o
    0x0800594a   0x0800594a   0x0000002e   Code   RO         5037    i.HAL_SDRAM_ProgramRefreshRate  stm32f4xx_hal_sdram.o
    0x08005978   0x08005978   0x0000003c   Code   RO         5043    i.HAL_SDRAM_SendCommand  stm32f4xx_hal_sdram.o
    0x080059b4   0x080059b4   0x000000bc   Code   RO         5702    i.HAL_SPI_Init      stm32f4xx_hal_spi.o
    0x08005a70   0x08005a70   0x000000b0   Code   RO          625    i.HAL_SPI_MspInit   spi.o
    0x08005b20   0x08005b20   0x000001e2   Code   RO         5711    i.HAL_SPI_TransmitReceive  stm32f4xx_hal_spi.o
    0x08005d02   0x08005d02   0x0000005c   Code   RO         4897    i.HAL_SRAM_Init     stm32f4xx_hal_sram.o
    0x08005d5e   0x08005d5e   0x00000004   Code   RO          492    i.HAL_SRAM_MspInit  fmc.o
    0x08005d62   0x08005d62   0x00000002   Code   RO         6719    i.HAL_TIMEx_BreakCallback  stm32f4xx_hal_tim_ex.o
    0x08005d64   0x08005d64   0x00000002   Code   RO         6720    i.HAL_TIMEx_CommutCallback  stm32f4xx_hal_tim_ex.o
    0x08005d66   0x08005d66   0x00000002   PAD
    0x08005d68   0x08005d68   0x00000090   Code   RO         6738    i.HAL_TIMEx_MasterConfigSynchronization  stm32f4xx_hal_tim_ex.o
    0x08005df8   0x08005df8   0x0000005a   Code   RO         6015    i.HAL_TIM_Base_Init  stm32f4xx_hal_tim.o
    0x08005e52   0x08005e52   0x00000002   PAD
    0x08005e54   0x08005e54   0x00000138   Code   RO          685    i.HAL_TIM_Base_MspInit  tim.o
    0x08005f8c   0x08005f8c   0x00000078   Code   RO         6018    i.HAL_TIM_Base_Start  stm32f4xx_hal_tim.o
    0x08006004   0x08006004   0x00000080   Code   RO         6020    i.HAL_TIM_Base_Start_IT  stm32f4xx_hal_tim.o
    0x08006084   0x08006084   0x00000030   Code   RO         6023    i.HAL_TIM_Base_Stop_IT  stm32f4xx_hal_tim.o
    0x080060b4   0x080060b4   0x000000dc   Code   RO         6024    i.HAL_TIM_ConfigClockSource  stm32f4xx_hal_tim.o
    0x08006190   0x08006190   0x00000004   Code   RO          845    i.HAL_TIM_IC_CaptureCallback  stm32f4xx_it.o
    0x08006194   0x08006194   0x0000011e   Code   RO         6051    i.HAL_TIM_IC_ConfigChannel  stm32f4xx_hal_tim.o
    0x080062b2   0x080062b2   0x0000005a   Code   RO         6054    i.HAL_TIM_IC_Init   stm32f4xx_hal_tim.o
    0x0800630c   0x0800630c   0x00000002   Code   RO         6056    i.HAL_TIM_IC_MspInit  stm32f4xx_hal_tim.o
    0x0800630e   0x0800630e   0x00000002   PAD
    0x08006310   0x08006310   0x0000010c   Code   RO         6059    i.HAL_TIM_IC_Start_IT  stm32f4xx_hal_tim.o
    0x0800641c   0x0800641c   0x00000166   Code   RO         6063    i.HAL_TIM_IRQHandler  stm32f4xx_hal_tim.o
    0x08006582   0x08006582   0x00000002   PAD
    0x08006584   0x08006584   0x000000a4   Code   RO          686    i.HAL_TIM_MspPostInit  tim.o
    0x08006628   0x08006628   0x00000002   Code   RO         6066    i.HAL_TIM_OC_DelayElapsedCallback  stm32f4xx_hal_tim.o
    0x0800662a   0x0800662a   0x000000cc   Code   RO         6087    i.HAL_TIM_PWM_ConfigChannel  stm32f4xx_hal_tim.o
    0x080066f6   0x080066f6   0x0000005a   Code   RO         6090    i.HAL_TIM_PWM_Init  stm32f4xx_hal_tim.o
    0x08006750   0x08006750   0x00000002   Code   RO         6092    i.HAL_TIM_PWM_MspInit  stm32f4xx_hal_tim.o
    0x08006752   0x08006752   0x00000002   Code   RO         6093    i.HAL_TIM_PWM_PulseFinishedCallback  stm32f4xx_hal_tim.o
    0x08006754   0x08006754   0x000000c8   Code   RO         6095    i.HAL_TIM_PWM_Start  stm32f4xx_hal_tim.o
    0x0800681c   0x0800681c   0x0000025c   Code   RO           14    i.HAL_TIM_PeriodElapsedCallback  main.o
    0x08006a78   0x08006a78   0x0000002a   Code   RO         6103    i.HAL_TIM_ReadCapturedValue  stm32f4xx_hal_tim.o
    0x08006aa2   0x08006aa2   0x00000002   Code   RO         6106    i.HAL_TIM_TriggerCallback  stm32f4xx_hal_tim.o
    0x08006aa4   0x08006aa4   0x00000002   Code   RO         6997    i.HAL_UARTEx_RxEventCallback  stm32f4xx_hal_uart.o
    0x08006aa6   0x08006aa6   0x00000070   Code   RO         7009    i.HAL_UART_DMAStop  stm32f4xx_hal_uart.o
    0x08006b16   0x08006b16   0x00000002   Code   RO         7011    i.HAL_UART_ErrorCallback  stm32f4xx_hal_uart.o
    0x08006b18   0x08006b18   0x00000268   Code   RO         7014    i.HAL_UART_IRQHandler  stm32f4xx_hal_uart.o
    0x08006d80   0x08006d80   0x00000062   Code   RO         7015    i.HAL_UART_Init     stm32f4xx_hal_uart.o
    0x08006de2   0x08006de2   0x00000002   PAD
    0x08006de4   0x08006de4   0x000001f8   Code   RO          763    i.HAL_UART_MspInit  usart.o
    0x08006fdc   0x08006fdc   0x0000002a   Code   RO         7019    i.HAL_UART_Receive_DMA  stm32f4xx_hal_uart.o
    0x08007006   0x08007006   0x00000002   Code   RO         7021    i.HAL_UART_RxCpltCallback  stm32f4xx_hal_uart.o
    0x08007008   0x08007008   0x00000002   Code   RO         7022    i.HAL_UART_RxHalfCpltCallback  stm32f4xx_hal_uart.o
    0x0800700a   0x0800700a   0x00000002   PAD
    0x0800700c   0x0800700c   0x0000008c   Code   RO         7024    i.HAL_UART_Transmit_DMA  stm32f4xx_hal_uart.o
    0x08007098   0x08007098   0x00000002   Code   RO         7026    i.HAL_UART_TxCpltCallback  stm32f4xx_hal_uart.o
    0x0800709a   0x0800709a   0x00000002   Code   RO         7027    i.HAL_UART_TxHalfCpltCallback  stm32f4xx_hal_uart.o
    0x0800709c   0x0800709c   0x00000002   Code   RO          846    i.HardFault_Handler  stm32f4xx_it.o
    0x0800709e   0x0800709e   0x00000002   PAD
    0x080070a0   0x080070a0   0x00000050   Code   RO         1542    i.Hcsr04Init        hc-sr04.o
    0x080070f0   0x080070f0   0x00000028   Code   RO         1543    i.Hcsr04Read        hc-sr04.o
    0x08007118   0x08007118   0x00000028   Code   RO         1544    i.Hcsr04Start       hc-sr04.o
    0x08007140   0x08007140   0x0000014c   Code   RO         1545    i.Hcsr04TimIcIsr    hc-sr04.o
    0x0800728c   0x0800728c   0x00000018   Code   RO         1546    i.Hcsr04TimOverflowIsr  hc-sr04.o
    0x080072a4   0x080072a4   0x0000002e   Code   RO         5252    i.I2C_IsAcknowledgeFailed  stm32f4xx_hal_i2c.o
    0x080072d2   0x080072d2   0x00000002   PAD
    0x080072d4   0x080072d4   0x000000ec   Code   RO         5255    i.I2C_MasterRequestRead  stm32f4xx_hal_i2c.o
    0x080073c0   0x080073c0   0x0000009c   Code   RO         5256    i.I2C_MasterRequestWrite  stm32f4xx_hal_i2c.o
    0x0800745c   0x0800745c   0x000000fc   Code   RO         5262    i.I2C_RequestMemoryRead  stm32f4xx_hal_i2c.o
    0x08007558   0x08007558   0x000000a8   Code   RO         5263    i.I2C_RequestMemoryWrite  stm32f4xx_hal_i2c.o
    0x08007600   0x08007600   0x0000004c   Code   RO         5267    i.I2C_WaitOnBTFFlagUntilTimeout  stm32f4xx_hal_i2c.o
    0x0800764c   0x0800764c   0x00000068   Code   RO         5268    i.I2C_WaitOnFlagUntilTimeout  stm32f4xx_hal_i2c.o
    0x080076b4   0x080076b4   0x00000096   Code   RO         5269    i.I2C_WaitOnMasterAddressFlagUntilTimeout  stm32f4xx_hal_i2c.o
    0x0800774a   0x0800774a   0x00000066   Code   RO         5270    i.I2C_WaitOnRXNEFlagUntilTimeout  stm32f4xx_hal_i2c.o
    0x080077b0   0x080077b0   0x0000004c   Code   RO         5271    i.I2C_WaitOnTXEFlagUntilTimeout  stm32f4xx_hal_i2c.o
    0x080077fc   0x080077fc   0x0000014c   Code   RO         1596    i.KEY_Scan          key.o
    0x08007948   0x08007948   0x00000034   Code   RO         1626    i.LCD_Clear         lcd.o
    0x0800797c   0x0800797c   0x000000d8   Code   RO         1630    i.LCD_Display_Dir   lcd.o
    0x08007a54   0x08007a54   0x000000e4   Code   RO         1635    i.LCD_Fast_DrawPoint  lcd.o
    0x08007b38   0x08007b38   0x00000048   Code   RO         1636    i.LCD_Fill          lcd.o
    0x08007b80   0x08007b80   0x0000238c   Code   RO         1637    i.LCD_Init          lcd.o
    0x08009f0c   0x08009f0c   0x00000014   Code   RO         1639    i.LCD_RD_DATA       lcd.o
    0x08009f20   0x08009f20   0x00000050   Code   RO         1642    i.LCD_SSD_BackLightSet  lcd.o
    0x08009f70   0x08009f70   0x000001b8   Code   RO         1643    i.LCD_Scan_Dir      lcd.o
    0x0800a128   0x0800a128   0x00000104   Code   RO         1644    i.LCD_SetCursor     lcd.o
    0x0800a22c   0x0800a22c   0x000000e4   Code   RO         1646    i.LCD_ShowChar      lcd.o
    0x0800a310   0x0800a310   0x00000054   Code   RO         1648    i.LCD_ShowString    lcd.o
    0x0800a364   0x0800a364   0x00000018   Code   RO         1650    i.LCD_WR_DATA       lcd.o
    0x0800a37c   0x0800a37c   0x00000018   Code   RO         1651    i.LCD_WR_REG        lcd.o
    0x0800a394   0x0800a394   0x00000014   Code   RO         1653    i.LCD_WriteRAM_Prepare  lcd.o
    0x0800a3a8   0x0800a3a8   0x00000010   Code   RO         1654    i.LCD_WriteReg      lcd.o
    0x0800a3b8   0x0800a3b8   0x0000002c   Code   RO         1018    i.Led_pwm_mode      app.o
    0x0800a3e4   0x0800a3e4   0x0000001c   Code   RO         2747    i.MQTT_DeleteBuffer  mqttkit.o
    0x0800a400   0x0800a400   0x00000026   Code   RO         2748    i.MQTT_DumpLength   mqttkit.o
    0x0800a426   0x0800a426   0x00000052   Code   RO         2749    i.MQTT_NewBuffer    mqttkit.o
    0x0800a478   0x0800a478   0x0000007c   Code   RO         2751    i.MQTT_PacketCmdResp  mqttkit.o
    0x0800a4f4   0x0800a4f4   0x00000264   Code   RO         2752    i.MQTT_PacketConnect  mqttkit.o
    0x0800a758   0x0800a758   0x0000015a   Code   RO         2755    i.MQTT_PacketPublish  mqttkit.o
    0x0800a8b2   0x0800a8b2   0x00000046   Code   RO         2756    i.MQTT_PacketPublishAck  mqttkit.o
    0x0800a8f8   0x0800a8f8   0x00000046   Code   RO         2758    i.MQTT_PacketPublishRec  mqttkit.o
    0x0800a93e   0x0800a93e   0x00000002   PAD
    0x0800a940   0x0800a940   0x00000040   Code   RO         2761    i.MQTT_PacketSaveData  mqttkit.o
    0x0800a980   0x0800a980   0x000000da   Code   RO         2762    i.MQTT_PacketSubscribe  mqttkit.o
    0x0800aa5a   0x0800aa5a   0x0000003e   Code   RO         2764    i.MQTT_ReadLength   mqttkit.o
    0x0800aa98   0x0800aa98   0x00000082   Code   RO         2765    i.MQTT_UnPacketCmd  mqttkit.o
    0x0800ab1a   0x0800ab1a   0x0000001a   Code   RO         2766    i.MQTT_UnPacketConnectAck  mqttkit.o
    0x0800ab34   0x0800ab34   0x00000150   Code   RO         2767    i.MQTT_UnPacketPublish  mqttkit.o
    0x0800ac84   0x0800ac84   0x00000018   Code   RO         2768    i.MQTT_UnPacketPublishAck  mqttkit.o
    0x0800ac9c   0x0800ac9c   0x00000060   Code   RO         2772    i.MQTT_UnPacketRecv  mqttkit.o
    0x0800acfc   0x0800acfc   0x000000a4   Code   RO          423    i.MX_ADC1_Init      adc.o
    0x0800ada0   0x0800ada0   0x0000006c   Code   RO          463    i.MX_DMA_Init       dma.o
    0x0800ae0c   0x0800ae0c   0x000000dc   Code   RO          493    i.MX_FMC_Init       fmc.o
    0x0800aee8   0x0800aee8   0x0000014c   Code   RO          378    i.MX_FREERTOS_Init  freertos.o
    0x0800b034   0x0800b034   0x000001e8   Code   RO          354    i.MX_GPIO_Init      gpio.o
    0x0800b21c   0x0800b21c   0x0000005c   Code   RO          554    i.MX_I2C2_Init      i2c.o
    0x0800b278   0x0800b278   0x0000002c   Code   RO          594    i.MX_IWDG_Init      iwdg.o
    0x0800b2a4   0x0800b2a4   0x00000048   Code   RO          626    i.MX_SPI2_Init      spi.o
    0x0800b2ec   0x0800b2ec   0x00000048   Code   RO          627    i.MX_SPI5_Init      spi.o
    0x0800b334   0x0800b334   0x00000038   Code   RO          687    i.MX_TIM10_Init     tim.o
    0x0800b36c   0x0800b36c   0x00000080   Code   RO          688    i.MX_TIM12_Init     tim.o
    0x0800b3ec   0x0800b3ec   0x0000006c   Code   RO          689    i.MX_TIM1_Init      tim.o
    0x0800b458   0x0800b458   0x000000ac   Code   RO          690    i.MX_TIM3_Init      tim.o
    0x0800b504   0x0800b504   0x0000006c   Code   RO          691    i.MX_TIM4_Init      tim.o
    0x0800b570   0x0800b570   0x0000009c   Code   RO          692    i.MX_TIM5_Init      tim.o
    0x0800b60c   0x0800b60c   0x00000038   Code   RO          764    i.MX_USART1_UART_Init  usart.o
    0x0800b644   0x0800b644   0x00000038   Code   RO          765    i.MX_USART2_UART_Init  usart.o
    0x0800b67c   0x0800b67c   0x0000004c   Code   RO          766    i.MX_USART3_UART_Init  usart.o
    0x0800b6c8   0x0800b6c8   0x00000038   Code   RO          767    i.MX_USART6_UART_Init  usart.o
    0x0800b700   0x0800b700   0x00000034   Code   RO         1361    i.Make_Time         delay.o
    0x0800b734   0x0800b734   0x00000002   Code   RO          847    i.MemManage_Handler  stm32f4xx_it.o
    0x0800b736   0x0800b736   0x00000002   PAD
    0x0800b738   0x0800b738   0x00000218   Code   RO         1019    i.Mx_Init           app.o
    0x0800b950   0x0800b950   0x00000002   Code   RO          848    i.NMI_Handler       stm32f4xx_it.o
    0x0800b952   0x0800b952   0x00000002   PAD
    0x0800b954   0x0800b954   0x0000021c   Code   RO         2968    i.OneNet_DevLink    onenet.o
    0x0800bb70   0x0800bb70   0x0000008c   Code   RO         2969    i.OneNet_Publish    onenet.o
    0x0800bbfc   0x0800bbfc   0x0000089c   Code   RO         2970    i.OneNet_RevPro     onenet.o
    0x0800c498   0x0800c498   0x000000f4   Code   RO         2971    i.OneNet_SendData   onenet.o
    0x0800c58c   0x0800c58c   0x00000078   Code   RO         2972    i.OneNet_Send_Device_ID_Data  onenet.o
    0x0800c604   0x0800c604   0x00000068   Code   RO         2974    i.OneNet_Send_String  onenet.o
    0x0800c66c   0x0800c66c   0x00000108   Code   RO         2975    i.OneNet_Send_one_Data  onenet.o
    0x0800c774   0x0800c774   0x00000068   Code   RO         2976    i.OneNet_Subscribe  onenet.o
    0x0800c7dc   0x0800c7dc   0x00000020   Code   RO         1840    i.PCF8574_WriteBit  pcf8574.o
    0x0800c7fc   0x0800c7fc   0x00000014   Code   RO         1021    i.Release_reve_mutex  app.o
    0x0800c810   0x0800c810   0x0000001c   Code   RO         1022    i.Release_send_mutex  app.o
    0x0800c82c   0x0800c82c   0x00000060   Code   RO         2017    i.SDRAM_Init        sdram.o
    0x0800c88c   0x0800c88c   0x00000050   Code   RO         2018    i.SDRAM_Initialization_Sequence  sdram.o
    0x0800c8dc   0x0800c8dc   0x00000034   Code   RO         2019    i.SDRAM_Send_Cmd    sdram.o
    0x0800c910   0x0800c910   0x00000030   Code   RO         2224    i.SG90_Rotate       duoji.o
    0x0800c940   0x0800c940   0x00000020   Code   RO          628    i.SPI5_ReadWriteByte  spi.o
    0x0800c960   0x0800c960   0x00000034   Code   RO          629    i.SPI5_SetSpeed     spi.o
    0x0800c994   0x0800c994   0x00000058   Code   RO         5740    i.SPI_EndRxTxTransaction  stm32f4xx_hal_spi.o
    0x0800c9ec   0x0800c9ec   0x000000b8   Code   RO         5745    i.SPI_WaitFlagStateUntilTimeout  stm32f4xx_hal_spi.o
    0x0800caa4   0x0800caa4   0x00000088   Code   RO         1023    i.Send_Zigbee       app.o
    0x0800cb2c   0x0800cb2c   0x000000e8   Code   RO         1259    i.Send_data_Entry   thread.o
    0x0800cc14   0x0800cc14   0x00000054   Code   RO         1024    i.Send_queue        app.o
    0x0800cc68   0x0800cc68   0x000000a8   Code   RO         2070    i.Show_Font         text.o
    0x0800cd10   0x0800cd10   0x00000092   Code   RO         2071    i.Show_Str          text.o
    0x0800cda2   0x0800cda2   0x0000001a   Code   RO         8479    i.SysTick_Handler   cmsis_os2.o
    0x0800cdbc   0x0800cdbc   0x000000a4   Code   RO           15    i.SystemClock_Config  main.o
    0x0800ce60   0x0800ce60   0x00000010   Code   RO         7344    i.SystemInit        system_stm32f4xx.o
    0x0800ce70   0x0800ce70   0x0000001c   Code   RO          849    i.TIM1_UP_TIM10_IRQHandler  stm32f4xx_it.o
    0x0800ce8c   0x0800ce8c   0x0000000c   Code   RO          850    i.TIM8_BRK_TIM12_IRQHandler  stm32f4xx_it.o
    0x0800ce98   0x0800ce98   0x0000000c   Code   RO          851    i.TIM8_TRG_COM_TIM14_IRQHandler  stm32f4xx_it.o
    0x0800cea4   0x0800cea4   0x000000c8   Code   RO         6108    i.TIM_Base_SetConfig  stm32f4xx_hal_tim.o
    0x0800cf6c   0x0800cf6c   0x0000001a   Code   RO         6109    i.TIM_CCxChannelCmd  stm32f4xx_hal_tim.o
    0x0800cf86   0x0800cf86   0x00000014   Code   RO         6119    i.TIM_ETR_SetConfig  stm32f4xx_hal_tim.o
    0x0800cf9a   0x0800cf9a   0x00000010   Code   RO         6120    i.TIM_ITRx_SetConfig  stm32f4xx_hal_tim.o
    0x0800cfaa   0x0800cfaa   0x00000002   PAD
    0x0800cfac   0x0800cfac   0x00000060   Code   RO         6121    i.TIM_OC1_SetConfig  stm32f4xx_hal_tim.o
    0x0800d00c   0x0800d00c   0x0000006c   Code   RO         6122    i.TIM_OC2_SetConfig  stm32f4xx_hal_tim.o
    0x0800d078   0x0800d078   0x00000068   Code   RO         6123    i.TIM_OC3_SetConfig  stm32f4xx_hal_tim.o
    0x0800d0e0   0x0800d0e0   0x00000050   Code   RO         6124    i.TIM_OC4_SetConfig  stm32f4xx_hal_tim.o
    0x0800d130   0x0800d130   0x00000022   Code   RO         6126    i.TIM_TI1_ConfigInputStage  stm32f4xx_hal_tim.o
    0x0800d152   0x0800d152   0x00000002   PAD
    0x0800d154   0x0800d154   0x00000080   Code   RO         6127    i.TIM_TI1_SetConfig  stm32f4xx_hal_tim.o
    0x0800d1d4   0x0800d1d4   0x00000024   Code   RO         6128    i.TIM_TI2_ConfigInputStage  stm32f4xx_hal_tim.o
    0x0800d1f8   0x0800d1f8   0x00000036   Code   RO         6129    i.TIM_TI2_SetConfig  stm32f4xx_hal_tim.o
    0x0800d22e   0x0800d22e   0x00000010   Code   RO         7028    i.UART_DMAAbortOnError  stm32f4xx_hal_uart.o
    0x0800d23e   0x0800d23e   0x0000004a   Code   RO         7029    i.UART_DMAError     stm32f4xx_hal_uart.o
    0x0800d288   0x0800d288   0x00000082   Code   RO         7030    i.UART_DMAReceiveCplt  stm32f4xx_hal_uart.o
    0x0800d30a   0x0800d30a   0x0000001a   Code   RO         7032    i.UART_DMARxHalfCplt  stm32f4xx_hal_uart.o
    0x0800d324   0x0800d324   0x00000042   Code   RO         7034    i.UART_DMATransmitCplt  stm32f4xx_hal_uart.o
    0x0800d366   0x0800d366   0x0000000a   Code   RO         7036    i.UART_DMATxHalfCplt  stm32f4xx_hal_uart.o
    0x0800d370   0x0800d370   0x0000004e   Code   RO         7038    i.UART_EndRxTransfer  stm32f4xx_hal_uart.o
    0x0800d3be   0x0800d3be   0x0000001c   Code   RO         7039    i.UART_EndTxTransfer  stm32f4xx_hal_uart.o
    0x0800d3da   0x0800d3da   0x000000c0   Code   RO         7040    i.UART_Receive_IT   stm32f4xx_hal_uart.o
    0x0800d49a   0x0800d49a   0x00000002   PAD
    0x0800d49c   0x0800d49c   0x0000010c   Code   RO         7041    i.UART_SetConfig    stm32f4xx_hal_uart.o
    0x0800d5a8   0x0800d5a8   0x00000094   Code   RO         7042    i.UART_Start_Receive_DMA  stm32f4xx_hal_uart.o
    0x0800d63c   0x0800d63c   0x00000140   Code   RO          852    i.USART3_IRQHandler  stm32f4xx_it.o
    0x0800d77c   0x0800d77c   0x00000002   Code   RO          853    i.UsageFault_Handler  stm32f4xx_it.o
    0x0800d77e   0x0800d77e   0x00000002   PAD
    0x0800d780   0x0800d780   0x00000028   Code   RO         3073    i.Usart_SendString  wifi.o
    0x0800d7a8   0x0800d7a8   0x00000048   Code   RO         2113    i.W25QXX_Init       w25qxx.o
    0x0800d7f0   0x0800d7f0   0x00000068   Code   RO         2115    i.W25QXX_Read       w25qxx.o
    0x0800d858   0x0800d858   0x00000044   Code   RO         2116    i.W25QXX_ReadID     w25qxx.o
    0x0800d89c   0x0800d89c   0x00000038   Code   RO         2117    i.W25QXX_ReadSR     w25qxx.o
    0x0800d8d4   0x0800d8d4   0x00000010   Code   RO         1027    i.Wait_reve_mutex   app.o
    0x0800d8e4   0x0800d8e4   0x0000001c   Code   RO         1028    i.Wait_send_mutex   app.o
    0x0800d900   0x0800d900   0x00000030   Code   RO         9352    i.__ARM_fpclassify  m_wm.l(fpclassify.o)
    0x0800d930   0x0800d930   0x00000020   Code   RO         4326    i.__NVIC_SetPriority  stm32f4xx_hal_cortex.o
    0x0800d950   0x0800d950   0x000000f8   Code   RO         9457    i.__hardfp___mathlib_tofloat  m_wm.l(narrow.o)
    0x0800da48   0x0800da48   0x00000014   Code   RO         9258    i.__hardfp_fabs     m_wm.l(fabs.o)
    0x0800da5c   0x0800da5c   0x00000004   PAD
    0x0800da60   0x0800da60   0x00000118   Code   RO         9264    i.__hardfp_floor    m_wm.l(floor.o)
    0x0800db78   0x0800db78   0x000000d0   Code   RO         9554    i.__hardfp_ldexp    m_wm.l(ldexp.o)
    0x0800dc48   0x0800dc48   0x00000c50   Code   RO         9270    i.__hardfp_pow      m_wm.l(pow.o)
    0x0800e898   0x0800e898   0x000000f8   Code   RO         9354    i.__kernel_poly     m_wm.l(poly.o)
    0x0800e990   0x0800e990   0x00000030   Code   RO         9338    i.__mathlib_dbl_divzero  m_wm.l(dunder.o)
    0x0800e9c0   0x0800e9c0   0x00000014   Code   RO         9340    i.__mathlib_dbl_infnan2  m_wm.l(dunder.o)
    0x0800e9d4   0x0800e9d4   0x00000004   PAD
    0x0800e9d8   0x0800e9d8   0x00000020   Code   RO         9341    i.__mathlib_dbl_invalid  m_wm.l(dunder.o)
    0x0800e9f8   0x0800e9f8   0x00000020   Code   RO         9342    i.__mathlib_dbl_overflow  m_wm.l(dunder.o)
    0x0800ea18   0x0800ea18   0x00000020   Code   RO         9344    i.__mathlib_dbl_underflow  m_wm.l(dunder.o)
    0x0800ea38   0x0800ea38   0x00000012   Code   RO         9458    i.__mathlib_narrow  m_wm.l(narrow.o)
    0x0800ea4a   0x0800ea4a   0x00000014   Code   RO         9556    i.__support_ldexp   m_wm.l(ldexp.o)
    0x0800ea5e   0x0800ea5e   0x0000000e   Code   RO         9168    i._is_digit         c_w.l(__printf_wp.o)
    0x0800ea6c   0x0800ea6c   0x00000002   Code   RO          768    i._sys_exit         usart.o
    0x0800ea6e   0x0800ea6e   0x00000002   PAD
    0x0800ea70   0x0800ea70   0x000000f8   Code   RO         1029    i.at_sava_th        app.o
    0x0800eb68   0x0800eb68   0x00000008   Code   RO         1841    i.beep_On_Off       pcf8574.o
    0x0800eb70   0x0800eb70   0x00000018   Code   RO         1030    i.beep_one          app.o
    0x0800eb88   0x0800eb88   0x0000001c   Code   RO         2380    i.cJSON_AddItemToArray  cjson.o
    0x0800eba4   0x0800eba4   0x00000030   Code   RO         2381    i.cJSON_AddItemToObject  cjson.o
    0x0800ebd4   0x0800ebd4   0x00000030   Code   RO         2390    i.cJSON_CreateNumber  cjson.o
    0x0800ec04   0x0800ec04   0x00000010   Code   RO         2391    i.cJSON_CreateObject  cjson.o
    0x0800ec14   0x0800ec14   0x0000001c   Code   RO         2392    i.cJSON_CreateString  cjson.o
    0x0800ec30   0x0800ec30   0x00000048   Code   RO         2395    i.cJSON_Delete      cjson.o
    0x0800ec78   0x0800ec78   0x0000001c   Code   RO         2404    i.cJSON_GetObjectItem  cjson.o
    0x0800ec94   0x0800ec94   0x0000001c   Code   RO         2408    i.cJSON_New_Item    cjson.o
    0x0800ecb0   0x0800ecb0   0x00000008   Code   RO         2409    i.cJSON_Parse       cjson.o
    0x0800ecb8   0x0800ecb8   0x00000060   Code   RO         2410    i.cJSON_ParseWithOpts  cjson.o
    0x0800ed18   0x0800ed18   0x0000000a   Code   RO         2413    i.cJSON_PrintUnformatted  cjson.o
    0x0800ed22   0x0800ed22   0x00000042   Code   RO         2416    i.cJSON_strcasecmp  cjson.o
    0x0800ed64   0x0800ed64   0x0000002c   Code   RO         2417    i.cJSON_strdup      cjson.o
    0x0800ed90   0x0800ed90   0x0000042c   Code   RO         1260    i.collect_data_thread_entry  thread.o
    0x0800f1bc   0x0800f1bc   0x0000001c   Code   RO         1362    i.delay_init        delay.o
    0x0800f1d8   0x0800f1d8   0x00000038   Code   RO         1363    i.delay_ms          delay.o
    0x0800f210   0x0800f210   0x00000038   Code   RO         1364    i.delay_us          delay.o
    0x0800f248   0x0800f248   0x00000070   Code   RO         2419    i.ensure            cjson.o
    0x0800f2b8   0x0800f2b8   0x00000018   Code   RO         9260    i.fabs              m_wm.l(fabs.o)
    0x0800f2d0   0x0800f2d0   0x00000040   Code   RO         1492    i.font_init         fontupd.o
    0x0800f310   0x0800f310   0x00000014   Code   RO          769    i.fputc             usart.o
    0x0800f324   0x0800f324   0x00000004   PAD
    0x0800f328   0x0800f328   0x0000008c   Code   RO         9534    i.frexp             m_wm.l(frexp.o)
    0x0800f3b4   0x0800f3b4   0x00000138   Code   RO         1261    i.key_thread_entry  thread.o
    0x0800f4ec   0x0800f4ec   0x00000500   Code   RO         1262    i.lcd_show_thread_entry  thread.o
    0x0800f9ec   0x0800f9ec   0x000001dc   Code   RO         1263    i.logical_thread_entry  thread.o
    0x0800fbc8   0x0800fbc8   0x00000028   Code   RO         1031    i.machinery_pwm_mode  app.o
    0x0800fbf0   0x0800fbf0   0x000000b0   Code   RO           16    i.main              main.o
    0x0800fca0   0x0800fca0   0x00000174   Code   RO          379    i.mainTask_entry    freertos.o
    0x0800fe14   0x0800fe14   0x00000018   Code   RO         3127    i.my_free           malloc.o
    0x0800fe2c   0x0800fe2c   0x0000004c   Code   RO         3128    i.my_malloc         malloc.o
    0x0800fe78   0x0800fe78   0x00000058   Code   RO         3129    i.my_mem_free       malloc.o
    0x0800fed0   0x0800fed0   0x0000002c   Code   RO         3130    i.my_mem_init       malloc.o
    0x0800fefc   0x0800fefc   0x00000088   Code   RO         3131    i.my_mem_malloc     malloc.o
    0x0800ff84   0x0800ff84   0x0000003c   Code   RO         3132    i.my_mem_perused    malloc.o
    0x0800ffc0   0x0800ffc0   0x00000018   Code   RO         3133    i.myfree            malloc.o
    0x0800ffd8   0x0800ffd8   0x0000000e   Code   RO         3136    i.mymemset          malloc.o
    0x0800ffe6   0x0800ffe6   0x0000001a   Code   RO         8481    i.osDelay           cmsis_os2.o
    0x08010000   0x08010000   0x00000030   Code   RO         8495    i.osKernelInitialize  cmsis_os2.o
    0x08010030   0x08010030   0x00000038   Code   RO         8498    i.osKernelStart     cmsis_os2.o
    0x08010068   0x08010068   0x0000008a   Code   RO         8540    i.osThreadNew       cmsis_os2.o
    0x080100f2   0x080100f2   0x00000002   PAD
    0x080100f4   0x080100f4   0x0000008c   Code   RO         2420    i.parse_array       cjson.o
    0x08010180   0x08010180   0x000000a6   Code   RO         2421    i.parse_hex4        cjson.o
    0x08010226   0x08010226   0x00000002   PAD
    0x08010228   0x08010228   0x00000194   Code   RO         2422    i.parse_number      cjson.o
    0x080103bc   0x080103bc   0x000000d4   Code   RO         2423    i.parse_object      cjson.o
    0x08010490   0x08010490   0x00000180   Code   RO         2424    i.parse_string      cjson.o
    0x08010610   0x08010610   0x000000b4   Code   RO         2425    i.parse_value       cjson.o
    0x080106c4   0x080106c4   0x00000070   Code   RO         1842    i.pcf8574_Check     pcf8574.o
    0x08010734   0x08010734   0x00000020   Code   RO         1843    i.pcf8574_ReadOneByte  pcf8574.o
    0x08010754   0x08010754   0x00000024   Code   RO         1844    i.pcf8574_WriteOneByte  pcf8574.o
    0x08010778   0x08010778   0x000001d0   Code   RO         2426    i.print_array       cjson.o
    0x08010948   0x08010948   0x000001c8   Code   RO         2427    i.print_number      cjson.o
    0x08010b10   0x08010b10   0x00000374   Code   RO         2428    i.print_object      cjson.o
    0x08010e84   0x08010e84   0x00000006   Code   RO         2429    i.print_string      cjson.o
    0x08010e8a   0x08010e8a   0x00000002   PAD
    0x08010e8c   0x08010e8c   0x0000016c   Code   RO         2430    i.print_string_ptr  cjson.o
    0x08010ff8   0x08010ff8   0x000000bc   Code   RO         2431    i.print_value       cjson.o
    0x080110b4   0x080110b4   0x0000005c   Code   RO         7943    i.prvAddCurrentTaskToDelayedList  tasks.o
    0x08011110   0x08011110   0x000000d0   Code   RO         7944    i.prvAddNewTaskToReadyList  tasks.o
    0x080111e0   0x080111e0   0x00000058   Code   RO         8308    i.prvCheckForValidListAndQueue  timers.o
    0x08011238   0x08011238   0x00000026   Code   RO         7546    i.prvCopyDataFromQueue  queue.o
    0x0801125e   0x0801125e   0x0000006c   Code   RO         7547    i.prvCopyDataToQueue  queue.o
    0x080112ca   0x080112ca   0x00000034   Code   RO         7945    i.prvDeleteTCB      tasks.o
    0x080112fe   0x080112fe   0x00000002   PAD
    0x08011300   0x08011300   0x00000060   Code   RO         7946    i.prvIdleTask       tasks.o
    0x08011360   0x08011360   0x00000016   Code   RO         7548    i.prvInitialiseMutex  queue.o
    0x08011376   0x08011376   0x00000002   PAD
    0x08011378   0x08011378   0x00000022   Code   RO         7549    i.prvInitialiseNewQueue  queue.o
    0x0801139a   0x0801139a   0x00000002   PAD
    0x0801139c   0x0801139c   0x000000b0   Code   RO         7947    i.prvInitialiseNewTask  tasks.o
    0x0801144c   0x0801144c   0x0000004c   Code   RO         8987    i.prvInsertBlockIntoFreeList  heap_5.o
    0x08011498   0x08011498   0x00000038   Code   RO         8310    i.prvInsertTimerInActiveList  timers.o
    0x080114d0   0x080114d0   0x0000001c   Code   RO         7550    i.prvIsQueueEmpty   queue.o
    0x080114ec   0x080114ec   0x000000fc   Code   RO         8311    i.prvProcessReceivedCommands  timers.o
    0x080115e8   0x080115e8   0x000000c0   Code   RO         8312    i.prvProcessTimerOrBlockTask  timers.o
    0x080116a8   0x080116a8   0x00000020   Code   RO         7949    i.prvResetNextTaskUnblockTime  tasks.o
    0x080116c8   0x080116c8   0x00000028   Code   RO         8313    i.prvSampleTimeNow  timers.o
    0x080116f0   0x080116f0   0x0000006c   Code   RO         8314    i.prvSwitchTimerLists  timers.o
    0x0801175c   0x0801175c   0x00000028   Code   RO         9037    i.prvTaskExitError  port.o
    0x08011784   0x08011784   0x00000034   Code   RO         7951    i.prvTaskIsTaskSuspended  tasks.o
    0x080117b8   0x080117b8   0x00000024   Code   RO         8315    i.prvTimerTask      timers.o
    0x080117dc   0x080117dc   0x0000006a   Code   RO         7551    i.prvUnlockQueue    queue.o
    0x08011846   0x08011846   0x00000002   PAD
    0x08011848   0x08011848   0x000000b0   Code   RO         8988    i.pvPortMalloc      heap_5.o
    0x080118f8   0x080118f8   0x00000018   Code   RO         7952    i.pvTaskIncrementMutexHeldCount  tasks.o
    0x08011910   0x08011910   0x0000002c   Code   RO         9038    i.pxPortInitialiseStack  port.o
    0x0801193c   0x0801193c   0x00000220   Code   RO         1032    i.resest_server     app.o
    0x08011b5c   0x08011b5c   0x00000108   Code   RO         1033    i.resest_wifi       app.o
    0x08011c64   0x08011c64   0x00000038   Code   RO         1656    i.show_picture      lcd.o
    0x08011c9c   0x08011c9c   0x00000014   Code   RO         2432    i.skip              cjson.o
    0x08011cb0   0x08011cb0   0x0000006e   Code   RO         9359    i.sqrt              m_wm.l(sqrt.o)
    0x08011d1e   0x08011d1e   0x00000002   PAD
    0x08011d20   0x08011d20   0x00000038   Code   RO         1365    i.time_init         delay.o
    0x08011d58   0x08011d58   0x0000007c   Code   RO         1367    i.time_set          delay.o
    0x08011dd4   0x08011dd4   0x0000001c   Code   RO         2433    i.update            cjson.o
    0x08011df0   0x08011df0   0x00000026   Code   RO         7506    i.uxListRemove      list.o
    0x08011e16   0x08011e16   0x00000024   Code   RO         7554    i.uxQueueMessagesWaiting  queue.o
    0x08011e3a   0x08011e3a   0x00000002   PAD
    0x08011e3c   0x08011e3c   0x00000014   Code   RO         8552    i.vApplicationGetIdleTaskMemory  cmsis_os2.o
    0x08011e50   0x08011e50   0x00000018   Code   RO         8553    i.vApplicationGetTimerTaskMemory  cmsis_os2.o
    0x08011e68   0x08011e68   0x00000016   Code   RO         7507    i.vListInitialise   list.o
    0x08011e7e   0x08011e7e   0x00000006   Code   RO         7508    i.vListInitialiseItem  list.o
    0x08011e84   0x08011e84   0x00000030   Code   RO         7509    i.vListInsert       list.o
    0x08011eb4   0x08011eb4   0x00000018   Code   RO         7510    i.vListInsertEnd    list.o
    0x08011ecc   0x08011ecc   0x000000b8   Code   RO         8989    i.vPortDefineHeapRegions  heap_5.o
    0x08011f84   0x08011f84   0x00000040   Code   RO         9040    i.vPortEnterCritical  port.o
    0x08011fc4   0x08011fc4   0x00000028   Code   RO         9041    i.vPortExitCritical  port.o
    0x08011fec   0x08011fec   0x00000064   Code   RO         8990    i.vPortFree         heap_5.o
    0x08012050   0x08012050   0x00000024   Code   RO         9042    i.vPortSetupTimerInterrupt  port.o
    0x08012074   0x08012074   0x00000054   Code   RO         9043    i.vPortValidateInterruptPriority  port.o
    0x080120c8   0x080120c8   0x00000028   Code   RO         7557    i.vQueueAddToRegistry  queue.o
    0x080120f0   0x080120f0   0x00000044   Code   RO         7561    i.vQueueWaitForMessageRestricted  queue.o
    0x08012134   0x08012134   0x0000004c   Code   RO         7962    i.vTaskDelay        tasks.o
    0x08012180   0x08012180   0x00000010   Code   RO         7967    i.vTaskInternalSetTimeOutState  tasks.o
    0x08012190   0x08012190   0x0000000c   Code   RO         7968    i.vTaskMissedYield  tasks.o
    0x0801219c   0x0801219c   0x00000030   Code   RO         7970    i.vTaskPlaceOnEventList  tasks.o
    0x080121cc   0x080121cc   0x00000038   Code   RO         7971    i.vTaskPlaceOnEventListRestricted  tasks.o
    0x08012204   0x08012204   0x00000090   Code   RO         7973    i.vTaskPriorityDisinheritAfterTimeout  tasks.o
    0x08012294   0x08012294   0x0000007c   Code   RO         7976    i.vTaskResume       tasks.o
    0x08012310   0x08012310   0x00000088   Code   RO         7979    i.vTaskStartScheduler  tasks.o
    0x08012398   0x08012398   0x0000009c   Code   RO         7980    i.vTaskSuspend      tasks.o
    0x08012434   0x08012434   0x00000010   Code   RO         7981    i.vTaskSuspendAll   tasks.o
    0x08012444   0x08012444   0x00000064   Code   RO         7982    i.vTaskSwitchContext  tasks.o
    0x080124a8   0x080124a8   0x000000f4   Code   RO         9044    i.xPortStartScheduler  port.o
    0x0801259c   0x0801259c   0x0000002c   Code   RO         9045    i.xPortSysTickHandler  port.o
    0x080125c8   0x080125c8   0x00000016   Code   RO         7564    i.xQueueCreateMutex  queue.o
    0x080125de   0x080125de   0x00000042   Code   RO         7566    i.xQueueGenericCreate  queue.o
    0x08012620   0x08012620   0x00000066   Code   RO         7567    i.xQueueGenericCreateStatic  queue.o
    0x08012686   0x08012686   0x00000002   PAD
    0x08012688   0x08012688   0x00000088   Code   RO         7568    i.xQueueGenericReset  queue.o
    0x08012710   0x08012710   0x00000160   Code   RO         7569    i.xQueueGenericSend  queue.o
    0x08012870   0x08012870   0x000000be   Code   RO         7570    i.xQueueGenericSendFromISR  queue.o
    0x0801292e   0x0801292e   0x00000002   PAD
    0x08012930   0x08012930   0x00000138   Code   RO         7579    i.xQueueReceive     queue.o
    0x08012a68   0x08012a68   0x00000178   Code   RO         7581    i.xQueueSemaphoreTake  queue.o
    0x08012be0   0x08012be0   0x00000074   Code   RO         7984    i.xTaskCheckForTimeOut  tasks.o
    0x08012c54   0x08012c54   0x0000005a   Code   RO         7985    i.xTaskCreate       tasks.o
    0x08012cae   0x08012cae   0x00000056   Code   RO         7986    i.xTaskCreateStatic  tasks.o
    0x08012d04   0x08012d04   0x0000001c   Code   RO         7990    i.xTaskGetSchedulerState  tasks.o
    0x08012d20   0x08012d20   0x0000000c   Code   RO         7991    i.xTaskGetTickCount  tasks.o
    0x08012d2c   0x08012d2c   0x000000c8   Code   RO         7993    i.xTaskIncrementTick  tasks.o
    0x08012df4   0x08012df4   0x00000080   Code   RO         7996    i.xTaskPriorityDisinherit  tasks.o
    0x08012e74   0x08012e74   0x00000078   Code   RO         7997    i.xTaskPriorityInherit  tasks.o
    0x08012eec   0x08012eec   0x00000070   Code   RO         7998    i.xTaskRemoveFromEventList  tasks.o
    0x08012f5c   0x08012f5c   0x000000c4   Code   RO         7999    i.xTaskResumeAll    tasks.o
    0x08013020   0x08013020   0x00000060   Code   RO         8324    i.xTimerCreateTimerTask  timers.o
    0x08013080   0x08013080   0x00000068   Code   RO         8325    i.xTimerGenericCommand  timers.o
    0x080130e8   0x080130e8   0x0000002c   Code   RO         9436    locale$$code        c_w.l(lc_ctype_c.o)
    0x08013114   0x08013114   0x0000002c   Code   RO         9439    locale$$code        c_w.l(lc_numeric_c.o)
    0x08013140   0x08013140   0x00000018   Code   RO         9323    x$fpl$basic         fz_wm.l(basic.o)
    0x08013158   0x08013158   0x00000062   Code   RO         9218    x$fpl$d2f           fz_wm.l(d2f.o)
    0x080131ba   0x080131ba   0x00000002   PAD
    0x080131bc   0x080131bc   0x00000150   Code   RO         9220    x$fpl$dadd          fz_wm.l(daddsub_clz.o)
    0x0801330c   0x0801330c   0x00000010   Code   RO         9441    x$fpl$dcheck1       fz_wm.l(dcheck1.o)
    0x0801331c   0x0801331c   0x00000018   Code   RO         9325    x$fpl$dcmpinf       fz_wm.l(dcmpi.o)
    0x08013334   0x08013334   0x000002b0   Code   RO         9227    x$fpl$ddiv          fz_wm.l(ddiv.o)
    0x080135e4   0x080135e4   0x00000078   Code   RO         9230    x$fpl$deqf          fz_wm.l(deqf.o)
    0x0801365c   0x0801365c   0x0000005e   Code   RO         9232    x$fpl$dfix          fz_wm.l(dfix.o)
    0x080136ba   0x080136ba   0x00000002   PAD
    0x080136bc   0x080136bc   0x0000005a   Code   RO         9236    x$fpl$dfixu         fz_wm.l(dfixu.o)
    0x08013716   0x08013716   0x0000002e   Code   RO         9241    x$fpl$dflt          fz_wm.l(dflt_clz.o)
    0x08013744   0x08013744   0x00000026   Code   RO         9240    x$fpl$dfltu         fz_wm.l(dflt_clz.o)
    0x0801376a   0x0801376a   0x00000002   PAD
    0x0801376c   0x0801376c   0x00000078   Code   RO         9246    x$fpl$dleqf         fz_wm.l(dleqf.o)
    0x080137e4   0x080137e4   0x00000154   Code   RO         9248    x$fpl$dmul          fz_wm.l(dmul.o)
    0x08013938   0x08013938   0x0000009c   Code   RO         9327    x$fpl$dnaninf       fz_wm.l(dnaninf.o)
    0x080139d4   0x080139d4   0x0000000c   Code   RO         9329    x$fpl$dretinf       fz_wm.l(dretinf.o)
    0x080139e0   0x080139e0   0x0000006c   Code   RO         9250    x$fpl$drleqf        fz_wm.l(drleqf.o)
    0x08013a4c   0x08013a4c   0x00000016   Code   RO         9221    x$fpl$drsb          fz_wm.l(daddsub_clz.o)
    0x08013a62   0x08013a62   0x00000002   PAD
    0x08013a64   0x08013a64   0x00000198   Code   RO         9443    x$fpl$dsqrt         fz_wm.l(dsqrt_umaal.o)
    0x08013bfc   0x08013bfc   0x000001d4   Code   RO         9222    x$fpl$dsub          fz_wm.l(daddsub_clz.o)
    0x08013dd0   0x08013dd0   0x00000056   Code   RO         9252    x$fpl$f2d           fz_wm.l(f2d.o)
    0x08013e26   0x08013e26   0x0000008c   Code   RO         9331    x$fpl$fnaninf       fz_wm.l(fnaninf.o)
    0x08013eb2   0x08013eb2   0x0000000a   Code   RO         9550    x$fpl$fpinit        fz_wm.l(fpinit.o)
    0x08013ebc   0x08013ebc   0x0000000a   Code   RO         9333    x$fpl$fretinf       fz_wm.l(fretinf.o)
    0x08013ec6   0x08013ec6   0x00000006   Code   RO         9449    x$fpl$ieeestatus    fz_wm.l(istatus.o)
    0x08013ecc   0x08013ecc   0x00000004   Code   RO         9254    x$fpl$printf1       fz_wm.l(printf1.o)
    0x08013ed0   0x08013ed0   0x00000064   Code   RO         9530    x$fpl$retnan        fz_wm.l(retnan.o)
    0x08013f34   0x08013f34   0x0000005c   Code   RO         9335    x$fpl$scalbn        fz_wm.l(scalbn.o)
    0x08013f90   0x08013f90   0x00000004   Code   RO         9256    x$fpl$scanf1        fz_wm.l(scanf1.o)
    0x08013f94   0x08013f94   0x00000008   Code   RO         9451    x$fpl$scanf2        fz_wm.l(scanf2.o)
    0x08013f9c   0x08013f9c   0x00000030   Code   RO         9552    x$fpl$trapveneer    fz_wm.l(trapv.o)
    0x08013fcc   0x08013fcc   0x00000000   Code   RO         9337    x$fpl$usenofp       fz_wm.l(usenofp.o)
    0x08013fcc   0x08013fcc   0x00000024   Data   RO          380    .constdata          freertos.o
    0x08013ff0   0x08013ff0   0x00032008   Data   RO         1265    .constdata          thread.o
    0x08045ff8   0x08045ff8   0x00004740   Data   RO         1658    .constdata          lcd.o
    0x0804a738   0x0804a738   0x00000007   Data   RO         2434    .constdata          cjson.o
    0x0804a73f   0x0804a73f   0x00000001   PAD
    0x0804a740   0x0804a740   0x00000024   Data   RO         3144    .constdata          malloc.o
    0x0804a764   0x0804a764   0x00000008   Data   RO         4025    .constdata          stm32f4xx_hal_dma.o
    0x0804a76c   0x0804a76c   0x00000010   Data   RO         7345    .constdata          system_stm32f4xx.o
    0x0804a77c   0x0804a77c   0x00000008   Data   RO         7346    .constdata          system_stm32f4xx.o
    0x0804a784   0x0804a784   0x00000028   Data   RO         9141    .constdata          c_w.l(_printf_hex_int.o)
    0x0804a7ac   0x0804a7ac   0x00000011   Data   RO         9171    .constdata          c_w.l(__printf_flags_wp.o)
    0x0804a7bd   0x0804a7bd   0x00000003   PAD
    0x0804a7c0   0x0804a7c0   0x00000088   Data   RO         9273    .constdata          m_wm.l(pow.o)
    0x0804a848   0x0804a848   0x00000008   Data   RO         9356    .constdata          m_wm.l(qnan.o)
    0x0804a850   0x0804a850   0x00000094   Data   RO         9407    .constdata          c_w.l(bigflt0.o)
    0x0804a8e4   0x0804a8e4   0x00000009   Data   RO          381    .conststring        freertos.o
    0x0804a8ed   0x0804a8ed   0x00000003   PAD
    0x0804a8f0   0x0804a8f0   0x00000004   Data   RO         2775    .conststring        mqttkit.o
    0x0804a8f4   0x0804a8f4   0x00000004   Data   RO         2776    .conststring        mqttkit.o
    0x0804a8f8   0x0804a8f8   0x0000005f   Data   RO         2978    .conststring        onenet.o
    0x0804a957   0x0804a957   0x00000001   PAD
    0x0804a958   0x0804a958   0x00000020   Data   RO         9633    Region$$Table       anon$$obj.o
    0x0804a978   0x0804a978   0x00000008   Data   RO         9445    c$$dinf             fz_wm.l(fpconst.o)
    0x0804a980   0x0804a980   0x00000008   Data   RO         9448    c$$dmax             fz_wm.l(fpconst.o)
    0x0804a988   0x0804a988   0x00000110   Data   RO         9435    locale$$data        c_w.l(lc_ctype_c.o)
    0x0804aa98   0x0804aa98   0x0000001c   Data   RO         9438    locale$$data        c_w.l(lc_numeric_c.o)


    Execution Region RW_IRAM2 (Exec base: 0x10000000, Load base: 0x0804ab1c, Size: 0x0000ff00, Max: 0x00010000, ABSOLUTE)

    Exec Addr    Load Addr    Size         Type   Attr      Idx    E Section Name        Object

    0x10000000        -       0x0000f000   Zero   RW         3138    .ARM.__AT_0x10000000  malloc.o
    0x1000f000        -       0x00000f00   Zero   RW         3139    .ARM.__AT_0x1000F000  malloc.o


    Execution Region RW_IRAM1 (Exec base: 0x20000000, Load base: 0x0804aab4, Size: 0x00017218, Max: 0x00030000, ABSOLUTE, COMPRESSED[0x00000068])

    Exec Addr    Load Addr    Size         Type   Attr      Idx    E Section Name        Object

    0x20000000   COMPRESSED   0x00000004   Data   RW           18    .data               main.o
    0x20000004   COMPRESSED   0x00000004   Data   RW          382    .data               freertos.o
    0x20000008   COMPRESSED   0x00000008   Data   RW          495    .data               fmc.o
    0x20000010   COMPRESSED   0x00000004   Data   RW          771    .data               usart.o
    0x20000014   COMPRESSED   0x00000004   Data   RW          855    .data               stm32f4xx_it.o
    0x20000018   COMPRESSED   0x0000000b   Data   RW         1036    .data               app.o
    0x20000023   COMPRESSED   0x00000001   PAD
    0x20000024   COMPRESSED   0x00000004   Data   RW         1152    .data               public.o
    0x20000028   COMPRESSED   0x00000001   Data   RW         1155    .data               public.o
    0x20000029   COMPRESSED   0x00000001   Data   RW         1156    .data               public.o
    0x2000002a   COMPRESSED   0x00000002   Data   RW         1157    .data               public.o
    0x2000002c   COMPRESSED   0x00000001   Data   RW         1158    .data               public.o
    0x2000002d   COMPRESSED   0x00000001   Data   RW         1159    .data               public.o
    0x2000002e   COMPRESSED   0x00000001   Data   RW         1160    .data               public.o
    0x2000002f   COMPRESSED   0x00000001   Data   RW         1161    .data               public.o
    0x20000030   COMPRESSED   0x00000001   Data   RW         1162    .data               public.o
    0x20000031   COMPRESSED   0x00000001   Data   RW         1163    .data               public.o
    0x20000032   COMPRESSED   0x00000001   Data   RW         1164    .data               public.o
    0x20000033   COMPRESSED   0x00000005   PAD
    0x20000038   COMPRESSED   0x00000008   Data   RW         1165    .data               public.o
    0x20000040   COMPRESSED   0x00000008   Data   RW         1166    .data               public.o
    0x20000048   COMPRESSED   0x00000008   Data   RW         1167    .data               public.o
    0x20000050   COMPRESSED   0x00000004   Data   RW         1168    .data               public.o
    0x20000054   COMPRESSED   0x00000004   Data   RW         1169    .data               public.o
    0x20000058   COMPRESSED   0x00000004   Data   RW         1170    .data               public.o
    0x2000005c   COMPRESSED   0x00000004   PAD
    0x20000060   COMPRESSED   0x00000008   Data   RW         1171    .data               public.o
    0x20000068   COMPRESSED   0x00000002   Data   RW         1172    .data               public.o
    0x2000006a   COMPRESSED   0x00000001   Data   RW         1175    .data               public.o
    0x2000006b   COMPRESSED   0x00000001   Data   RW         1176    .data               public.o
    0x2000006c   COMPRESSED   0x00000001   Data   RW         1178    .data               public.o
    0x2000006d   COMPRESSED   0x00000001   Data   RW         1179    .data               public.o
    0x2000006e   COMPRESSED   0x00000001   Data   RW         1180    .data               public.o
    0x2000006f   COMPRESSED   0x00000001   Data   RW         1182    .data               public.o
    0x20000070   COMPRESSED   0x00000004   Data   RW         1184    .data               public.o
    0x20000074   COMPRESSED   0x00000004   Data   RW         1185    .data               public.o
    0x20000078   COMPRESSED   0x00000004   Data   RW         1186    .data               public.o
    0x2000007c   COMPRESSED   0x00000004   Data   RW         1187    .data               public.o
    0x20000080   COMPRESSED   0x00000002   Data   RW         1189    .data               public.o
    0x20000082   COMPRESSED   0x00000002   Data   RW         1190    .data               public.o
    0x20000084   COMPRESSED   0x00000002   Data   RW         1191    .data               public.o
    0x20000086   COMPRESSED   0x00000002   Data   RW         1192    .data               public.o
    0x20000088   COMPRESSED   0x00000002   Data   RW         1193    .data               public.o
    0x2000008a   COMPRESSED   0x00000002   PAD
    0x2000008c   COMPRESSED   0x00000004   Data   RW         1194    .data               public.o
    0x20000090   COMPRESSED   0x00000001   Data   RW         1195    .data               public.o
    0x20000091   COMPRESSED   0x00000001   Data   RW         1196    .data               public.o
    0x20000092   COMPRESSED   0x00000002   PAD
    0x20000094   COMPRESSED   0x00000004   Data   RW         1197    .data               public.o
    0x20000098   COMPRESSED   0x00000004   Data   RW         1198    .data               public.o
    0x2000009c   COMPRESSED   0x00000001   Data   RW         1199    .data               public.o
    0x2000009d   COMPRESSED   0x00000001   Data   RW         1200    .data               public.o
    0x2000009e   COMPRESSED   0x00000001   Data   RW         1201    .data               public.o
    0x2000009f   COMPRESSED   0x00000001   Data   RW         1202    .data               public.o
    0x200000a0   COMPRESSED   0x00000002   Data   RW         1203    .data               public.o
    0x200000a2   COMPRESSED   0x00000002   Data   RW         1204    .data               public.o
    0x200000a4   COMPRESSED   0x00000001   Data   RW         1206    .data               public.o
    0x200000a5   COMPRESSED   0x00000003   PAD
    0x200000a8   COMPRESSED   0x00000004   Data   RW         1207    .data               public.o
    0x200000ac   COMPRESSED   0x00000004   Data   RW         1208    .data               public.o
    0x200000b0   COMPRESSED   0x00000004   Data   RW         1209    .data               public.o
    0x200000b4   COMPRESSED   0x00000004   Data   RW         1211    .data               public.o
    0x200000b8   COMPRESSED   0x00000004   Data   RW         1212    .data               public.o
    0x200000bc   COMPRESSED   0x00000004   Data   RW         1214    .data               public.o
    0x200000c0   COMPRESSED   0x00000004   Data   RW         1215    .data               public.o
    0x200000c4   COMPRESSED   0x00000004   Data   RW         1216    .data               public.o
    0x200000c8   COMPRESSED   0x00000004   Data   RW         1217    .data               public.o
    0x200000cc   COMPRESSED   0x00000004   Data   RW         1218    .data               public.o
    0x200000d0   COMPRESSED   0x00000014   Data   RW         1266    .data               thread.o
    0x200000e4   COMPRESSED   0x00000038   Data   RW         1368    .data               delay.o
    0x2000011c   COMPRESSED   0x00000001   Data   RW         1597    .data               key.o
    0x2000011d   COMPRESSED   0x00000003   PAD
    0x20000120   COMPRESSED   0x00000008   Data   RW         1659    .data               lcd.o
    0x20000128   COMPRESSED   0x00000002   Data   RW         2127    .data               w25qxx.o
    0x2000012a   COMPRESSED   0x00000002   PAD
    0x2000012c   COMPRESSED   0x0000000c   Data   RW         2435    .data               cjson.o
    0x20000138   COMPRESSED   0x00000004   Data   RW         2777    .data               mqttkit.o
    0x2000013c   COMPRESSED   0x00000004   Data   RW         2778    .data               mqttkit.o
    0x20000140   COMPRESSED   0x00000008   Data   RW         2979    .data               onenet.o
    0x20000148   COMPRESSED   0x00000001   Data   RW         3074    .data               wifi.o
    0x20000149   COMPRESSED   0x00000003   PAD
    0x2000014c   COMPRESSED   0x00000024   Data   RW         3145    .data               malloc.o
    0x20000170   COMPRESSED   0x0000000c   Data   RW         4472    .data               stm32f4xx_hal.o
    0x2000017c   COMPRESSED   0x00000004   Data   RW         7347    .data               system_stm32f4xx.o
    0x20000180   COMPRESSED   0x0000003c   Data   RW         8002    .data               tasks.o
    0x200001bc   COMPRESSED   0x00000014   Data   RW         8333    .data               timers.o
    0x200001d0   COMPRESSED   0x00000014   Data   RW         8556    .data               cmsis_os2.o
    0x200001e4   COMPRESSED   0x00000020   Data   RW         8994    .data               heap_5.o
    0x20000204   COMPRESSED   0x0000000c   Data   RW         9046    .data               port.o
    0x20000210        -       0x00000040   Zero   RW           17    .bss                main.o
    0x20000250        -       0x000000a8   Zero   RW          424    .bss                adc.o
    0x200002f8        -       0x00000084   Zero   RW          494    .bss                fmc.o
    0x2000037c        -       0x00000054   Zero   RW          555    .bss                i2c.o
    0x200003d0        -       0x0000000c   Zero   RW          595    .bss                iwdg.o
    0x200003dc        -       0x000000b0   Zero   RW          630    .bss                spi.o
    0x2000048c        -       0x000001b0   Zero   RW          693    .bss                tim.o
    0x2000063c        -       0x00000230   Zero   RW          770    .bss                usart.o
    0x2000086c        -       0x00000048   Zero   RW          982    .bss                stm32f4xx_hal_timebase_tim.o
    0x200008b4        -       0x000000c0   Zero   RW         1035    .bss                app.o
    0x20000974        -       0x00000400   Zero   RW         1148    .bss                public.o
    0x20000d74        -       0x000000a0   Zero   RW         1149    .bss                public.o
    0x20000e14        -       0x00000038   Zero   RW         1150    .bss                public.o
    0x20000e4c        -       0x00000038   Zero   RW         1151    .bss                public.o
    0x20000e84        -       0x000001e4   Zero   RW         1264    .bss                thread.o
    0x20001068        -       0x00000029   Zero   RW         1493    .bss                fontupd.o
    0x20001091   COMPRESSED   0x00000003   PAD
    0x20001094        -       0x00000028   Zero   RW         1547    .bss                hc-sr04.o
    0x200010bc        -       0x0000005e   Zero   RW         1657    .bss                lcd.o
    0x2000111a   COMPRESSED   0x00000002   PAD
    0x2000111c        -       0x00000034   Zero   RW         2020    .bss                sdram.o
    0x20001150        -       0x00000100   Zero   RW         2977    .bss                onenet.o
    0x20001250   COMPRESSED   0x00000010   PAD
    0x20001260        -       0x0000c800   Zero   RW         3142    .bss                malloc.o
    0x2000da60        -       0x00000c80   Zero   RW         3143    .bss                malloc.o
    0x2000e6e0        -       0x00000040   Zero   RW         7583    .bss                queue.o
    0x2000e720        -       0x000004c4   Zero   RW         8001    .bss                tasks.o
    0x2000ebe4        -       0x00000118   Zero   RW         8332    .bss                timers.o
    0x2000ecfc        -       0x000006b8   Zero   RW         8554    .bss                cmsis_os2.o
    0x2000f3b4        -       0x00007800   Zero   RW         8555    .bss                cmsis_os2.o
    0x20016bb4        -       0x00000060   Zero   RW         9370    .bss                c_w.l(libspace.o)
    0x20016c14   COMPRESSED   0x00000004   PAD
    0x20016c18        -       0x00000200   Zero   RW            2    HEAP                startup_stm32f429xx.o
    0x20016e18        -       0x00000400   Zero   RW            1    STACK               startup_stm32f429xx.o



  Load Region LR$$.ARM.__AT_0xC01F4000 (Base: 0xc01f4000, Size: 0x00000000, Max: 0x01c3c000, ABSOLUTE)

    Execution Region ER$$.ARM.__AT_0xC01F4000 (Exec base: 0xc01f4000, Load base: 0xc01f4000, Size: 0x01c3c000, Max: 0x01c3c000, ABSOLUTE, UNINIT)

    Exec Addr    Load Addr    Size         Type   Attr      Idx    E Section Name        Object

    0xc01f4000        -       0x01c3c000   Zero   RW         3140    .ARM.__AT_0xC01F4000  malloc.o



  Load Region LR$$.ARM.__AT_0xC1E30000 (Base: 0xc1e30000, Size: 0x00000000, Max: 0x001c3c00, ABSOLUTE)

    Execution Region ER$$.ARM.__AT_0xC1E30000 (Exec base: 0xc1e30000, Load base: 0xc1e30000, Size: 0x001c3c00, Max: 0x001c3c00, ABSOLUTE, UNINIT)

    Exec Addr    Load Addr    Size         Type   Attr      Idx    E Section Name        Object

    0xc1e30000        -       0x001c3c00   Zero   RW         3141    .ARM.__AT_0xC1E30000  malloc.o


==============================================================================

Image component sizes


      Code (inc. data)   RO Data    RW Data    ZI Data      Debug   Object Name

       312         52          0          0          0       2615   24c02.o
       320         34          0          0        168       1883   adc.o
      2012        780          0         11        192       7801   app.o
      4528        284          7         12          0      26992   cjson.o
       338         24          0         20      32440      58827   cmsis_os2.o
       396        114          0         56          0       4810   delay.o
       174         18          0          0          0       1695   dht11.o
       108          4          0          0          0        854   dma.o
       574         56          0          0          0       6122   ds18b20.o
       574         56          0          0          0       5354   ds18b20_2.o
        48         10          0          0          0        594   duoji.o
         0          0          0          0          0      19520   event_groups.o
       420         38          0          8        132       2858   fmc.o
        64          6          0          0         41       3352   fontupd.o
       704        276         45          4          0       2093   freertos.o
       488         42          0          0          0       1279   gpio.o
       516         68          0          0         40       4089   hc-sr04.o
       536         22          0         32          0       5540   heap_5.o
       196         26          0          0         84       1741   i2c.o
        44          8          0          0         12        743   iwdg.o
       332         20          0          1          0        915   key.o
     10920        154      18240          8         94      19642   lcd.o
       138          0          0          0          0       3610   list.o
       948        160          0          4         64     831389   main.o
       466         74         36         36   31575936       7098   malloc.o
      2326         50          8          8          0      17209   mqttkit.o
      4100       1854         95          8        256      10704   onenet.o
       220         62          0          0          0       3178   pcf8574.o
       786         82          0         12          0      11625   port.o
         0          0          0        156       1296       7023   public.o
      2036         24          0          0         64      22461   queue.o
       228         20          0          0         52       2486   sdram.o
       404         48          0          0        176       3559   spi.o
        64         26        428          0       1536        852   startup_stm32f429xx.o
        80         14          0         12          0       8286   stm32f4xx_hal.o
      1224         72          0          0          0       7561   stm32f4xx_hal_adc.o
       158         14          0          0          0      33214   stm32f4xx_hal_cortex.o
      1084         16          8          0          0       7438   stm32f4xx_hal_dma.o
       600         54          0          0          0       3564   stm32f4xx_hal_gpio.o
      3346         86          0          0          0      17753   stm32f4xx_hal_i2c.o
       128          0          0          0          0       1887   stm32f4xx_hal_i2c_ex.o
       102          0          0          0          0       1919   stm32f4xx_hal_iwdg.o
        56          4          0          0          0        886   stm32f4xx_hal_msp.o
       112         14          0          0          0       1308   stm32f4xx_hal_pwr_ex.o
      1412         86          0          0          0       5969   stm32f4xx_hal_rcc.o
       172          0          0          0          0       2884   stm32f4xx_hal_sdram.o
       942         12          0          0          0       4961   stm32f4xx_hal_spi.o
        92          0          0          0          0       1236   stm32f4xx_hal_sram.o
      3056        222          0          0          0      23809   stm32f4xx_hal_tim.o
       148         28          0          0          0       2497   stm32f4xx_hal_tim_ex.o
       152         20          0          0         72       1512   stm32f4xx_hal_timebase_tim.o
      2056         44          0          0          0      16791   stm32f4xx_hal_uart.o
       436        170          0          4          0       8432   stm32f4xx_it.o
       650         24          0          0          0       7320   stm32f4xx_ll_fmc.o
        16          4         24          4          0       1159   system_stm32f4xx.o
      2704        222          0         60       1220      32378   tasks.o
       466         14          0          0          0       3611   text.o
      3368       1232     204808         20        484       5200   thread.o
      1204        114          0          0        432       6393   tim.o
       972         80          0         20        280      29815   timers.o
       770         88          0          4        560       6402   usart.o
       300         30          0          2          0       3432   w25qxx.o
      1172        496          0          1          0      34977   wifi.o

    ----------------------------------------------------------------------
     62380       7656     223736        528   31615652    1383107   Object Totals
         0          0         32          0          0          0   (incl. Generated)
        82          4          5         25         21          0   (incl. Padding)

    ----------------------------------------------------------------------

      Code (inc. data)   RO Data    RW Data    ZI Data      Debug   Library Member Name

        60          8          0          0          0         84   __0sscanf.o
        90          0          0          0          0          0   __dczerorl2.o
         8          0          0          0          0         68   __main.o
       312          4         17          0          0         92   __printf_flags_wp.o
        14          0          0          0          0         68   __printf_wp.o
         0          0          0          0          0          0   __rtentry.o
        12          0          0          0          0          0   __rtentry2.o
         6          0          0          0          0          0   __rtentry4.o
        52          8          0          0          0          0   __scatter.o
        28          0          0          0          0          0   __scatter_zi.o
        28          0          0          0          0         68   _chval.o
        44          0          0          0          0        108   _printf_char.o
        48          6          0          0          0         96   _printf_char_common.o
        36          4          0          0          0         80   _printf_char_file.o
         6          0          0          0          0          0   _printf_d.o
       120         16          0          0          0         92   _printf_dec.o
         6          0          0          0          0          0   _printf_e.o
         6          0          0          0          0          0   _printf_f.o
      1054          0          0          0          0        216   _printf_fp_dec.o
       128         16          0          0          0         84   _printf_fp_infnan.o
        88          4         40          0          0         88   _printf_hex_int.o
       178          0          0          0          0         88   _printf_intcommon.o
        78          0          0          0          0        108   _printf_pad.o
         0          0          0          0          0          0   _printf_percent.o
         4          0          0          0          0          0   _printf_percent_end.o
         6          0          0          0          0          0   _printf_s.o
        82          0          0          0          0         80   _printf_str.o
         6          0          0          0          0          0   _printf_x.o
        22          0          0          0          0        100   _rserrno.o
       884          6          0          0          0        100   _scanf.o
       332          0          0          0          0         96   _scanf_int.o
        64          0          0          0          0         84   _sgetc.o
        10          0          0          0          0         68   _sputc.o
       158          0          0          0          0         92   _strtoul.o
        16          0          0          0          0         68   aeabi_memset.o
        26          0          0          0          0         80   atoi.o
       228          4        148          0          0         96   bigflt0.o
      2152        136          0          0          0        960   btod.o
        18          0          0          0          0         80   exit.o
         8          0          0          0          0         68   ferror.o
         6          0          0          0          0        152   heapauxi.o
        18          0          0          0          0         76   isspace.o
        44         10        272          0          0         76   lc_ctype_c.o
        44         10         28          0          0         76   lc_numeric_c.o
         2          0          0          0          0          0   libinit.o
        34          0          0          0          0          0   libinit2.o
         2          0          0          0          0          0   libshutdown.o
         2          0          0          0          0          0   libshutdown2.o
         8          4          0          0         96         68   libspace.o
        38          0          0          0          0         68   llshl.o
       138          0          0          0          0         80   lludiv10.o
       238          0          0          0          0        100   lludivv7m.o
        24          4          0          0          0         84   noretval__2printf.o
        40          6          0          0          0         84   noretval__2sprintf.o
        16          4          0          0          0         76   rt_ctype_table.o
         8          4          0          0          0         68   rt_errno_addr_intlibspace.o
         8          4          0          0          0         68   rt_locale_intlibspace.o
        68          0          0          0          0         68   rt_memclr.o
        78          0          0          0          0         80   rt_memclr_w.o
       138          0          0          0          0         68   rt_memcpy_v6.o
       100          0          0          0          0         80   rt_memcpy_w.o
         2          0          0          0          0          0   rtexit.o
        10          0          0          0          0          0   rtexit2.o
        44          8          0          0          0         84   scanf_char.o
      1272         16          0          0          0        168   scanf_fp.o
       800         14          0          0          0        100   scanf_hexfp.o
       308         16          0          0          0        100   scanf_infnan.o
        20          0          0          0          0         68   strchr.o
       128          0          0          0          0         68   strcmpv7m.o
        72          0          0          0          0         80   strcpy.o
        62          0          0          0          0         76   strlen.o
        36          0          0          0          0         76   strncat.o
       150          0          0          0          0         80   strncmp.o
        36          0          0          0          0         80   strstr.o
       112          0          0          0          0         88   strtol.o
        74          0          0          0          0         80   sys_stackheap_outer.o
        26          0          0          0          0         76   tolower.o
         2          0          0          0          0         68   use_no_semi.o
         2          0          0          0          0         68   use_no_semi_2.o
        24          0          0          0          0        164   basic.o
        98          4          0          0          0        140   d2f.o
       826         16          0          0          0        492   daddsub_clz.o
        16          4          0          0          0        116   dcheck1.o
        24          0          0          0          0        116   dcmpi.o
       688        140          0          0          0        256   ddiv.o
       120          4          0          0          0        140   deqf.o
        94          4          0          0          0        140   dfix.o
        90          4          0          0          0        140   dfixu.o
        84          0          0          0          0        232   dflt_clz.o
       120          4          0          0          0        140   dleqf.o
       340         12          0          0          0        152   dmul.o
       156          4          0          0          0        140   dnaninf.o
        12          0          0          0          0        116   dretinf.o
       108          0          0          0          0        128   drleqf.o
       408         56          0          0          0        168   dsqrt_umaal.o
        86          4          0          0          0        132   f2d.o
       140          4          0          0          0        132   fnaninf.o
         0          0         16          0          0          0   fpconst.o
        10          0          0          0          0        116   fpinit.o
        10          0          0          0          0        116   fretinf.o
         6          0          0          0          0        116   istatus.o
         4          0          0          0          0        116   printf1.o
       100          0          0          0          0        116   retnan.o
        92          0          0          0          0        116   scalbn.o
         4          0          0          0          0        116   scanf1.o
         8          0          0          0          0        132   scanf2.o
        48          0          0          0          0        116   trapv.o
         0          0          0          0          0          0   usenofp.o
       164         44          0          0          0        620   dunder.o
        44          0          0          0          0        248   fabs.o
       280         28          0          0          0        156   floor.o
        48          0          0          0          0        124   fpclassify.o
       140         22          0          0          0        132   frexp.o
       228          8          0          0          0        308   ldexp.o
       266         16          0          0          0        308   narrow.o
       248          0          0          0          0        152   poly.o
      3152        296        136          0          0        352   pow.o
         0          0          8          0          0          0   qnan.o
       110          0          0          0          0        148   sqrt.o

    ----------------------------------------------------------------------
     19060        988        668          0        100      12696   Library Totals
        36          2          3          0          4          0   (incl. Padding)

    ----------------------------------------------------------------------

      Code (inc. data)   RO Data    RW Data    ZI Data      Debug   Library Name

     10628        312        505          0         96       6044   c_w.l
      3716        260         16          0          0       4104   fz_wm.l
      4680        414        144          0          0       2548   m_wm.l

    ----------------------------------------------------------------------
     19060        988        668          0        100      12696   Library Totals

    ----------------------------------------------------------------------

==============================================================================


      Code (inc. data)   RO Data    RW Data    ZI Data      Debug   

     81440       8644     224404        528   31615752    1347419   Grand Totals
     81440       8644     224404        104   31615752    1347419   ELF Image Totals (compressed)
     81440       8644     224404        104          0          0   ROM Totals

==============================================================================

    Total RO  Size (Code + RO Data)               305844 ( 298.68kB)
    Total RW  Size (RW Data + ZI Data)          31616280 (30875.27kB)
    Total ROM Size (Code + RO Data + RW Data)     305948 ( 298.78kB)

==============================================================================

