<html>
<body>
<pre>
<h1>µVision Build Log</h1>
<h2>Tool Versions:</h2>
IDE-Version: ¦ÌVision V5.28.0.0
Copyright (C) 2019 ARM Ltd and ARM Germany GmbH. All rights reserved.
License Information: 1 1, 11, LIC=NQQMA-1MHGP-30JNC-76A47-CXLR3-E6UMR
 
Tool Versions:
Toolchain:       MDK-ARM Plus  Version: 5.28.0.0
Toolchain Path:  D:\software\MDK5\ARM\ARMCC\Bin
C Compiler:      Armcc.exe V5.06 update 6 (build 750)
Assembler:       Armasm.exe V5.06 update 6 (build 750)
Linker/Locator:  ArmLink.exe V5.06 update 6 (build 750)
Library Manager: ArmAr.exe V5.06 update 6 (build 750)
Hex Converter:   FromElf.exe V5.06 update 6 (build 750)
CPU DLL:         SARMCM3.DLL V5.28.0.0
Dialog DLL:      DCM.DLL V1.17.3.0
Target DLL:      STLink\ST-LINKIII-KEIL_SWO.dll V3.0.6.0
Dialog DLL:      TCM.DLL V1.36.2.0
 
<h2>Project:</h2>
E:\HAREWARD\tzl\23_tempate\yyds\water\template\MDK-ARM\new_template.uvprojx
Project File Date:  10/29/2023

<h2>Output:</h2>
*** Using Compiler 'V5.06 update 6 (build 750)', folder: 'D:\software\MDK5\ARM\ARMCC\Bin'
Build target 'new_template'
compiling freertos.c...
compiling adc.c...
compiling fmc.c...
compiling dma.c...
compiling main.c...
compiling gpio.c...
compiling i2c.c...
compiling iwdg.c...
compiling spi.c...
compiling stm32f4xx_it.c...
compiling tim.c...
compiling stm32f4xx_hal_msp.c...
compiling usart.c...
compiling app.c...
..\APP\app.c(330): warning:  #226-D: invalid format string conversion
                  sscanf(at_data_arr, "%.2f-%.2f-%d-%.2f-%d-%d", &temperature, &humidity, &Lighting, &voltage, &Turbidity, &Gas);
..\APP\app.c: 1 warning, 0 errors
compiling public.c...
compiling 24c02.c...
compiling fontupd.c...
compiling dht11.c...
compiling delay.c...
compiling hc-sr04.c...
compiling thread.c...
compiling key.c...
compiling PCF8574.c...
compiling sdram.c...
compiling text.c...
compiling rc522.c...
compiling duoji.c...
compiling w25qxx.c...
compiling ds18b20.c...
compiling lcd.c...
compiling ds18b20_2.c...
compiling MqttKit.c...
compiling onenet.c...
compiling wifi.c...
compiling malloc.c...
compiling cJSON.c...
linking...
Program Size: Code=81440 RO-data=224404 RW-data=528 ZI-data=31615752  
"new_template\new_template.axf" - 0 Error(s), 1 Warning(s).

<h2>Software Packages used:</h2>

Package Vendor: ARM
                http://www.keil.com/pack/ARM.CMSIS.5.5.1.pack
                ARM.CMSIS.5.5.1
                CMSIS (Cortex Microcontroller Software Interface Standard)
   * Component: CORE Version: 5.2.0

Package Vendor: Keil
                http://www.keil.com/pack/Keil.STM32F4xx_DFP.2.9.0.pack
                Keil.STM32F4xx_DFP.2.9.0
                STMicroelectronics STM32F4 Series Device Support, Drivers and Examples

<h2>Collection of Component include folders:</h2>
  .\RTE\_new_template
  D:\software\MDK5\Arm\Packs\ARM\CMSIS\5.5.1\CMSIS\Core\Include
  D:\software\MDK5\Arm\Packs\Keil\STM32F4xx_DFP\2.9.0\Drivers\CMSIS\Device\ST\STM32F4xx\Include

<h2>Collection of Component Files used:</h2>

   * Component: ARM::CMSIS:CORE:5.2.0
Build Time Elapsed:  00:00:10
</pre>
</body>
</html>
