<html>
<body>
<pre>
<h1>礦ision Build Log</h1>
<h2>Tool Versions:</h2>
IDE-Version: μVision V5.21.1.0
Copyright (C) 2016 ARM Ltd and ARM Germany GmbH. All rights reserved.
License Information: 1 1, 1, LIC=HN0AE-5TV5A-BSDYX-HNVSD-VFY86-BQIQQ
 
Tool Versions:
Toolchain:       MDK-ARM Plus  Version: 5.21a
Toolchain Path:  D:\software\Keil5\ARM\ARMCC\Bin
C Compiler:      Armcc.exe V5.06 update 3 (build 300)
Assembler:       Armasm.exe V5.06 update 3 (build 300)
Linker/Locator:  ArmLink.exe V5.06 update 3 (build 300)
Library Manager: ArmAr.exe V5.06 update 3 (build 300)
Hex Converter:   FromElf.exe V5.06 update 3 (build 300)
CPU DLL:         SARMCM3.DLL V5.21a
Dialog DLL:      DARMSTM.DLL V1.66.0.1
Target DLL:      STLink\ST-LINKIII-KEIL_SWO.dll V2.0.18.0
Dialog DLL:      TARMSTM.DLL V1.65.0.0
 
<h2>Project:</h2>
E:\硬件\workspace_stm\workspace\3-煮茶\（已售）MQTT ONENET 新板\20 MQTT ONENET 新板\USER\OLED.uvproj
Project File Date:  04/17/2023

<h2>Output:</h2>
*** Using Compiler 'V5.06 update 3 (build 300)', folder: 'D:\software\Keil5\ARM\ARMCC\Bin'
Build target 'Target 1'
compiling led.c...
compiling stm32f10x_it.c...
compiling key.c...
compiling dht11.c...
compiling main.c...
compiling system_stm32f10x.c...
compiling oled.c...
assembling startup_stm32f10x_hd.s...
compiling sys.c...
compiling delay.c...
compiling usart.c...
compiling misc.c...
compiling stm32f10x_gpio.c...
compiling core_cm3.c...
compiling stm32f10x_rcc.c...
compiling MqttKit.c...
compiling onenet.c...
compiling stm32f10x_usart.c...
compiling esp8266.c...
compiling cJSON.c...
..\NET\cJSON\cJSON.c(55): warning:  #1293-D: assignment in condition
        if (!(copy = (char*)cJSON_malloc(len))) return 0;
..\NET\cJSON\cJSON.c(278): warning:  #1293-D: assignment in condition
  	ptr=str;while ((token=*ptr) && ++len) {if (strchr("\"\\\b\f\n\r\t",token)) len++; else if (token<32) len+=5;ptr++;}
..\NET\cJSON\cJSON.c(352): warning:  #111-D: statement is unreachable
  	return p.buffer;
..\NET\cJSON\cJSON.c(423): warning:  #1293-D: assignment in condition
  		if (!(new_item=cJSON_New_Item())) return 0; 	/* memory fail */
..\NET\cJSON\cJSON.c(535): warning:  #1293-D: assignment in condition
  		if (!(new_item=cJSON_New_Item()))	return 0; /* memory fail */
..\NET\cJSON\cJSON.c: 5 warnings, 0 errors
linking...
Program Size: Code=30508 RO-data=16244 RW-data=2016 ZI-data=2192  
FromELF: creating hex file...
"..\OBJ\OLED.axf" - 0 Error(s), 5 Warning(s).
Build Time Elapsed:  00:00:04
</pre>
</body>
</html>
