<html>
<body>
<pre>
<h1>µVision Build Log</h1>
<h2>Tool Versions:</h2>
IDE-Version: ¶ÃVision V5.33.0.0
Copyright (C) 2020 ARM Ltd and ARM Germany GmbH. All rights reserved.
License Information: 1 1, 1, LIC=HF8SB-2XJVE-NR3XL-037HN-1QV68-YE0FB
 
Tool Versions:
Toolchain:       MDK-ARM Professional  Version: 5.33.0.0
Toolchain Path:  D:\software\keil5\ARM\ARMCC\Bin
C Compiler:      Armcc.exe V5.06 update 7 (build 960)
Assembler:       Armasm.exe V5.06 update 7 (build 960)
Linker/Locator:  ArmLink.exe V5.06 update 7 (build 960)
Library Manager: ArmAr.exe V5.06 update 7 (build 960)
Hex Converter:   FromElf.exe V5.06 update 7 (build 960)
CPU DLL:         SARMCM3.DLL V5.33.0.0
Dialog DLL:      DCM.DLL V1.17.3.0
Target DLL:      STLink\ST-LINKIII-KEIL_SWO.dll V3.0.8.0
Dialog DLL:      TCM.DLL V1.48.0.0
 
<h2>Project:</h2>
C:\Users\xq\Desktop\c8t63.0\MDK-ARM\c8t6.uvprojx
Project File Date:  06/09/2023

<h2>Output:</h2>
*** Using Compiler 'V5.06 update 7 (build 960)', folder: 'D:\software\keil5\ARM\ARMCC\Bin'
Build target 'c8t6'
compiling wifi.c...
..\NET\src\wifi.c(92): warning:  #223-D: function "printf" declared implicitly
      printf("7. ESP8266 Init OK\r\n");
..\NET\src\wifi.c(195): warning:  #223-D: function "sprintf" declared implicitly
      sprintf(cmdBuf, "AT+CIPSEND=%d\r\n", len);		//∑¢ÀÕ√¸¡Ó
..\NET\src\wifi.c(196): warning:  #223-D: function "printf" declared implicitly
      printf("cmdBuf=%s\r\n",cmdBuf);
..\NET\src\wifi.c: 3 warnings, 0 errors
linking...
Program Size: Code=25878 RO-data=16822 RW-data=2540 ZI-data=3036  
FromELF: creating hex file...
"c8t6\c8t6.axf" - 0 Error(s), 3 Warning(s).

<h2>Software Packages used:</h2>

Package Vendor: ARM
                http://www.keil.com/pack/ARM.CMSIS.5.7.0.pack
                ARM.CMSIS.5.7.0
                CMSIS (Cortex Microcontroller Software Interface Standard)
   * Component: CORE Version: 5.4.0

Package Vendor: Keil
                http://www.keil.com/pack/Keil.STM32F1xx_DFP.1.0.5.pack
                Keil.STM32F1xx_DFP.1.0.5
                STMicroelectronics STM32F1 Series Device Support, Drivers and Examples

<h2>Collection of Component include folders:</h2>
  .\RTE\_c8t6
  D:\software\keil5l\Arm\Packs\ARM\CMSIS\5.7.0\CMSIS\Core\Include
  D:\software\keil5l\Arm\Packs\Keil\STM32F1xx_DFP\1.0.5\Device\Include

<h2>Collection of Component Files used:</h2>

   * Component: ARM::CMSIS:CORE:5.4.0
Build Time Elapsed:  00:00:02
</pre>
</body>
</html>
