<html>
<body>
<pre>
<h1>礦ision Build Log</h1>
<h2>Tool Versions:</h2>
IDE-Version: μVision V5.33.0.0
Copyright (C) 2020 ARM Ltd and ARM Germany GmbH. All rights reserved.
License Information: 1 1, 1, LIC=HF8SB-2XJVE-NR3XL-037HN-1QV68-YE0FB
 
Tool Versions:
Toolchain:       MDK-ARM Professional  Version: 5.33.0.0
Toolchain Path:  D:\software\keil5\ARM\ARMCC\Bin
C Compiler:      Armcc.exe V5.06 update 7 (build 960)
Assembler:       Armasm.exe V5.06 update 7 (build 960)
Linker/Locator:  ArmLink.exe V5.06 update 7 (build 960)
Library Manager: ArmAr.exe V5.06 update 7 (build 960)
Hex Converter:   FromElf.exe V5.06 update 7 (build 960)
CPU DLL:         SARMCM3.DLL V5.33.0.0
Dialog DLL:      DCM.DLL V1.17.3.0
Target DLL:      STLink\ST-LINKIII-KEIL_SWO.dll V3.0.8.0
Dialog DLL:      TCM.DLL V1.48.0.0
 
<h2>Project:</h2>
E:\HAREWARD\接单\STM32接入OneNET（HAL库版本）\onenet_mqtt_demo\MDK-ARM\onenet_mqtt_demo.uvprojx
Project File Date:  05/30/2023

<h2>Output:</h2>
*** Using Compiler 'V5.06 update 7 (build 960)', folder: 'D:\software\keil5\ARM\ARMCC\Bin'
Build target 'onenet_mqtt_demo'
assembling startup_stm32f103xb.s...
compiling dma.c...
compiling gpio.c...
compiling tim.c...
compiling usart.c...
compiling i2c.c...
compiling main.c...
compiling adc.c...
compiling stm32f1xx_hal_gpio_ex.c...
compiling stm32f1xx_hal.c...
compiling stm32f1xx_hal_adc_ex.c...
compiling stm32f1xx_hal_rcc.c...
compiling stm32f1xx_hal_adc.c...
compiling stm32f1xx_it.c...
compiling stm32f1xx_hal_msp.c...
compiling stm32f1xx_hal_rcc_ex.c...
compiling stm32f1xx_hal_pwr.c...
compiling stm32f1xx_hal_cortex.c...
compiling stm32f1xx_hal_dma.c...
compiling stm32f1xx_hal_gpio.c...
compiling stm32f1xx_hal_flash.c...
compiling stm32f1xx_hal_flash_ex.c...
compiling stm32f1xx_hal_exti.c...
compiling stm32f1xx_ll_exti.c...
compiling stm32f1xx_ll_rcc.c...
compiling stm32f1xx_ll_utils.c...
compiling stm32f1xx_hal_tim_ex.c...
compiling stm32f1xx_hal_uart.c...
compiling stm32f1xx_hal_i2c.c...
compiling stm32f1xx_hal_tim.c...
compiling MqttKit.c...
compiling stm32f1xx_ll_dma.c...
compiling stm32f1xx_ll_gpio.c...
compiling system_stm32f1xx.c...
compiling stm32f1xx_ll_usart.c...
compiling voice.c...
compiling esp8266.c...
compiling onenet.c...
compiling dht11.c...
compiling lighting.c...
compiling HC_SR04.c...
compiling oled.c...
linking...
Program Size: Code=25726 RO-data=16586 RW-data=2360 ZI-data=2704  
FromELF: creating hex file...
"onenet_mqtt_demo\onenet_mqtt_demo.axf" - 0 Error(s), 0 Warning(s).

<h2>Software Packages used:</h2>

Package Vendor: ARM
                http://www.keil.com/pack/ARM.CMSIS.5.9.0.pack
                ARM.CMSIS.5.9.0
                CMSIS (Common Microcontroller Software Interface Standard)
   * Component: CORE Version: 5.6.0

Package Vendor: Keil
                http://www.keil.com/pack/Keil.STM32F1xx_DFP.1.0.5.pack
                Keil.STM32F1xx_DFP.1.0.5
                STMicroelectronics STM32F1 Series Device Support, Drivers and Examples

<h2>Collection of Component include folders:</h2>
  .\RTE\_onenet_mqtt_demo
  D:\software\keil5l\Arm\Packs\ARM\CMSIS\5.9.0\CMSIS\Core\Include
  D:\software\keil5l\Arm\Packs\Keil\STM32F1xx_DFP\1.0.5\Device\Include

<h2>Collection of Component Files used:</h2>

   * Component: ARM::CMSIS:CORE:5.6.0
Build Time Elapsed:  00:00:22
</pre>
</body>
</html>
