Component: ARM Compiler 5.06 update 6 (build 750) Tool: armlink [4d35ed]

==============================================================================

Section Cross References

    startup_stm32f429xx.o(RESET) refers to startup_stm32f429xx.o(STACK) for __initial_sp
    startup_stm32f429xx.o(RESET) refers to startup_stm32f429xx.o(.text) for Reset_Handler
    startup_stm32f429xx.o(RESET) refers to stm32f4xx_it.o(i.NMI_Handler) for NMI_Handler
    startup_stm32f429xx.o(RESET) refers to context_rvds.o(.text) for HardFault_Handler
    startup_stm32f429xx.o(RESET) refers to stm32f4xx_it.o(i.MemManage_Handler) for MemManage_Handler
    startup_stm32f429xx.o(RESET) refers to stm32f4xx_it.o(i.BusFault_Handler) for BusFault_Handler
    startup_stm32f429xx.o(RESET) refers to stm32f4xx_it.o(i.UsageFault_Handler) for UsageFault_Handler
    startup_stm32f429xx.o(RESET) refers to stm32f4xx_it.o(i.DebugMon_Handler) for DebugMon_Handler
    startup_stm32f429xx.o(RESET) refers to board.o(i.SysTick_Handler) for SysTick_Handler
    startup_stm32f429xx.o(RESET) refers to stm32f4xx_it.o(i.DMA1_Stream1_IRQHandler) for DMA1_Stream1_IRQHandler
    startup_stm32f429xx.o(RESET) refers to stm32f4xx_it.o(i.TIM1_UP_TIM10_IRQHandler) for TIM1_UP_TIM10_IRQHandler
    startup_stm32f429xx.o(RESET) refers to stm32f4xx_it.o(i.TIM2_IRQHandler) for TIM2_IRQHandler
    startup_stm32f429xx.o(RESET) refers to stm32f4xx_it.o(i.USART3_IRQHandler) for USART3_IRQHandler
    startup_stm32f429xx.o(RESET) refers to stm32f4xx_it.o(i.TIM8_TRG_COM_TIM14_IRQHandler) for TIM8_TRG_COM_TIM14_IRQHandler
    startup_stm32f429xx.o(RESET) refers to stm32f4xx_it.o(i.DMA2_Stream0_IRQHandler) for DMA2_Stream0_IRQHandler
    startup_stm32f429xx.o(.text) refers to system_stm32f4xx.o(i.SystemInit) for SystemInit
    startup_stm32f429xx.o(.text) refers to entry.o(.ARM.Collect$$$$00000000) for __main
    main.o(i.HAL_TIM_PeriodElapsedCallback) refers to stm32f4xx_hal.o(i.HAL_IncTick) for HAL_IncTick
    main.o(i.SystemClock_Config) refers to memseta.o(.text) for __aeabi_memclr4
    main.o(i.SystemClock_Config) refers to stm32f4xx_hal_rcc.o(i.HAL_RCC_OscConfig) for HAL_RCC_OscConfig
    main.o(i.SystemClock_Config) refers to stm32f4xx_hal_pwr_ex.o(i.HAL_PWREx_EnableOverDrive) for HAL_PWREx_EnableOverDrive
    main.o(i.SystemClock_Config) refers to stm32f4xx_hal_rcc.o(i.HAL_RCC_ClockConfig) for HAL_RCC_ClockConfig
    main.o(i.main) refers to stm32f4xx_hal.o(i.HAL_Init) for HAL_Init
    main.o(i.main) refers to main.o(i.SystemClock_Config) for SystemClock_Config
    main.o(i.main) refers to gpio.o(i.MX_GPIO_Init) for MX_GPIO_Init
    main.o(i.main) refers to dma.o(i.MX_DMA_Init) for MX_DMA_Init
    main.o(i.main) refers to adc.o(i.MX_ADC1_Init) for MX_ADC1_Init
    main.o(i.main) refers to i2c.o(i.MX_I2C2_Init) for MX_I2C2_Init
    main.o(i.main) refers to spi.o(i.MX_SPI2_Init) for MX_SPI2_Init
    main.o(i.main) refers to tim.o(i.MX_TIM1_Init) for MX_TIM1_Init
    main.o(i.main) refers to tim.o(i.MX_TIM2_Init) for MX_TIM2_Init
    main.o(i.main) refers to usart.o(i.MX_USART1_UART_Init) for MX_USART1_UART_Init
    main.o(i.main) refers to usart.o(i.MX_USART3_UART_Init) for MX_USART3_UART_Init
    main.o(i.main) refers to fmc.o(i.MX_FMC_Init) for MX_FMC_Init
    main.o(i.main) refers to tim.o(i.MX_TIM3_Init) for MX_TIM3_Init
    main.o(i.main) refers to usart.o(i.MX_USART2_UART_Init) for MX_USART2_UART_Init
    main.o(i.main) refers to tim.o(i.MX_TIM4_Init) for MX_TIM4_Init
    main.o(i.main) refers to spi.o(i.MX_SPI5_Init) for MX_SPI5_Init
    main.o(i.main) refers to app.o(i.Mx_Init) for Mx_Init
    main.o(i.main) refers to ipc.o(i.rt_mutex_create) for rt_mutex_create
    main.o(i.main) refers to thread.o(i.rt_thread_create) for rt_thread_create
    main.o(i.main) refers to thread.o(i.rt_thread_startup) for rt_thread_startup
    main.o(i.main) refers to printfa.o(i.__0printf) for __2printf
    main.o(i.main) refers to wifi.o(i.ESP8266_Init) for ESP8266_Init
    main.o(i.main) refers to onenet.o(i.OneNet_Send_Device_ID_Data) for OneNet_Send_Device_ID_Data
    main.o(i.main) refers to onenet.o(i.OneNet_SendData) for OneNet_SendData
    main.o(i.main) refers to wifi.o(i.ESP8266_Clear) for ESP8266_Clear
    main.o(i.main) refers to wifi.o(i.ESP8266_GetIPD) for ESP8266_GetIPD
    main.o(i.main) refers to onenet.o(i.OneNet_RevPro) for OneNet_RevPro
    main.o(i.main) refers to thread.o(i.rt_thread_mdelay) for rt_thread_mdelay
    main.o(i.main) refers to app.o(i.resest_wifi) for resest_wifi
    main.o(i.main) refers to app.o(i.resest_server) for resest_server
    main.o(i.main) refers to onenet.o(i.OneNet_DevLink) for OneNet_DevLink
    main.o(i.main) refers to main.o(.data) for .data
    main.o(i.main) refers to app.o(i.lcd_show) for lcd_show
    main.o(i.main) refers to app.o(i.collect_data) for collect_data
    main.o(i.main) refers to app.o(i.read_rfid) for read_rfid
    main.o(i.main) refers to app.o(i.Logical_code_entry) for Logical_code_entry
[...]
    my_mem_init                              0x0800def1   Thumb Code    36  malloc.o(i.my_mem_init)
    my_mem_malloc                            0x0800df1d   Thumb Code   128  malloc.o(i.my_mem_malloc)
    my_mem_perused                           0x0800dfa5   Thumb Code    50  malloc.o(i.my_mem_perused)
    mymemset                                 0x0800dfe1   Thumb Code    14  malloc.o(i.mymemset)
    pcf8574_Check                            0x0800e5c1   Thumb Code    60  pcf8574.o(i.pcf8574_Check)
    pcf8574_ReadOneByte                      0x0800e631   Thumb Code    36  pcf8574.o(i.pcf8574_ReadOneByte)
    pcf8574_WriteOneByte                     0x0800e679   Thumb Code    32  pcf8574.o(i.pcf8574_WriteOneByte)
    read_rfid                                0x0800f15d   Thumb Code    38  app.o(i.read_rfid)
    resest_server                            0x0800f195   Thumb Code   284  app.o(i.resest_server)
    resest_wifi                              0x0800f38d   Thumb Code   110  app.o(i.resest_wifi)
    rt_application_init                      0x0800f475   Thumb Code    32  components.o(i.rt_application_init)
    rt_components_board_init                 0x0800f4a1   Thumb Code    20  components.o(i.rt_components_board_init)
    rt_components_init                       0x0800f4bd   Thumb Code    20  components.o(i.rt_components_init)
    rt_enter_critical                        0x0800f4d9   Thumb Code    22  scheduler.o(i.rt_enter_critical)
    rt_exit_critical                         0x0800f4f5   Thumb Code    52  scheduler.o(i.rt_exit_critical)
    rt_free                                  0x0800f52d   Thumb Code   112  mem.o(i.rt_free)
    rt_heap_begin_get                        0x0800f5f1   Thumb Code     4  board.o(i.rt_heap_begin_get)
    rt_heap_end_get                          0x0800f5f9   Thumb Code     4  board.o(i.rt_heap_end_get)
    rt_hw_board_init                         0x0800f601   Thumb Code    54  board.o(i.rt_hw_board_init)
    rt_hw_console_output                     0x0800f639   Thumb Code    66  board.o(i.rt_hw_console_output)
    rt_hw_hard_fault_exception               0x0800f681   Thumb Code   190  cpuport.o(i.rt_hw_hard_fault_exception)
    rt_hw_stack_init                         0x0800f891   Thumb Code    54  cpuport.o(i.rt_hw_stack_init)
    rt_interrupt_enter                       0x0800f8cd   Thumb Code    22  irq.o(i.rt_interrupt_enter)
    rt_interrupt_leave                       0x0800f8e9   Thumb Code    22  irq.o(i.rt_interrupt_leave)
    rt_kprintf                               0x0800f959   Thumb Code    28  kservice.o(i.rt_kprintf)
    rt_malloc                                0x0800f9e9   Thumb Code   232  mem.o(i.rt_malloc)
    rt_memset                                0x0800fad9   Thumb Code    70  kservice.o(i.rt_memset)
    rt_mutex_create                          0x0800fb1f   Thumb Code    42  ipc.o(i.rt_mutex_create)
    rt_object_allocate                       0x0800fb49   Thumb Code    80  object.o(i.rt_object_allocate)
    rt_object_delete                         0x0800fb99   Thumb Code    38  object.o(i.rt_object_delete)
    rt_object_detach                         0x0800fbbf   Thumb Code    32  object.o(i.rt_object_detach)
    rt_object_get_information                0x0800fbe1   Thumb Code    30  object.o(i.rt_object_get_information)
    rt_object_init                           0x0800fc05   Thumb Code    80  object.o(i.rt_object_init)
    rt_object_is_systemobject                0x0800fc55   Thumb Code    14  object.o(i.rt_object_is_systemobject)
    rt_schedule                              0x0800fc65   Thumb Code    76  scheduler.o(i.rt_schedule)
    rt_schedule_insert_thread                0x0800fcbd   Thumb Code    70  scheduler.o(i.rt_schedule_insert_thread)
    rt_schedule_remove_thread                0x0800fd0d   Thumb Code    64  scheduler.o(i.rt_schedule_remove_thread)
    rt_sem_init                              0x0800fd55   Thumb Code    36  ipc.o(i.rt_sem_init)
    rt_sem_release                           0x0800fd79   Thumb Code    74  ipc.o(i.rt_sem_release)
    rt_sem_take                              0x0800fdc3   Thumb Code   110  ipc.o(i.rt_sem_take)
    rt_show_version                          0x0800fe31   Thumb Code    40  kservice.o(i.rt_show_version)
    rt_strlen                                0x0800fee1   Thumb Code    16  kservice.o(i.rt_strlen)
    rt_strncpy                               0x0800fef1   Thumb Code    38  kservice.o(i.rt_strncpy)
    rt_system_heap_init                      0x0800ff19   Thumb Code    96  mem.o(i.rt_system_heap_init)
    rt_system_scheduler_init                 0x0800ffc5   Thumb Code    44  scheduler.o(i.rt_system_scheduler_init)
    rt_system_scheduler_start                0x0800fff9   Thumb Code    32  scheduler.o(i.rt_system_scheduler_start)
    rt_system_timer_init                     0x08010021   Thumb Code     8  timer.o(i.rt_system_timer_init)
    rt_system_timer_thread_init              0x0801002d   Thumb Code     2  timer.o(i.rt_system_timer_thread_init)
    rt_thread_create                         0x0801002f   Thumb Code    72  thread.o(i.rt_thread_create)
    rt_thread_exit                           0x08010079   Thumb Code    82  thread.o(i.rt_thread_exit)
    rt_thread_idle_excute                    0x080100dd   Thumb Code    70  idle.o(i.rt_thread_idle_excute)
    rt_thread_idle_init                      0x08010129   Thumb Code    40  idle.o(i.rt_thread_idle_init)
    rt_thread_init                           0x08010161   Thumb Code    48  thread.o(i.rt_thread_init)
    rt_thread_mdelay                         0x08010191   Thumb Code    14  thread.o(i.rt_thread_mdelay)
    rt_thread_resume                         0x0801019f   Thumb Code    60  thread.o(i.rt_thread_resume)
    rt_thread_self                           0x080101dd   Thumb Code     6  thread.o(i.rt_thread_self)
    rt_thread_sleep                          0x080101e9   Thumb Code    60  thread.o(i.rt_thread_sleep)
    rt_thread_startup                        0x08010229   Thumb Code    40  thread.o(i.rt_thread_startup)
    rt_thread_suspend                        0x08010255   Thumb Code    66  thread.o(i.rt_thread_suspend)
    rt_thread_timeout                        0x08010297   Thumb Code    32  thread.o(i.rt_thread_timeout)
    rt_thread_yield                          0x080102b9   Thumb Code    86  thread.o(i.rt_thread_yield)
    rt_tick_from_millisecond                 0x08010319   Thumb Code    50  clock.o(i.rt_tick_from_millisecond)
    rt_tick_get                              0x0801034d   Thumb Code     6  clock.o(i.rt_tick_get)
    rt_tick_increase                         0x08010359   Thumb Code    38  clock.o(i.rt_tick_increase)
    rt_timer_check                           0x08010385   Thumb Code   136  timer.o(i.rt_timer_check)
    rt_timer_control                         0x08010411   Thumb Code    72  timer.o(i.rt_timer_control)
    rt_timer_detach                          0x08010459   Thumb Code    40  timer.o(i.rt_timer_detach)
    rt_timer_init                            0x08010481   Thumb Code    40  timer.o(i.rt_timer_init)
    rt_timer_start                           0x080104a9   Thumb Code   126  timer.o(i.rt_timer_start)
    rt_timer_stop                            0x0801052d   Thumb Code    46  timer.o(i.rt_timer_stop)
    rt_vsnprintf                             0x0801055d   Thumb Code   634  kservice.o(i.rt_vsnprintf)
    rtthread_startup                         0x080107f1   Thumb Code    42  components.o(i.rtthread_startup)
    sqrt                                     0x08010857   Thumb Code   110  sqrt.o(i.sqrt)
    time_init                                0x080108c5   Thumb Code    26  delay.o(i.time_init)
    time_set                                 0x080108fd   Thumb Code    92  delay.o(i.time_set)
    asc2_1206                                0x080109c8   Data        1140  lcd.o(.constdata)
    asc2_1608                                0x08010e3c   Data        1520  lcd.o(.constdata)
    asc2_2412                                0x0801142c   Data        3420  lcd.o(.constdata)
    asc2_3216                                0x08012188   Data       12160  lcd.o(.constdata)
    AHBPrescTable                            0x08015117   Data          16  system_stm32f4xx.o(.constdata)
    APBPrescTable                            0x08015127   Data           8  system_stm32f4xx.o(.constdata)
    memtblsize                               0x08015130   Data          12  malloc.o(.constdata)
    memblksize                               0x0801513c   Data          12  malloc.o(.constdata)
    memsize                                  0x08015148   Data          12  malloc.o(.constdata)
    __lowest_bit_bitmap                      0x08015154   Data         256  kservice.o(.constdata)
    __mathlib_zero                           0x08015300   Data           8  qnan.o(.constdata)
    __ctype_table                            0x08015308   Data         129  ctype_o.o(.constdata)
    __rt_init_rti_start                      0x08015390   Data           4  components.o(.rti_fn.0)
    __rt_init_rti_board_start                0x08015394   Data           4  components.o(.rti_fn.0.end)
    __rt_init_uart_init                      0x08015398   Data           4  board.o(.rti_fn.1)
    __rt_init_rti_board_end                  0x0801539c   Data           4  components.o(.rti_fn.1.end)
    __rt_init_rti_end                        0x080153a0   Data           4  components.o(.rti_fn.6.end)
    Region$$Table$$Base                      0x080153a4   Number         0  anon$$obj.o(Region$$Table)
    Region$$Table$$Limit                     0x080153c4   Number         0  anon$$obj.o(Region$$Table)
    mem3base                                 0x10000000   Data       61440  malloc.o(.ARM.__AT_0x10000000)
    mem3mapbase                              0x1000f000   Data        3840  malloc.o(.ARM.__AT_0x1000F000)
    sensor_thread_id                         0x20000000   Data           4  main.o(.data)
    logical_thread_id                        0x20000004   Data           4  main.o(.data)
    showlcd_thread_id                        0x20000008   Data           4  main.o(.data)
    mutex1                                   0x2000000c   Data           4  main.o(.data)
    Rfid_thread_id                           0x20000010   Data           4  main.o(.data)
    key_thread_id                            0x20000014   Data           4  main.o(.data)
    __stdout                                 0x20000020   Data           4  usart.o(.data)
    beep_num                                 0x20000024   Data           1  stm32f4xx_it.o(.data)
    beep_people                              0x20000025   Data           1  stm32f4xx_it.o(.data)
    cmd_flag                                 0x20000026   Data           1  public.o(.data)
    net_connect                              0x20000027   Data           1  public.o(.data)
    rx_cnt                                   0x20000028   Data           2  public.o(.data)
    again_num                                0x2000002a   Data           1  public.o(.data)
    state                                    0x2000002b   Data           1  public.o(.data)
    user_uing                                0x2000002c   Data           1  public.o(.data)
    user_mode                                0x2000002d   Data           1  public.o(.data)
    temperature                              0x20000030   Data           8  public.o(.data)
    humidity                                 0x20000038   Data           8  public.o(.data)
    Lighting                                 0x20000040   Data           4  public.o(.data)
    Turbidity                                0x20000044   Data           4  public.o(.data)
    Gas                                      0x20000048   Data           4  public.o(.data)
    voltage                                  0x20000050   Data           8  public.o(.data)
    speed                                    0x20000058   Data           2  public.o(.data)
    Led_position                             0x2000005a   Data           1  public.o(.data)
    machinery_position                       0x2000005b   Data           1  public.o(.data)
    tem_flag                                 0x2000005c   Data           1  public.o(.data)
    Hum_flag                                 0x2000005d   Data           1  public.o(.data)
    Gas_flag                                 0x2000005e   Data           1  public.o(.data)
    TH_Temp                                  0x20000060   Data           4  public.o(.data)
    TH_Hum                                   0x20000064   Data           4  public.o(.data)
    TH_Gas                                   0x20000068   Data           4  public.o(.data)
    TH_light                                 0x2000006c   Data           4  public.o(.data)
    beep_flag                                0x20000070   Data           1  public.o(.data)
    i                                        0x20000071   Data           1  public.o(.data)
    key                                      0x20000074   Data           1  app.o(.data)
    at_th_size                               0x20000075   Data           1  app.o(.data)
    sensor_again_num                         0x20000078   Data           1  app.o(.data)
    value1                                   0x2000007c   Data           4  app.o(.data)
    value2                                   0x20000080   Data           4  app.o(.data)
    value3                                   0x20000084   Data           4  app.o(.data)
    value4                                   0x20000088   Data           4  app.o(.data)
    time_flag                                0x2000008c   Data           1  delay.o(.data)
    year_time                                0x20000090   Data           4  delay.o(.data)
    moon_time                                0x20000094   Data           4  delay.o(.data)
    sun_time                                 0x20000098   Data           4  delay.o(.data)
    hour_time                                0x2000009c   Data           4  delay.o(.data)
    minute_time                              0x200000a0   Data           4  delay.o(.data)
    second_time                              0x200000a4   Data           4  delay.o(.data)
    POINT_COLOR                              0x200000ac   Data           4  lcd.o(.data)
    BACK_COLOR                               0x200000b0   Data           4  lcd.o(.data)
    ID_Cart                                  0x200000b4   Data           2  rc522.o(.data)
    Temp                                     0x200000b6   Data           4  rc522.o(.data)
    UID                                      0x200000ba   Data           5  rc522.o(.data)
    W25QXX_TYPE                              0x200000c0   Data           2  w25qxx.o(.data)
    data_mqtt_size                           0x200000d4   Data           4  mqttkit.o(.data)
    temp_data                                0x200000d8   Data           4  mqttkit.o(.data)
    Publish_Buf                              0x200000dc   Data           8  mqttkit.o(.data)
    topics                                   0x200000e4   Data           4  mqttkit.o(.data)
    uwTickFreq                               0x200000e8   Data           1  stm32f4xx_hal.o(.data)
    uwTickPrio                               0x200000ec   Data           4  stm32f4xx_hal.o(.data)
    uwTick                                   0x200000f0   Data           4  stm32f4xx_hal.o(.data)
    SystemCoreClock                          0x200000f4   Data           4  system_stm32f4xx.o(.data)
    mallco_dev                               0x200000f8   Data          36  malloc.o(.data)
    rt_interrupt_nest                        0x20000120   Data           1  irq.o(.data)
    rt_current_priority                      0x2000017c   Data           1  scheduler.o(.data)
    rt_current_thread                        0x20000180   Data           4  scheduler.o(.data)
    rt_thread_ready_priority_group           0x20000184   Data           4  scheduler.o(.data)
    rt_thread_defunct                        0x20000188   Data           8  scheduler.o(.data)
    rt_interrupt_from_thread                 0x200001a0   Data           4  cpuport.o(.data)
    rt_interrupt_to_thread                   0x200001a4   Data           4  cpuport.o(.data)
    rt_thread_switch_interrupt_flag          0x200001a8   Data           4  cpuport.o(.data)
    hadc1                                    0x200001b0   Data          72  adc.o(.bss)
    hdma_adc1                                0x200001f8   Data          96  adc.o(.bss)
    hsram1                                   0x20000258   Data          80  fmc.o(.bss)
    hsdram1                                  0x200002a8   Data          52  fmc.o(.bss)
    hi2c2                                    0x200002dc   Data          84  i2c.o(.bss)
    hspi2                                    0x20000330   Data          88  spi.o(.bss)
    hspi5                                    0x20000388   Data          88  spi.o(.bss)
    htim1                                    0x200003e0   Data          72  tim.o(.bss)
    htim2                                    0x20000428   Data          72  tim.o(.bss)
    htim3                                    0x20000470   Data          72  tim.o(.bss)
    htim4                                    0x200004b8   Data          72  tim.o(.bss)
    huart1                                   0x20000500   Data          68  usart.o(.bss)
    huart2                                   0x20000544   Data          68  usart.o(.bss)
    huart3                                   0x20000588   Data          68  usart.o(.bss)
    hdma_usart3_rx                           0x200005cc   Data          96  usart.o(.bss)
    htim14                                   0x2000062c   Data          72  stm32f4xx_hal_timebase_tim.o(.bss)
    rx_buff                                  0x20000674   Data        1024  public.o(.bss)
    adc_value                                0x20000a74   Data         160  public.o(.bss)
    at_data_struct                           0x20000b14   Data         104  app.o(.bss)
    at_data_arr                              0x20000b7c   Data         256  app.o(.bss)
    at_th_buff                               0x20000c7c   Data          64  app.o(.bss)
    show_buff                                0x20000cbc   Data         124  app.o(.bss)
    SDRAM_Handler                            0x20000d38   Data          52  sdram.o(.bss)
    SRAM_Handler                             0x20000d6c   Data          80  lcd.o(.bss)
    lcddev                                   0x20000dbc   Data          14  lcd.o(.bss)
    ftinfo                                   0x20000dca   Data          41  fontupd.o(.bss)
    Publish_Topc                             0x20000df3   Data          64  mqttkit.o(.bss)
    Publish_Topc_ID                          0x20000e33   Data          64  mqttkit.o(.bss)
    Submit_Topc                              0x20000e73   Data          64  mqttkit.o(.bss)
    mem1base                                 0x20000ec0   Data       92160  malloc.o(.bss)
    mem1mapbase                              0x200176c0   Data        5760  malloc.o(.bss)
    rt_thread_priority_table                 0x20018f58   Data         256  scheduler.o(.bss)
    __initial_sp                             0x2001dba0   Data           0  startup_stm32f429xx.o(STACK)
    mem2base                                 0xc01f4000   Data       29605888  malloc.o(.ARM.__AT_0xC01F4000)
    mem2mapbase                              0xc1e30000   Data       1850368  malloc.o(.ARM.__AT_0xC1E30000)



==============================================================================

Memory Map of the image

  Image Entry point : 0x080001ad

  Load Region LR_IROM1 (Base: 0x08000000, Size: 0x00015574, Max: 0x00100000, ABSOLUTE, COMPRESSED[0x00015438])

    Execution Region ER_IROM1 (Exec base: 0x08000000, Load base: 0x08000000, Size: 0x000153c4, Max: 0x00100000, ABSOLUTE)

    Exec Addr    Load Addr    Size         Type   Attr      Idx    E Section Name        Object

    0x08000000   0x08000000   0x000001ac   Data   RO            3    RESET               startup_stm32f429xx.o
    0x080001ac   0x080001ac   0x00000000   Code   RO         7816  * .ARM.Collect$$$$00000000  mc_w.l(entry.o)
    0x080001ac   0x080001ac   0x00000004   Code   RO         8163    .ARM.Collect$$$$00000001  mc_w.l(entry2.o)
    0x080001b0   0x080001b0   0x00000004   Code   RO         8166    .ARM.Collect$$$$00000004  mc_w.l(entry5.o)
    0x080001b4   0x080001b4   0x00000000   Code   RO         8168    .ARM.Collect$$$$00000008  mc_w.l(entry7b.o)
    0x080001b4   0x080001b4   0x00000000   Code   RO         8170    .ARM.Collect$$$$0000000A  mc_w.l(entry8b.o)
    0x080001b4   0x080001b4   0x00000008   Code   RO         8171    .ARM.Collect$$$$0000000B  mc_w.l(entry9a.o)
    0x080001bc   0x080001bc   0x00000000   Code   RO         8173    .ARM.Collect$$$$0000000D  mc_w.l(entry10a.o)
    0x080001bc   0x080001bc   0x00000000   Code   RO         8175    .ARM.Collect$$$$0000000F  mc_w.l(entry11a.o)
    0x080001bc   0x080001bc   0x00000004   Code   RO         8164    .ARM.Collect$$$$00002712  mc_w.l(entry2.o)
    0x080001c0   0x080001c0   0x00000024   Code   RO            4    .text               startup_stm32f429xx.o
    0x080001e4   0x080001e4   0x00000134   Code   RO         6779    .text               context_rvds.o
    0x08000318   0x08000318   0x00000062   Code   RO         7819    .text               mc_w.l(uldiv.o)
    0x0800037a   0x0800037a   0x0000000c   Code   RO         7821    .text               mc_w.l(tolower.o)
    0x08000386   0x08000386   0x00000024   Code   RO         7823    .text               mc_w.l(memcpya.o)
    0x080003aa   0x080003aa   0x00000024   Code   RO         7825    .text               mc_w.l(memseta.o)
    0x080003ce   0x080003ce   0x00000024   Code   RO         7827    .text               mc_w.l(strstr.o)
    0x080003f2   0x080003f2   0x00000014   Code   RO         7829    .text               mc_w.l(strchr.o)
    0x08000406   0x08000406   0x0000000e   Code   RO         7831    .text               mc_w.l(strlen.o)
    0x08000414   0x08000414   0x00000028   Code   RO         7833    .text               mc_w.l(strncat.o)
    0x0800043c   0x0800043c   0x00000012   Code   RO         7835    .text               mc_w.l(strcpy.o)
    0x0800044e   0x0800044e   0x0000001e   Code   RO         7837    .text               mc_w.l(strncmp.o)
    0x0800046c   0x0800046c   0x00000038   Code   RO         8102    .text               mc_w.l(__0sscanf.o)
    0x080004a4   0x080004a4   0x0000014c   Code   RO         8104    .text               mc_w.l(_scanf_int.o)
    0x080005f0   0x080005f0   0x00000360   Code   RO         8106    .text               mc_w.l(scanf_fp.o)
    0x08000950   0x08000950   0x0000001a   Code   RO         8110    .text               mc_w.l(atoi.o)
    0x0800096a   0x0800096a   0x0000014e   Code   RO         8112    .text               mf_w.l(dadd.o)
    0x08000ab8   0x08000ab8   0x000000e4   Code   RO         8114    .text               mf_w.l(dmul.o)
    0x08000b9c   0x08000b9c   0x000000de   Code   RO         8116    .text               mf_w.l(ddiv.o)
    0x08000c7a   0x08000c7a   0x00000022   Code   RO         8118    .text               mf_w.l(dflti.o)
    0x08000c9c   0x08000c9c   0x0000001a   Code   RO         8120    .text               mf_w.l(dfltui.o)
    0x08000cb6   0x08000cb6   0x0000003e   Code   RO         8122    .text               mf_w.l(dfixi.o)
    0x08000cf4   0x08000cf4   0x00000032   Code   RO         8124    .text               mf_w.l(dfixui.o)
    0x08000d26   0x08000d26   0x00000026   Code   RO         8126    .text               mf_w.l(f2d.o)
    0x08000d4c   0x08000d4c   0x00000030   Code   RO         8128    .text               mf_w.l(cdcmple.o)
    0x08000d7c   0x08000d7c   0x00000030   Code   RO         8130    .text               mf_w.l(cdrcmple.o)
    0x08000dac   0x08000dac   0x0000002c   Code   RO         8177    .text               mc_w.l(uidiv.o)
    0x08000dd8   0x08000dd8   0x0000001e   Code   RO         8179    .text               mc_w.l(llshl.o)
    0x08000df6   0x08000df6   0x00000020   Code   RO         8181    .text               mc_w.l(llushr.o)
    0x08000e16   0x08000e16   0x00000024   Code   RO         8183    .text               mc_w.l(llsshr.o)
    0x08000e3a   0x08000e3a   0x0000001c   Code   RO         8192    .text               mc_w.l(_chval.o)
    0x08000e56   0x08000e56   0x00000002   PAD
    0x08000e58   0x08000e58   0x00000028   Code   RO         8194    .text               mc_w.l(scanf_char.o)
    0x08000e80   0x08000e80   0x00000040   Code   RO         8196    .text               mc_w.l(_sgetc.o)
    0x08000ec0   0x08000ec0   0x00000070   Code   RO         8198    .text               mc_w.l(strtol.o)
    0x08000f30   0x08000f30   0x00000000   Code   RO         8200    .text               mc_w.l(iusefp.o)
    0x08000f30   0x08000f30   0x000000ba   Code   RO         8201    .text               mf_w.l(depilogue.o)
    0x08000fea   0x08000fea   0x0000002e   Code   RO         8205    .text               mf_w.l(dscalb.o)
    0x08001018   0x08001018   0x00000018   Code   RO         8207    .text               mf_w.l(dfltul.o)
    0x08001030   0x08001030   0x00000030   Code   RO         8209    .text               mf_w.l(dfixul.o)
    0x08001060   0x08001060   0x00000038   Code   RO         8211    .text               mf_w.l(d2f.o)
    0x08001098   0x08001098   0x00000024   Code   RO         8213    .text               mc_w.l(init.o)
    0x080010bc   0x080010bc   0x00000008   Code   RO         8217    .text               mc_w.l(ctype_o.o)
    0x080010c4   0x080010c4   0x00000012   Code   RO         8239    .text               mc_w.l(isspace_o.o)
    0x080010d6   0x080010d6   0x00000002   PAD
    0x080010d8   0x080010d8   0x0000032c   Code   RO         8245    .text               mc_w.l(_scanf.o)
    0x08001404   0x08001404   0x0000009e   Code   RO         8247    .text               mc_w.l(_strtoul.o)
    0x080014a2   0x080014a2   0x0000006e   Code   RO         8249    .text               mf_w.l(fepilogue.o)
    0x08001510   0x08001510   0x000000a2   Code   RO         8251    .text               mf_w.l(dsqrt.o)
    0x080015b2   0x080015b2   0x00000056   Code   RO         8264    .text               mc_w.l(__dczerorl2.o)
    0x08001608   0x08001608   0x0000000a   Code   RO         6824    i.$Sub$$main        components.o
    0x08001612   0x08001612   0x0000006e   Code   RO         2557    i.ADC_DMAConvCplt   stm32f4xx_hal_adc.o
    0x08001680   0x08001680   0x00000016   Code   RO         2558    i.ADC_DMAError      stm32f4xx_hal_adc.o
    0x08001696   0x08001696   0x0000000a   Code   RO         2559    i.ADC_DMAHalfConvCplt  stm32f4xx_hal_adc.o
    0x080016a0   0x080016a0   0x00000128   Code   RO         2560    i.ADC_Init          stm32f4xx_hal_adc.o
    0x080017c8   0x080017c8   0x00000054   Code   RO          999    i.AT24C02_Check     24c02.o
    0x0800181c   0x0800181c   0x00000024   Code   RO         1000    i.AT24C02_read      24c02.o
    0x08001840   0x08001840   0x000000c0   Code   RO         1001    i.AT24C02_write     24c02.o
    0x08001900   0x08001900   0x00000002   Code   RO          693    i.BusFault_Handler  stm32f4xx_it.o
    0x08001902   0x08001902   0x00000018   Code   RO         1498    i.ClearBitMask      rc522.o
    0x0800191a   0x0800191a   0x00000002   PAD
    0x0800191c   0x0800191c   0x00000064   Code   RO         1038    i.DHT11_Check       dht11.o
    0x08001980   0x08001980   0x0000000e   Code   RO         1039    i.DHT11_Init        dht11.o
    0x0800198e   0x0800198e   0x00000002   PAD
    0x08001990   0x08001990   0x0000004c   Code   RO         1040    i.DHT11_Read_Bit    dht11.o
    0x080019dc   0x080019dc   0x0000001a   Code   RO         1041    i.DHT11_Read_Byte   dht11.o
    0x080019f6   0x080019f6   0x00000002   PAD
    0x080019f8   0x080019f8   0x000000ac   Code   RO         1042    i.DHT11_Read_Data   dht11.o
    0x08001aa4   0x08001aa4   0x0000003c   Code   RO         1043    i.DHT11_Rst         dht11.o
    0x08001ae0   0x08001ae0   0x0000000c   Code   RO          694    i.DMA1_Stream1_IRQHandler  stm32f4xx_it.o
    0x08001aec   0x08001aec   0x0000000c   Code   RO          695    i.DMA2_Stream0_IRQHandler  stm32f4xx_it.o
    0x08001af8   0x08001af8   0x00000028   Code   RO         3346    i.DMA_CalcBaseAndBitshift  stm32f4xx_hal_dma.o
    0x08001b20   0x08001b20   0x00000054   Code   RO         3347    i.DMA_CheckFifoParam  stm32f4xx_hal_dma.o
    0x08001b74   0x08001b74   0x00000028   Code   RO         3348    i.DMA_SetConfig     stm32f4xx_hal_dma.o
    0x08001b9c   0x08001b9c   0x00000002   Code   RO          696    i.DebugMon_Handler  stm32f4xx_it.o
    0x08001b9e   0x08001b9e   0x00000002   PAD
    0x08001ba0   0x08001ba0   0x0000001c   Code   RO         2286    i.ESP8266_Clear     wifi.o
    0x08001bbc   0x08001bbc   0x00000038   Code   RO         2287    i.ESP8266_GetIPD    wifi.o
    0x08001bf4   0x08001bf4   0x00000158   Code   RO         2288    i.ESP8266_Init      wifi.o
    0x08001d4c   0x08001d4c   0x000000f8   Code   RO         2289    i.ESP8266_SendCmd   wifi.o
    0x08001e44   0x08001e44   0x000000c0   Code   RO         2290    i.ESP8266_SendData  wifi.o
    0x08001f04   0x08001f04   0x00000004   Code   RO           13    i.Error_Handler     main.o
    0x08001f08   0x08001f08   0x0000003c   Code   RO         4057    i.FMC_NORSRAM_Extended_Timing_Init  stm32f4xx_ll_fmc.o
    0x08001f44   0x08001f44   0x00000080   Code   RO         4058    i.FMC_NORSRAM_Init  stm32f4xx_ll_fmc.o
    0x08001fc4   0x08001fc4   0x00000064   Code   RO         4059    i.FMC_NORSRAM_Timing_Init  stm32f4xx_ll_fmc.o
    0x08002028   0x08002028   0x00000066   Code   RO         4069    i.FMC_SDRAM_Init    stm32f4xx_ll_fmc.o
    0x0800208e   0x0800208e   0x00000012   Code   RO         4070    i.FMC_SDRAM_ProgramRefreshRate  stm32f4xx_ll_fmc.o
    0x080020a0   0x080020a0   0x0000004e   Code   RO         4071    i.FMC_SDRAM_SendCommand  stm32f4xx_ll_fmc.o
    0x080020ee   0x080020ee   0x00000002   PAD
    0x080020f0   0x080020f0   0x000000a4   Code   RO         4073    i.FMC_SDRAM_Timing_Init  stm32f4xx_ll_fmc.o
    0x08002194   0x08002194   0x0000014c   Code   RO         2195    i.Full_Json         onenet.o
    0x080022e0   0x080022e0   0x00000098   Code   RO         1790    i.Get_HzMat         text.o
    0x08002378   0x08002378   0x00000164   Code   RO         2562    i.HAL_ADC_ConfigChannel  stm32f4xx_hal_adc.o
    0x080024dc   0x080024dc   0x00000002   Code   RO         2563    i.HAL_ADC_ConvCpltCallback  stm32f4xx_hal_adc.o
    0x080024de   0x080024de   0x00000002   Code   RO         2564    i.HAL_ADC_ConvHalfCpltCallback  stm32f4xx_hal_adc.o
    0x080024e0   0x080024e0   0x00000002   Code   RO         2566    i.HAL_ADC_ErrorCallback  stm32f4xx_hal_adc.o
    0x080024e2   0x080024e2   0x00000054   Code   RO         2571    i.HAL_ADC_Init      stm32f4xx_hal_adc.o
    0x08002536   0x08002536   0x00000002   PAD
    0x08002538   0x08002538   0x00000098   Code   RO          324    i.HAL_ADC_MspInit   adc.o
    0x080025d0   0x080025d0   0x00000154   Code   RO         2578    i.HAL_ADC_Start_DMA  stm32f4xx_hal_adc.o
    0x08002724   0x08002724   0x00000092   Code   RO         3349    i.HAL_DMA_Abort     stm32f4xx_hal_dma.o
    0x080027b6   0x080027b6   0x00000024   Code   RO         3350    i.HAL_DMA_Abort_IT  stm32f4xx_hal_dma.o
    0x080027da   0x080027da   0x00000002   PAD
    0x080027dc   0x080027dc   0x000001a0   Code   RO         3354    i.HAL_DMA_IRQHandler  stm32f4xx_hal_dma.o
    0x0800297c   0x0800297c   0x000000d4   Code   RO         3355    i.HAL_DMA_Init      stm32f4xx_hal_dma.o
    0x08002a50   0x08002a50   0x0000006e   Code   RO         3359    i.HAL_DMA_Start_IT  stm32f4xx_hal_dma.o
    0x08002abe   0x08002abe   0x00000002   PAD
    0x08002ac0   0x08002ac0   0x00000024   Code   RO         3786    i.HAL_Delay         stm32f4xx_hal.o
    0x08002ae4   0x08002ae4   0x000000c0   Code   RO          390    i.HAL_FMC_MspInit   fmc.o
    0x08002ba4   0x08002ba4   0x00000234   Code   RO         3242    i.HAL_GPIO_Init     stm32f4xx_hal_gpio.o
    0x08002dd8   0x08002dd8   0x0000000a   Code   RO         3244    i.HAL_GPIO_ReadPin  stm32f4xx_hal_gpio.o
    0x08002de2   0x08002de2   0x00000010   Code   RO         3245    i.HAL_GPIO_TogglePin  stm32f4xx_hal_gpio.o
    0x08002df2   0x08002df2   0x0000000a   Code   RO         3246    i.HAL_GPIO_WritePin  stm32f4xx_hal_gpio.o
    0x08002dfc   0x08002dfc   0x0000000c   Code   RO         3794    i.HAL_GetTick       stm32f4xx_hal.o
    0x08002e08   0x08002e08   0x00000042   Code   RO         4967    i.HAL_I2CEx_ConfigAnalogFilter  stm32f4xx_hal_i2c_ex.o
    0x08002e4a   0x08002e4a   0x0000003e   Code   RO         4968    i.HAL_I2CEx_ConfigDigitalFilter  stm32f4xx_hal_i2c_ex.o
    0x08002e88   0x08002e88   0x00000188   Code   RO         4546    i.HAL_I2C_Init      stm32f4xx_hal_i2c.o
    0x08003010   0x08003010   0x000001e0   Code   RO         4552    i.HAL_I2C_Master_Receive  stm32f4xx_hal_i2c.o
    0x080031f0   0x080031f0   0x0000012c   Code   RO         4559    i.HAL_I2C_Master_Transmit  stm32f4xx_hal_i2c.o
    0x0800331c   0x0800331c   0x000001f8   Code   RO         4564    i.HAL_I2C_Mem_Read  stm32f4xx_hal_i2c.o
    0x08003514   0x08003514   0x00000130   Code   RO         4567    i.HAL_I2C_Mem_Write  stm32f4xx_hal_i2c.o
    0x08003644   0x08003644   0x00000068   Code   RO          455    i.HAL_I2C_MspInit   i2c.o
    0x080036ac   0x080036ac   0x00000010   Code   RO         3800    i.HAL_IncTick       stm32f4xx_hal.o
    0x080036bc   0x080036bc   0x00000034   Code   RO         3801    i.HAL_Init          stm32f4xx_hal.o
    0x080036f0   0x080036f0   0x00000098   Code   RO          808    i.HAL_InitTick      stm32f4xx_hal_timebase_tim.o
    0x08003788   0x08003788   0x00000034   Code   RO          784    i.HAL_MspInit       stm32f4xx_hal_msp.o
    0x080037bc   0x080037bc   0x0000001a   Code   RO         3649    i.HAL_NVIC_EnableIRQ  stm32f4xx_hal_cortex.o
    0x080037d6   0x080037d6   0x00000002   PAD
    0x080037d8   0x080037d8   0x00000040   Code   RO         3655    i.HAL_NVIC_SetPriority  stm32f4xx_hal_cortex.o
    0x08003818   0x08003818   0x00000024   Code   RO         3656    i.HAL_NVIC_SetPriorityGrouping  stm32f4xx_hal_cortex.o
    0x0800383c   0x0800383c   0x00000070   Code   RO         3578    i.HAL_PWREx_EnableOverDrive  stm32f4xx_hal_pwr_ex.o
    0x080038ac   0x080038ac   0x00000134   Code   RO         2836    i.HAL_RCC_ClockConfig  stm32f4xx_hal_rcc.o
    0x080039e0   0x080039e0   0x00000040   Code   RO         2840    i.HAL_RCC_GetClockConfig  stm32f4xx_hal_rcc.o
    0x08003a20   0x08003a20   0x0000000c   Code   RO         2841    i.HAL_RCC_GetHCLKFreq  stm32f4xx_hal_rcc.o
    0x08003a2c   0x08003a2c   0x00000020   Code   RO         2843    i.HAL_RCC_GetPCLK1Freq  stm32f4xx_hal_rcc.o
    0x08003a4c   0x08003a4c   0x00000020   Code   RO         2844    i.HAL_RCC_GetPCLK2Freq  stm32f4xx_hal_rcc.o
    0x08003a6c   0x08003a6c   0x00000064   Code   RO         2845    i.HAL_RCC_GetSysClockFreq  stm32f4xx_hal_rcc.o
    0x08003ad0   0x08003ad0   0x0000036c   Code   RO         2848    i.HAL_RCC_OscConfig  stm32f4xx_hal_rcc.o
    0x08003e3c   0x08003e3c   0x00000042   Code   RO         4370    i.HAL_SDRAM_Init    stm32f4xx_hal_sdram.o
    0x08003e7e   0x08003e7e   0x00000004   Code   RO          392    i.HAL_SDRAM_MspInit  fmc.o
    0x08003e82   0x08003e82   0x0000002e   Code   RO         4373    i.HAL_SDRAM_ProgramRefreshRate  stm32f4xx_hal_sdram.o
    0x08003eb0   0x08003eb0   0x0000003c   Code   RO         4379    i.HAL_SDRAM_SendCommand  stm32f4xx_hal_sdram.o
    0x08003eec   0x08003eec   0x000000bc   Code   RO         5008    i.HAL_SPI_Init      stm32f4xx_hal_spi.o
    0x08003fa8   0x08003fa8   0x000000b0   Code   RO          497    i.HAL_SPI_MspInit   spi.o
    0x08004058   0x08004058   0x00000166   Code   RO         5016    i.HAL_SPI_Transmit  stm32f4xx_hal_spi.o
    0x080041be   0x080041be   0x000001e2   Code   RO         5017    i.HAL_SPI_TransmitReceive  stm32f4xx_hal_spi.o
    0x080043a0   0x080043a0   0x0000005c   Code   RO         4233    i.HAL_SRAM_Init     stm32f4xx_hal_sram.o
    0x080043fc   0x080043fc   0x00000004   Code   RO          394    i.HAL_SRAM_MspInit  fmc.o
    0x08004400   0x08004400   0x00000018   Code   RO         3658    i.HAL_SYSTICK_CLKSourceConfig  stm32f4xx_hal_cortex.o
    0x08004418   0x08004418   0x00000028   Code   RO         3660    i.HAL_SYSTICK_Config  stm32f4xx_hal_cortex.o
    0x08004440   0x08004440   0x00000002   Code   RO         6025    i.HAL_TIMEx_BreakCallback  stm32f4xx_hal_tim_ex.o
    0x08004442   0x08004442   0x00000002   Code   RO         6026    i.HAL_TIMEx_CommutCallback  stm32f4xx_hal_tim_ex.o
    0x08004444   0x08004444   0x00000090   Code   RO         6044    i.HAL_TIMEx_MasterConfigSynchronization  stm32f4xx_hal_tim_ex.o
    0x080044d4   0x080044d4   0x0000005a   Code   RO         5321    i.HAL_TIM_Base_Init  stm32f4xx_hal_tim.o
    0x0800452e   0x0800452e   0x00000002   PAD
    0x08004530   0x08004530   0x000000d4   Code   RO          557    i.HAL_TIM_Base_MspInit  tim.o
    0x08004604   0x08004604   0x00000078   Code   RO         5324    i.HAL_TIM_Base_Start  stm32f4xx_hal_tim.o
    0x0800467c   0x0800467c   0x00000080   Code   RO         5326    i.HAL_TIM_Base_Start_IT  stm32f4xx_hal_tim.o
    0x080046fc   0x080046fc   0x00000030   Code   RO         5329    i.HAL_TIM_Base_Stop_IT  stm32f4xx_hal_tim.o
    0x0800472c   0x0800472c   0x000000dc   Code   RO         5330    i.HAL_TIM_ConfigClockSource  stm32f4xx_hal_tim.o
    0x08004808   0x08004808   0x00000002   Code   RO         5355    i.HAL_TIM_IC_CaptureCallback  stm32f4xx_hal_tim.o
    0x0800480a   0x0800480a   0x00000166   Code   RO         5369    i.HAL_TIM_IRQHandler  stm32f4xx_hal_tim.o
    0x08004970   0x08004970   0x00000074   Code   RO          558    i.HAL_TIM_MspPostInit  tim.o
    0x080049e4   0x080049e4   0x00000002   Code   RO         5372    i.HAL_TIM_OC_DelayElapsedCallback  stm32f4xx_hal_tim.o
    0x080049e6   0x080049e6   0x000000cc   Code   RO         5393    i.HAL_TIM_PWM_ConfigChannel  stm32f4xx_hal_tim.o
    0x08004ab2   0x08004ab2   0x0000005a   Code   RO         5396    i.HAL_TIM_PWM_Init  stm32f4xx_hal_tim.o
    0x08004b0c   0x08004b0c   0x00000002   Code   RO         5398    i.HAL_TIM_PWM_MspInit  stm32f4xx_hal_tim.o
    0x08004b0e   0x08004b0e   0x00000002   Code   RO         5399    i.HAL_TIM_PWM_PulseFinishedCallback  stm32f4xx_hal_tim.o
    0x08004b10   0x08004b10   0x000000c8   Code   RO         5401    i.HAL_TIM_PWM_Start  stm32f4xx_hal_tim.o
    0x08004bd8   0x08004bd8   0x00000014   Code   RO           14    i.HAL_TIM_PeriodElapsedCallback  main.o
    0x08004bec   0x08004bec   0x00000002   Code   RO         5412    i.HAL_TIM_TriggerCallback  stm32f4xx_hal_tim.o
    0x08004bee   0x08004bee   0x00000002   Code   RO         6303    i.HAL_UARTEx_RxEventCallback  stm32f4xx_hal_uart.o
    0x08004bf0   0x08004bf0   0x00000070   Code   RO         6315    i.HAL_UART_DMAStop  stm32f4xx_hal_uart.o
    0x08004c60   0x08004c60   0x00000002   Code   RO         6317    i.HAL_UART_ErrorCallback  stm32f4xx_hal_uart.o
    0x08004c62   0x08004c62   0x00000002   PAD
    0x08004c64   0x08004c64   0x00000268   Code   RO         6320    i.HAL_UART_IRQHandler  stm32f4xx_hal_uart.o
    0x08004ecc   0x08004ecc   0x00000062   Code   RO         6321    i.HAL_UART_Init     stm32f4xx_hal_uart.o
    0x08004f2e   0x08004f2e   0x00000002   PAD
    0x08004f30   0x08004f30   0x00000128   Code   RO          623    i.HAL_UART_MspInit  usart.o
    0x08005058   0x08005058   0x0000002a   Code   RO         6325    i.HAL_UART_Receive_DMA  stm32f4xx_hal_uart.o
    0x08005082   0x08005082   0x00000002   Code   RO         6327    i.HAL_UART_RxCpltCallback  stm32f4xx_hal_uart.o
    0x08005084   0x08005084   0x00000002   Code   RO         6328    i.HAL_UART_RxHalfCpltCallback  stm32f4xx_hal_uart.o
    0x08005086   0x08005086   0x00000002   PAD
    0x08005088   0x08005088   0x000000b2   Code   RO         6329    i.HAL_UART_Transmit  stm32f4xx_hal_uart.o
    0x0800513a   0x0800513a   0x00000002   Code   RO         6332    i.HAL_UART_TxCpltCallback  stm32f4xx_hal_uart.o
    0x0800513c   0x0800513c   0x0000002e   Code   RO         4588    i.I2C_IsAcknowledgeFailed  stm32f4xx_hal_i2c.o
    0x0800516a   0x0800516a   0x00000002   PAD
    0x0800516c   0x0800516c   0x000000ec   Code   RO         4591    i.I2C_MasterRequestRead  stm32f4xx_hal_i2c.o
    0x08005258   0x08005258   0x0000009c   Code   RO         4592    i.I2C_MasterRequestWrite  stm32f4xx_hal_i2c.o
    0x080052f4   0x080052f4   0x000000fc   Code   RO         4598    i.I2C_RequestMemoryRead  stm32f4xx_hal_i2c.o
    0x080053f0   0x080053f0   0x000000a8   Code   RO         4599    i.I2C_RequestMemoryWrite  stm32f4xx_hal_i2c.o
    0x08005498   0x08005498   0x0000004c   Code   RO         4603    i.I2C_WaitOnBTFFlagUntilTimeout  stm32f4xx_hal_i2c.o
    0x080054e4   0x080054e4   0x00000068   Code   RO         4604    i.I2C_WaitOnFlagUntilTimeout  stm32f4xx_hal_i2c.o
    0x0800554c   0x0800554c   0x00000096   Code   RO         4605    i.I2C_WaitOnMasterAddressFlagUntilTimeout  stm32f4xx_hal_i2c.o
    0x080055e2   0x080055e2   0x00000066   Code   RO         4606    i.I2C_WaitOnRXNEFlagUntilTimeout  stm32f4xx_hal_i2c.o
    0x08005648   0x08005648   0x0000004c   Code   RO         4607    i.I2C_WaitOnTXEFlagUntilTimeout  stm32f4xx_hal_i2c.o
    0x08005694   0x08005694   0x0000014c   Code   RO         1615    i.KEY_Scan          key.o
    0x080057e0   0x080057e0   0x00000034   Code   RO         1230    i.LCD_Clear         lcd.o
    0x08005814   0x08005814   0x000000d8   Code   RO         1234    i.LCD_Display_Dir   lcd.o
    0x080058ec   0x080058ec   0x000000e4   Code   RO         1239    i.LCD_Fast_DrawPoint  lcd.o
    0x080059d0   0x080059d0   0x00000048   Code   RO         1240    i.LCD_Fill          lcd.o
    0x08005a18   0x08005a18   0x0000238c   Code   RO         1241    i.LCD_Init          lcd.o
    0x08007da4   0x08007da4   0x00000014   Code   RO         1243    i.LCD_RD_DATA       lcd.o
    0x08007db8   0x08007db8   0x00000050   Code   RO         1246    i.LCD_SSD_BackLightSet  lcd.o
    0x08007e08   0x08007e08   0x000001b8   Code   RO         1247    i.LCD_Scan_Dir      lcd.o
    0x08007fc0   0x08007fc0   0x00000104   Code   RO         1248    i.LCD_SetCursor     lcd.o
    0x080080c4   0x080080c4   0x000000e4   Code   RO         1250    i.LCD_ShowChar      lcd.o
    0x080081a8   0x080081a8   0x00000054   Code   RO         1252    i.LCD_ShowString    lcd.o
    0x080081fc   0x080081fc   0x00000018   Code   RO         1254    i.LCD_WR_DATA       lcd.o
    0x08008214   0x08008214   0x00000018   Code   RO         1255    i.LCD_WR_REG        lcd.o
    0x0800822c   0x0800822c   0x00000014   Code   RO         1257    i.LCD_WriteRAM_Prepare  lcd.o
    0x08008240   0x08008240   0x00000010   Code   RO         1258    i.LCD_WriteReg      lcd.o
    0x08008250   0x08008250   0x00000014   Code   RO          902    i.Logical_code_entry  app.o
    0x08008264   0x08008264   0x0000006c   Code   RO         2339    i.MQTT_DeleteBuffer  mqttkit.o
    0x080082d0   0x080082d0   0x00000026   Code   RO         2340    i.MQTT_DumpLength   mqttkit.o
    0x080082f6   0x080082f6   0x00000052   Code   RO         2341    i.MQTT_NewBuffer    mqttkit.o
    0x08008348   0x08008348   0x0000007c   Code   RO         2343    i.MQTT_PacketCmdResp  mqttkit.o
    0x080083c4   0x080083c4   0x00000264   Code   RO         2344    i.MQTT_PacketConnect  mqttkit.o
    0x08008628   0x08008628   0x0000015a   Code   RO         2347    i.MQTT_PacketPublish  mqttkit.o
    0x08008782   0x08008782   0x00000046   Code   RO         2348    i.MQTT_PacketPublishAck  mqttkit.o
    0x080087c8   0x080087c8   0x00000046   Code   RO         2350    i.MQTT_PacketPublishRec  mqttkit.o
    0x0800880e   0x0800880e   0x00000002   PAD
    0x08008810   0x08008810   0x00000040   Code   RO         2353    i.MQTT_PacketSaveData  mqttkit.o
    0x08008850   0x08008850   0x000000da   Code   RO         2354    i.MQTT_PacketSubscribe  mqttkit.o
    0x0800892a   0x0800892a   0x0000003e   Code   RO         2356    i.MQTT_ReadLength   mqttkit.o
    0x08008968   0x08008968   0x00000082   Code   RO         2357    i.MQTT_UnPacketCmd  mqttkit.o
    0x080089ea   0x080089ea   0x0000001a   Code   RO         2358    i.MQTT_UnPacketConnectAck  mqttkit.o
    0x08008a04   0x08008a04   0x00000150   Code   RO         2359    i.MQTT_UnPacketPublish  mqttkit.o
    0x08008b54   0x08008b54   0x00000018   Code   RO         2360    i.MQTT_UnPacketPublishAck  mqttkit.o
    0x08008b6c   0x08008b6c   0x00000060   Code   RO         2364    i.MQTT_UnPacketRecv  mqttkit.o
    0x08008bcc   0x08008bcc   0x000000a4   Code   RO          325    i.MX_ADC1_Init      adc.o
    0x08008c70   0x08008c70   0x0000004c   Code   RO          365    i.MX_DMA_Init       dma.o
    0x08008cbc   0x08008cbc   0x000000dc   Code   RO          395    i.MX_FMC_Init       fmc.o
    0x08008d98   0x08008d98   0x000001b8   Code   RO          299    i.MX_GPIO_Init      gpio.o
    0x08008f50   0x08008f50   0x0000005c   Code   RO          456    i.MX_I2C2_Init      i2c.o
    0x08008fac   0x08008fac   0x00000048   Code   RO          498    i.MX_SPI2_Init      spi.o
    0x08008ff4   0x08008ff4   0x00000048   Code   RO          499    i.MX_SPI5_Init      spi.o
    0x0800903c   0x0800903c   0x0000006c   Code   RO          559    i.MX_TIM1_Init      tim.o
    0x080090a8   0x080090a8   0x00000068   Code   RO          560    i.MX_TIM2_Init      tim.o
    0x08009110   0x08009110   0x000000ac   Code   RO          561    i.MX_TIM3_Init      tim.o
    0x080091bc   0x080091bc   0x0000006c   Code   RO          562    i.MX_TIM4_Init      tim.o
    0x08009228   0x08009228   0x00000038   Code   RO          624    i.MX_USART1_UART_Init  usart.o
    0x08009260   0x08009260   0x00000038   Code   RO          625    i.MX_USART2_UART_Init  usart.o
    0x08009298   0x08009298   0x0000004c   Code   RO          626    i.MX_USART3_UART_Init  usart.o
    0x080092e4   0x080092e4   0x00000002   Code   RO          697    i.MemManage_Handler  stm32f4xx_it.o
    0x080092e6   0x080092e6   0x00000002   PAD
    0x080092e8   0x080092e8   0x000001dc   Code   RO          903    i.Mx_Init           app.o
    0x080094c4   0x080094c4   0x00000002   Code   RO          698    i.NMI_Handler       stm32f4xx_it.o
    0x080094c6   0x080094c6   0x00000002   PAD
    0x080094c8   0x080094c8   0x00000244   Code   RO         2196    i.OneNet_DevLink    onenet.o
    0x0800970c   0x0800970c   0x0000008c   Code   RO         2197    i.OneNet_Publish    onenet.o
    0x08009798   0x08009798   0x000006bc   Code   RO         2198    i.OneNet_RevPro     onenet.o
    0x08009e54   0x08009e54   0x000000fc   Code   RO         2199    i.OneNet_SendData   onenet.o
    0x08009f50   0x08009f50   0x000000a8   Code   RO         2200    i.OneNet_SendData_Buff  onenet.o
    0x08009ff8   0x08009ff8   0x00000094   Code   RO         2201    i.OneNet_Send_Device_ID_Data  onenet.o
    0x0800a08c   0x0800a08c   0x00000034   Code   RO         2202    i.OneNet_Send_Int   onenet.o
    0x0800a0c0   0x0800a0c0   0x00000068   Code   RO         2204    i.OneNet_Subscribe  onenet.o
    0x0800a128   0x0800a128   0x00000020   Code   RO         1444    i.PCF8574_WriteBit  pcf8574.o
    0x0800a148   0x0800a148   0x00000008   Code   RO         1500    i.PcdAntennaOff     rc522.o
    0x0800a150   0x0800a150   0x0000002c   Code   RO         1501    i.PcdAntennaOn      rc522.o
    0x0800a17c   0x0800a17c   0x0000006a   Code   RO         1502    i.PcdAnticoll       rc522.o
    0x0800a1e6   0x0800a1e6   0x00000116   Code   RO         1503    i.PcdComMF522       rc522.o
    0x0800a2fc   0x0800a2fc   0x00000050   Code   RO         1504    i.PcdRequest        rc522.o
    0x0800a34c   0x0800a34c   0x0000007c   Code   RO         1505    i.PcdReset          rc522.o
    0x0800a3c8   0x0800a3c8   0x00000094   Code   RO         1506    i.RC522_Init        rc522.o
    0x0800a45c   0x0800a45c   0x00000024   Code   RO         1507    i.RC522_ReadWriteByte  rc522.o
    0x0800a480   0x0800a480   0x0000004c   Code   RO         1508    i.ReadRawRC         rc522.o
    0x0800a4cc   0x0800a4cc   0x0000014c   Code   RO         1509    i.ReaderCard        rc522.o
    0x0800a618   0x0800a618   0x00000060   Code   RO         1177    i.SDRAM_Init        sdram.o
    0x0800a678   0x0800a678   0x00000050   Code   RO         1178    i.SDRAM_Initialization_Sequence  sdram.o
    0x0800a6c8   0x0800a6c8   0x00000034   Code   RO         1179    i.SDRAM_Send_Cmd    sdram.o
    0x0800a6fc   0x0800a6fc   0x00000020   Code   RO          500    i.SPI5_ReadWriteByte  spi.o
    0x0800a71c   0x0800a71c   0x00000034   Code   RO          501    i.SPI5_SetSpeed     spi.o
    0x0800a750   0x0800a750   0x00000058   Code   RO         5046    i.SPI_EndRxTxTransaction  stm32f4xx_hal_spi.o
    0x0800a7a8   0x0800a7a8   0x000000b8   Code   RO         5051    i.SPI_WaitFlagStateUntilTimeout  stm32f4xx_hal_spi.o
    0x0800a860   0x0800a860   0x0000001a   Code   RO         1510    i.SetBitMask        rc522.o
    0x0800a87a   0x0800a87a   0x00000002   PAD
    0x0800a87c   0x0800a87c   0x000000a8   Code   RO         1791    i.Show_Font         text.o
    0x0800a924   0x0800a924   0x00000092   Code   RO         1792    i.Show_Str          text.o
    0x0800a9b6   0x0800a9b6   0x00000012   Code   RO         7736    i.SysTick_Handler   board.o
    0x0800a9c8   0x0800a9c8   0x000000a0   Code   RO           15    i.SystemClock_Config  main.o
    0x0800aa68   0x0800aa68   0x0000007c   Code   RO         6649    i.SystemCoreClockUpdate  system_stm32f4xx.o
    0x0800aae4   0x0800aae4   0x00000010   Code   RO         6650    i.SystemInit        system_stm32f4xx.o
    0x0800aaf4   0x0800aaf4   0x00000080   Code   RO          699    i.TIM1_UP_TIM10_IRQHandler  stm32f4xx_it.o
    0x0800ab74   0x0800ab74   0x000000d4   Code   RO          700    i.TIM2_IRQHandler   stm32f4xx_it.o
    0x0800ac48   0x0800ac48   0x0000000c   Code   RO          701    i.TIM8_TRG_COM_TIM14_IRQHandler  stm32f4xx_it.o
    0x0800ac54   0x0800ac54   0x000000c8   Code   RO         5414    i.TIM_Base_SetConfig  stm32f4xx_hal_tim.o
    0x0800ad1c   0x0800ad1c   0x0000001a   Code   RO         5415    i.TIM_CCxChannelCmd  stm32f4xx_hal_tim.o
    0x0800ad36   0x0800ad36   0x00000014   Code   RO         5425    i.TIM_ETR_SetConfig  stm32f4xx_hal_tim.o
    0x0800ad4a   0x0800ad4a   0x00000010   Code   RO         5426    i.TIM_ITRx_SetConfig  stm32f4xx_hal_tim.o
    0x0800ad5a   0x0800ad5a   0x00000002   PAD
    0x0800ad5c   0x0800ad5c   0x00000060   Code   RO         5427    i.TIM_OC1_SetConfig  stm32f4xx_hal_tim.o
    0x0800adbc   0x0800adbc   0x0000006c   Code   RO         5428    i.TIM_OC2_SetConfig  stm32f4xx_hal_tim.o
    0x0800ae28   0x0800ae28   0x00000068   Code   RO         5429    i.TIM_OC3_SetConfig  stm32f4xx_hal_tim.o
    0x0800ae90   0x0800ae90   0x00000050   Code   RO         5430    i.TIM_OC4_SetConfig  stm32f4xx_hal_tim.o
    0x0800aee0   0x0800aee0   0x00000022   Code   RO         5432    i.TIM_TI1_ConfigInputStage  stm32f4xx_hal_tim.o
    0x0800af02   0x0800af02   0x00000024   Code   RO         5434    i.TIM_TI2_ConfigInputStage  stm32f4xx_hal_tim.o
    0x0800af26   0x0800af26   0x00000010   Code   RO         6334    i.UART_DMAAbortOnError  stm32f4xx_hal_uart.o
    0x0800af36   0x0800af36   0x0000004a   Code   RO         6335    i.UART_DMAError     stm32f4xx_hal_uart.o
    0x0800af80   0x0800af80   0x00000082   Code   RO         6336    i.UART_DMAReceiveCplt  stm32f4xx_hal_uart.o
    0x0800b002   0x0800b002   0x0000001a   Code   RO         6338    i.UART_DMARxHalfCplt  stm32f4xx_hal_uart.o
    0x0800b01c   0x0800b01c   0x0000004e   Code   RO         6344    i.UART_EndRxTransfer  stm32f4xx_hal_uart.o
    0x0800b06a   0x0800b06a   0x0000001c   Code   RO         6345    i.UART_EndTxTransfer  stm32f4xx_hal_uart.o
    0x0800b086   0x0800b086   0x000000c0   Code   RO         6346    i.UART_Receive_IT   stm32f4xx_hal_uart.o
    0x0800b146   0x0800b146   0x00000002   PAD
    0x0800b148   0x0800b148   0x0000010c   Code   RO         6347    i.UART_SetConfig    stm32f4xx_hal_uart.o
    0x0800b254   0x0800b254   0x00000094   Code   RO         6348    i.UART_Start_Receive_DMA  stm32f4xx_hal_uart.o
    0x0800b2e8   0x0800b2e8   0x00000078   Code   RO         6350    i.UART_WaitOnFlagUntilTimeout  stm32f4xx_hal_uart.o
    0x0800b360   0x0800b360   0x000000e8   Code   RO          702    i.USART3_IRQHandler  stm32f4xx_it.o
    0x0800b448   0x0800b448   0x00000002   Code   RO          703    i.UsageFault_Handler  stm32f4xx_it.o
    0x0800b44a   0x0800b44a   0x00000002   PAD
    0x0800b44c   0x0800b44c   0x00000028   Code   RO         2291    i.Usart_SendString  wifi.o
    0x0800b474   0x0800b474   0x00000048   Code   RO         1679    i.W25QXX_Init       w25qxx.o
    0x0800b4bc   0x0800b4bc   0x00000068   Code   RO         1681    i.W25QXX_Read       w25qxx.o
    0x0800b524   0x0800b524   0x00000044   Code   RO         1682    i.W25QXX_ReadID     w25qxx.o
    0x0800b568   0x0800b568   0x0000003c   Code   RO         1683    i.W25QXX_ReadSR     w25qxx.o
    0x0800b5a4   0x0800b5a4   0x00000048   Code   RO         1511    i.WriteRawRC        rc522.o
    0x0800b5ec   0x0800b5ec   0x00000020   Code   RO         8074    i.__0printf         mc_w.l(printfa.o)
    0x0800b60c   0x0800b60c   0x00000028   Code   RO         8076    i.__0sprintf        mc_w.l(printfa.o)
    0x0800b634   0x0800b634   0x00000030   Code   RO         8146    i.__ARM_fpclassify  m_wm.l(fpclassify.o)
    0x0800b664   0x0800b664   0x00000020   Code   RO         3662    i.__NVIC_SetPriority  stm32f4xx_hal_cortex.o
    0x0800b684   0x0800b684   0x00000008   Code   RO         8185    i.__aeabi_errno_addr  mc_w.l(errno.o)
    0x0800b68c   0x0800b68c   0x00000014   Code   RO         7790    i.__hardfp_fabs     m_wm.l(fabs.o)
    0x0800b6a0   0x0800b6a0   0x00000118   Code   RO         7796    i.__hardfp_floor    m_wm.l(floor.o)
    0x0800b7b8   0x0800b7b8   0x00000c50   Code   RO         7802    i.__hardfp_pow      m_wm.l(pow.o)
    0x0800c408   0x0800c408   0x000000f8   Code   RO         8148    i.__kernel_poly     m_wm.l(poly.o)
    0x0800c500   0x0800c500   0x00000030   Code   RO         8132    i.__mathlib_dbl_divzero  m_wm.l(dunder.o)
    0x0800c530   0x0800c530   0x00000014   Code   RO         8134    i.__mathlib_dbl_infnan2  m_wm.l(dunder.o)
    0x0800c544   0x0800c544   0x00000004   PAD
    0x0800c548   0x0800c548   0x00000020   Code   RO         8135    i.__mathlib_dbl_invalid  m_wm.l(dunder.o)
    0x0800c568   0x0800c568   0x00000020   Code   RO         8136    i.__mathlib_dbl_overflow  m_wm.l(dunder.o)
    0x0800c588   0x0800c588   0x00000020   Code   RO         8138    i.__mathlib_dbl_underflow  m_wm.l(dunder.o)
    0x0800c5a8   0x0800c5a8   0x00000044   Code   RO         7073    i.__rt_ffs          kservice.o
    0x0800c5ec   0x0800c5ec   0x0000000e   Code   RO         8258    i.__scatterload_copy  mc_w.l(handlers.o)
    0x0800c5fa   0x0800c5fa   0x00000002   Code   RO         8259    i.__scatterload_null  mc_w.l(handlers.o)
    0x0800c5fc   0x0800c5fc   0x0000000e   Code   RO         8260    i.__scatterload_zeroinit  mc_w.l(handlers.o)
    0x0800c60a   0x0800c60a   0x00000002   PAD
    0x0800c60c   0x0800c60c   0x0000000c   Code   RO         8187    i.__set_errno       mc_w.l(errno.o)
    0x0800c618   0x0800c618   0x00000184   Code   RO         8081    i._fp_digits        mc_w.l(printfa.o)
    0x0800c79c   0x0800c79c   0x0000000e   Code   RO         8108    i._is_digit         mc_w.l(scanf_fp.o)
    0x0800c7aa   0x0800c7aa   0x00000002   PAD
    0x0800c7ac   0x0800c7ac   0x000006dc   Code   RO         8082    i._printf_core      mc_w.l(printfa.o)
    0x0800ce88   0x0800ce88   0x00000024   Code   RO         8083    i._printf_post_padding  mc_w.l(printfa.o)
    0x0800ceac   0x0800ceac   0x0000002e   Code   RO         8084    i._printf_pre_padding  mc_w.l(printfa.o)
    0x0800ceda   0x0800ceda   0x00000002   PAD
    0x0800cedc   0x0800cedc   0x00000080   Code   RO         7464    i._rt_thread_init   thread.o
    0x0800cf5c   0x0800cf5c   0x0000001c   Code   RO         7594    i._rt_timer_init    timer.o
    0x0800cf78   0x0800cf78   0x00000006   Code   RO         7595    i._rt_timer_remove  timer.o
    0x0800cf7e   0x0800cf7e   0x0000000a   Code   RO         8086    i._sputc            mc_w.l(printfa.o)
    0x0800cf88   0x0800cf88   0x0000001c   Code   RO         7465    i._thread_cleanup_execute  thread.o
    0x0800cfa4   0x0800cfa4   0x000000f8   Code   RO          904    i.at_sava_th        app.o
    0x0800d09c   0x0800d09c   0x00000008   Code   RO         1445    i.beep_On_Off       pcf8574.o
    0x0800d0a4   0x0800d0a4   0x0000001c   Code   RO         1834    i.cJSON_AddItemToArray  cjson.o
    0x0800d0c0   0x0800d0c0   0x00000030   Code   RO         1835    i.cJSON_AddItemToObject  cjson.o
    0x0800d0f0   0x0800d0f0   0x00000030   Code   RO         1844    i.cJSON_CreateNumber  cjson.o
    0x0800d120   0x0800d120   0x00000010   Code   RO         1845    i.cJSON_CreateObject  cjson.o
    0x0800d130   0x0800d130   0x00000048   Code   RO         1849    i.cJSON_Delete      cjson.o
    0x0800d178   0x0800d178   0x0000001c   Code   RO         1858    i.cJSON_GetObjectItem  cjson.o
    0x0800d194   0x0800d194   0x0000001c   Code   RO         1862    i.cJSON_New_Item    cjson.o
    0x0800d1b0   0x0800d1b0   0x00000008   Code   RO         1863    i.cJSON_Parse       cjson.o
    0x0800d1b8   0x0800d1b8   0x00000060   Code   RO         1864    i.cJSON_ParseWithOpts  cjson.o
    0x0800d218   0x0800d218   0x0000000a   Code   RO         1867    i.cJSON_PrintUnformatted  cjson.o
    0x0800d222   0x0800d222   0x00000042   Code   RO         1870    i.cJSON_strcasecmp  cjson.o
    0x0800d264   0x0800d264   0x0000002c   Code   RO         1871    i.cJSON_strdup      cjson.o
    0x0800d290   0x0800d290   0x000003b0   Code   RO          905    i.collect_data      app.o
    0x0800d640   0x0800d640   0x00000014   Code   RO         1121    i.delay_init        delay.o
    0x0800d654   0x0800d654   0x0000001a   Code   RO         1122    i.delay_ms          delay.o
    0x0800d66e   0x0800d66e   0x00000012   Code   RO         1512    i.delay_ns          rc522.o
    0x0800d680   0x0800d680   0x00000034   Code   RO         1123    i.delay_us          delay.o
    0x0800d6b4   0x0800d6b4   0x00000070   Code   RO         1873    i.ensure            cjson.o
    0x0800d724   0x0800d724   0x00000018   Code   RO         7792    i.fabs              m_wm.l(fabs.o)
    0x0800d73c   0x0800d73c   0x00000040   Code   RO         1646    i.font_init         fontupd.o
    0x0800d77c   0x0800d77c   0x00000014   Code   RO          628    i.fputc             usart.o
    0x0800d790   0x0800d790   0x000000d0   Code   RO          906    i.key_thread_entry  app.o
    0x0800d860   0x0800d860   0x000002e8   Code   RO          907    i.lcd_show          app.o
    0x0800db48   0x0800db48   0x00000308   Code   RO           16    i.main              main.o
    0x0800de50   0x0800de50   0x0000000e   Code   RO         6825    i.main_thread_entry  components.o
    0x0800de5e   0x0800de5e   0x00000002   PAD
    0x0800de60   0x0800de60   0x00000018   Code   RO         6687    i.my_free           malloc.o
    0x0800de78   0x0800de78   0x00000020   Code   RO         6688    i.my_malloc         malloc.o
    0x0800de98   0x0800de98   0x00000058   Code   RO         6689    i.my_mem_free       malloc.o
    0x0800def0   0x0800def0   0x0000002c   Code   RO         6690    i.my_mem_init       malloc.o
    0x0800df1c   0x0800df1c   0x00000088   Code   RO         6691    i.my_mem_malloc     malloc.o
    0x0800dfa4   0x0800dfa4   0x0000003c   Code   RO         6692    i.my_mem_perused    malloc.o
    0x0800dfe0   0x0800dfe0   0x0000000e   Code   RO         6696    i.mymemset          malloc.o
    0x0800dfee   0x0800dfee   0x00000002   PAD
    0x0800dff0   0x0800dff0   0x0000008c   Code   RO         1874    i.parse_array       cjson.o
    0x0800e07c   0x0800e07c   0x000000a6   Code   RO         1875    i.parse_hex4        cjson.o
    0x0800e122   0x0800e122   0x00000002   PAD
    0x0800e124   0x0800e124   0x00000194   Code   RO         1876    i.parse_number      cjson.o
    0x0800e2b8   0x0800e2b8   0x000000d4   Code   RO         1877    i.parse_object      cjson.o
    0x0800e38c   0x0800e38c   0x00000180   Code   RO         1878    i.parse_string      cjson.o
    0x0800e50c   0x0800e50c   0x000000b4   Code   RO         1879    i.parse_value       cjson.o
    0x0800e5c0   0x0800e5c0   0x00000070   Code   RO         1446    i.pcf8574_Check     pcf8574.o
    0x0800e630   0x0800e630   0x00000048   Code   RO         1447    i.pcf8574_ReadOneByte  pcf8574.o
    0x0800e678   0x0800e678   0x00000024   Code   RO         1448    i.pcf8574_WriteOneByte  pcf8574.o
    0x0800e69c   0x0800e69c   0x00000054   Code   RO         7247    i.plug_holes        mem.o
    0x0800e6f0   0x0800e6f0   0x000001d0   Code   RO         1880    i.print_array       cjson.o
    0x0800e8c0   0x0800e8c0   0x000001c8   Code   RO         1881    i.print_number      cjson.o
    0x0800ea88   0x0800ea88   0x00000130   Code   RO         7075    i.print_number      kservice.o
    0x0800ebb8   0x0800ebb8   0x00000374   Code   RO         1882    i.print_object      cjson.o
    0x0800ef2c   0x0800ef2c   0x00000006   Code   RO         1883    i.print_string      cjson.o
    0x0800ef32   0x0800ef32   0x00000002   PAD
    0x0800ef34   0x0800ef34   0x0000016c   Code   RO         1884    i.print_string_ptr  cjson.o
    0x0800f0a0   0x0800f0a0   0x000000bc   Code   RO         1885    i.print_value       cjson.o
    0x0800f15c   0x0800f15c   0x00000038   Code   RO          909    i.read_rfid         app.o
    0x0800f194   0x0800f194   0x000001f8   Code   RO          910    i.resest_server     app.o
    0x0800f38c   0x0800f38c   0x000000e8   Code   RO          911    i.resest_wifi       app.o
    0x0800f474   0x0800f474   0x0000002c   Code   RO         6826    i.rt_application_init  components.o
    0x0800f4a0   0x0800f4a0   0x0000001c   Code   RO         6827    i.rt_components_board_init  components.o
    0x0800f4bc   0x0800f4bc   0x0000001c   Code   RO         6828    i.rt_components_init  components.o
    0x0800f4d8   0x0800f4d8   0x0000001c   Code   RO         7397    i.rt_enter_critical  scheduler.o
    0x0800f4f4   0x0800f4f4   0x00000038   Code   RO         7398    i.rt_exit_critical  scheduler.o
    0x0800f52c   0x0800f52c   0x000000c4   Code   RO         7249    i.rt_free           mem.o
    0x0800f5f0   0x0800f5f0   0x00000008   Code   RO         7737    i.rt_heap_begin_get  board.o
    0x0800f5f8   0x0800f5f8   0x00000008   Code   RO         7738    i.rt_heap_end_get   board.o
    0x0800f600   0x0800f600   0x00000036   Code   RO         7739    i.rt_hw_board_init  board.o
    0x0800f636   0x0800f636   0x00000002   PAD
    0x0800f638   0x0800f638   0x00000048   Code   RO         7740    i.rt_hw_console_output  board.o
    0x0800f680   0x0800f680   0x00000210   Code   RO         7694    i.rt_hw_hard_fault_exception  cpuport.o
    0x0800f890   0x0800f890   0x0000003c   Code   RO         7695    i.rt_hw_stack_init  cpuport.o
    0x0800f8cc   0x0800f8cc   0x0000001c   Code   RO         7046    i.rt_interrupt_enter  irq.o
    0x0800f8e8   0x0800f8e8   0x0000001c   Code   RO         7048    i.rt_interrupt_leave  irq.o
    0x0800f904   0x0800f904   0x00000052   Code   RO         6933    i.rt_ipc_list_suspend  ipc.o
    0x0800f956   0x0800f956   0x00000002   PAD
    0x0800f958   0x0800f958   0x00000020   Code   RO         7079    i.rt_kprintf        kservice.o
    0x0800f978   0x0800f978   0x0000000e   Code   RO         7309    i.rt_list_insert_after  object.o
    0x0800f986   0x0800f986   0x0000000e   Code   RO         7466    i.rt_list_insert_after  thread.o
    0x0800f994   0x0800f994   0x0000000e   Code   RO         7596    i.rt_list_insert_after  timer.o
    0x0800f9a2   0x0800f9a2   0x0000000e   Code   RO         6934    i.rt_list_insert_before  ipc.o
    0x0800f9b0   0x0800f9b0   0x00000012   Code   RO         7310    i.rt_list_remove    object.o
    0x0800f9c2   0x0800f9c2   0x00000012   Code   RO         7467    i.rt_list_remove    thread.o
    0x0800f9d4   0x0800f9d4   0x00000012   Code   RO         7597    i.rt_list_remove    timer.o
    0x0800f9e6   0x0800f9e6   0x00000002   PAD
    0x0800f9e8   0x0800f9e8   0x000000f0   Code   RO         7250    i.rt_malloc         mem.o
    0x0800fad8   0x0800fad8   0x00000046   Code   RO         7085    i.rt_memset         kservice.o
    0x0800fb1e   0x0800fb1e   0x0000002a   Code   RO         6936    i.rt_mutex_create   ipc.o
    0x0800fb48   0x0800fb48   0x00000050   Code   RO         7311    i.rt_object_allocate  object.o
    0x0800fb98   0x0800fb98   0x00000026   Code   RO         7312    i.rt_object_delete  object.o
    0x0800fbbe   0x0800fbbe   0x00000020   Code   RO         7313    i.rt_object_detach  object.o
    0x0800fbde   0x0800fbde   0x00000002   PAD
    0x0800fbe0   0x0800fbe0   0x00000024   Code   RO         7315    i.rt_object_get_information  object.o
    0x0800fc04   0x0800fc04   0x00000050   Code   RO         7319    i.rt_object_init    object.o
    0x0800fc54   0x0800fc54   0x0000000e   Code   RO         7320    i.rt_object_is_systemobject  object.o
    0x0800fc62   0x0800fc62   0x00000002   PAD
    0x0800fc64   0x0800fc64   0x00000058   Code   RO         7399    i.rt_schedule       scheduler.o
    0x0800fcbc   0x0800fcbc   0x00000050   Code   RO         7400    i.rt_schedule_insert_thread  scheduler.o
    0x0800fd0c   0x0800fd0c   0x00000048   Code   RO         7401    i.rt_schedule_remove_thread  scheduler.o
    0x0800fd54   0x0800fd54   0x00000024   Code   RO         6946    i.rt_sem_init       ipc.o
    0x0800fd78   0x0800fd78   0x0000004a   Code   RO         6947    i.rt_sem_release    ipc.o
    0x0800fdc2   0x0800fdc2   0x0000006e   Code   RO         6948    i.rt_sem_take       ipc.o
    0x0800fe30   0x0800fe30   0x000000b0   Code   RO         7087    i.rt_show_version   kservice.o
    0x0800fee0   0x0800fee0   0x00000010   Code   RO         7093    i.rt_strlen         kservice.o
    0x0800fef0   0x0800fef0   0x00000026   Code   RO         7095    i.rt_strncpy        kservice.o
    0x0800ff16   0x0800ff16   0x00000002   PAD
    0x0800ff18   0x0800ff18   0x000000ac   Code   RO         7253    i.rt_system_heap_init  mem.o
    0x0800ffc4   0x0800ffc4   0x00000034   Code   RO         7402    i.rt_system_scheduler_init  scheduler.o
    0x0800fff8   0x0800fff8   0x00000028   Code   RO         7403    i.rt_system_scheduler_start  scheduler.o
    0x08010020   0x08010020   0x0000000c   Code   RO         7598    i.rt_system_timer_init  timer.o
    0x0801002c   0x0801002c   0x00000002   Code   RO         7599    i.rt_system_timer_thread_init  timer.o
    0x0801002e   0x0801002e   0x00000048   Code   RO         7469    i.rt_thread_create  thread.o
    0x08010076   0x08010076   0x00000002   PAD
    0x08010078   0x08010078   0x0000005c   Code   RO         7474    i.rt_thread_exit    thread.o
    0x080100d4   0x080100d4   0x00000006   Code   RO         6897    i.rt_thread_idle_entry  idle.o
    0x080100da   0x080100da   0x00000002   PAD
    0x080100dc   0x080100dc   0x0000004c   Code   RO         6898    i.rt_thread_idle_excute  idle.o
    0x08010128   0x08010128   0x00000038   Code   RO         6900    i.rt_thread_idle_init  idle.o
    0x08010160   0x08010160   0x00000030   Code   RO         7476    i.rt_thread_init    thread.o
    0x08010190   0x08010190   0x0000000e   Code   RO         7477    i.rt_thread_mdelay  thread.o
    0x0801019e   0x0801019e   0x0000003c   Code   RO         7478    i.rt_thread_resume  thread.o
    0x080101da   0x080101da   0x00000002   PAD
    0x080101dc   0x080101dc   0x0000000c   Code   RO         7479    i.rt_thread_self    thread.o
    0x080101e8   0x080101e8   0x00000040   Code   RO         7480    i.rt_thread_sleep   thread.o
    0x08010228   0x08010228   0x0000002c   Code   RO         7481    i.rt_thread_startup  thread.o
    0x08010254   0x08010254   0x00000042   Code   RO         7482    i.rt_thread_suspend  thread.o
    0x08010296   0x08010296   0x00000020   Code   RO         7483    i.rt_thread_timeout  thread.o
    0x080102b6   0x080102b6   0x00000002   PAD
    0x080102b8   0x080102b8   0x00000060   Code   RO         7484    i.rt_thread_yield   thread.o
    0x08010318   0x08010318   0x00000032   Code   RO         6784    i.rt_tick_from_millisecond  clock.o
    0x0801034a   0x0801034a   0x00000002   PAD
    0x0801034c   0x0801034c   0x0000000c   Code   RO         6785    i.rt_tick_get       clock.o
    0x08010358   0x08010358   0x0000002c   Code   RO         6786    i.rt_tick_increase  clock.o
    0x08010384   0x08010384   0x0000008c   Code   RO         7600    i.rt_timer_check    timer.o
    0x08010410   0x08010410   0x00000048   Code   RO         7601    i.rt_timer_control  timer.o
    0x08010458   0x08010458   0x00000028   Code   RO         7604    i.rt_timer_detach   timer.o
    0x08010480   0x08010480   0x00000028   Code   RO         7605    i.rt_timer_init     timer.o
    0x080104a8   0x080104a8   0x00000084   Code   RO         7607    i.rt_timer_start    timer.o
    0x0801052c   0x0801052c   0x0000002e   Code   RO         7608    i.rt_timer_stop     timer.o
    0x0801055a   0x0801055a   0x00000002   PAD
    0x0801055c   0x0801055c   0x00000284   Code   RO         7098    i.rt_vsnprintf      kservice.o
    0x080107e0   0x080107e0   0x00000004   Code   RO         6829    i.rti_board_end     components.o
    0x080107e4   0x080107e4   0x00000004   Code   RO         6830    i.rti_board_start   components.o
    0x080107e8   0x080107e8   0x00000004   Code   RO         6831    i.rti_end           components.o
    0x080107ec   0x080107ec   0x00000004   Code   RO         6832    i.rti_start         components.o
    0x080107f0   0x080107f0   0x0000002a   Code   RO         6833    i.rtthread_startup  components.o
    0x0801081a   0x0801081a   0x00000014   Code   RO         1886    i.skip              cjson.o
    0x0801082e   0x0801082e   0x00000028   Code   RO         7100    i.skip_atoi         kservice.o
    0x08010856   0x08010856   0x0000006e   Code   RO         8153    i.sqrt              m_wm.l(sqrt.o)
    0x080108c4   0x080108c4   0x00000038   Code   RO         1124    i.time_init         delay.o
    0x080108fc   0x080108fc   0x0000007c   Code   RO         1125    i.time_set          delay.o
    0x08010978   0x08010978   0x00000034   Code   RO         7741    i.uart_init         board.o
    0x080109ac   0x080109ac   0x0000001c   Code   RO         1887    i.update            cjson.o
    0x080109c8   0x080109c8   0x00004740   Data   RO         1262    .constdata          lcd.o
    0x08015108   0x08015108   0x00000007   Data   RO         1888    .constdata          cjson.o
    0x0801510f   0x0801510f   0x00000008   Data   RO         3361    .constdata          stm32f4xx_hal_dma.o
    0x08015117   0x08015117   0x00000010   Data   RO         6651    .constdata          system_stm32f4xx.o
    0x08015127   0x08015127   0x00000008   Data   RO         6652    .constdata          system_stm32f4xx.o
    0x0801512f   0x0801512f   0x00000001   PAD
    0x08015130   0x08015130   0x00000024   Data   RO         6704    .constdata          malloc.o
    0x08015154   0x08015154   0x00000122   Data   RO         7102    .constdata          kservice.o
    0x08015276   0x08015276   0x00000002   PAD
    0x08015278   0x08015278   0x00000088   Data   RO         7805    .constdata          m_wm.l(pow.o)
    0x08015300   0x08015300   0x00000008   Data   RO         8150    .constdata          m_wm.l(qnan.o)
    0x08015308   0x08015308   0x00000081   Data   RO         8218    .constdata          mc_w.l(ctype_o.o)
    0x08015389   0x08015389   0x00000003   PAD
    0x0801538c   0x0801538c   0x00000004   Data   RO         8219    .constdata          mc_w.l(ctype_o.o)
    0x08015390   0x08015390   0x00000004   Data   RO         6834    .rti_fn.0           components.o
    0x08015394   0x08015394   0x00000004   Data   RO         6835    .rti_fn.0.end       components.o
    0x08015398   0x08015398   0x00000004   Data   RO         7743    .rti_fn.1           board.o
    0x0801539c   0x0801539c   0x00000004   Data   RO         6836    .rti_fn.1.end       components.o
    0x080153a0   0x080153a0   0x00000004   Data   RO         6837    .rti_fn.6.end       components.o
    0x080153a4   0x080153a4   0x00000020   Data   RO         8256    Region$$Table       anon$$obj.o


    Execution Region RW_IRAM2 (Exec base: 0x10000000, Load base: 0x08015438, Size: 0x0000ff00, Max: 0x00010000, ABSOLUTE)

    Exec Addr    Load Addr    Size         Type   Attr      Idx    E Section Name        Object

    0x10000000        -       0x0000f000   Zero   RW         6698    .ARM.__AT_0x10000000  malloc.o
    0x1000f000        -       0x00000f00   Zero   RW         6699    .ARM.__AT_0x1000F000  malloc.o


    Execution Region RW_IRAM1 (Exec base: 0x20000000, Load base: 0x080153c4, Size: 0x0001dba0, Max: 0x00030000, ABSOLUTE, COMPRESSED[0x00000074])

    Exec Addr    Load Addr    Size         Type   Attr      Idx    E Section Name        Object

    0x20000000   COMPRESSED   0x00000018   Data   RW           17    .data               main.o
    0x20000018   COMPRESSED   0x00000008   Data   RW          397    .data               fmc.o
    0x20000020   COMPRESSED   0x00000004   Data   RW          630    .data               usart.o
    0x20000024   COMPRESSED   0x00000002   Data   RW          704    .data               stm32f4xx_it.o
    0x20000026   COMPRESSED   0x00000001   Data   RW          849    .data               public.o
    0x20000027   COMPRESSED   0x00000001   Data   RW          850    .data               public.o
    0x20000028   COMPRESSED   0x00000002   Data   RW          851    .data               public.o
    0x2000002a   COMPRESSED   0x00000001   Data   RW          852    .data               public.o
    0x2000002b   COMPRESSED   0x00000001   Data   RW          854    .data               public.o
    0x2000002c   COMPRESSED   0x00000001   Data   RW          855    .data               public.o
    0x2000002d   COMPRESSED   0x00000001   Data   RW          856    .data               public.o
    0x2000002e   COMPRESSED   0x00000002   PAD
    0x20000030   COMPRESSED   0x00000008   Data   RW          857    .data               public.o
    0x20000038   COMPRESSED   0x00000008   Data   RW          858    .data               public.o
    0x20000040   COMPRESSED   0x00000004   Data   RW          859    .data               public.o
    0x20000044   COMPRESSED   0x00000004   Data   RW          860    .data               public.o
    0x20000048   COMPRESSED   0x00000004   Data   RW          861    .data               public.o
    0x2000004c   COMPRESSED   0x00000004   PAD
    0x20000050   COMPRESSED   0x00000008   Data   RW          862    .data               public.o
    0x20000058   COMPRESSED   0x00000002   Data   RW          863    .data               public.o
    0x2000005a   COMPRESSED   0x00000001   Data   RW          865    .data               public.o
    0x2000005b   COMPRESSED   0x00000001   Data   RW          866    .data               public.o
    0x2000005c   COMPRESSED   0x00000001   Data   RW          867    .data               public.o
    0x2000005d   COMPRESSED   0x00000001   Data   RW          868    .data               public.o
    0x2000005e   COMPRESSED   0x00000001   Data   RW          869    .data               public.o
    0x2000005f   COMPRESSED   0x00000001   PAD
    0x20000060   COMPRESSED   0x00000004   Data   RW          871    .data               public.o
    0x20000064   COMPRESSED   0x00000004   Data   RW          872    .data               public.o
    0x20000068   COMPRESSED   0x00000004   Data   RW          873    .data               public.o
    0x2000006c   COMPRESSED   0x00000004   Data   RW          874    .data               public.o
    0x20000070   COMPRESSED   0x00000001   Data   RW          875    .data               public.o
    0x20000071   COMPRESSED   0x00000001   Data   RW          876    .data               public.o
    0x20000072   COMPRESSED   0x00000002   PAD
    0x20000074   COMPRESSED   0x00000018   Data   RW          913    .data               app.o
    0x2000008c   COMPRESSED   0x00000020   Data   RW         1126    .data               delay.o
    0x200000ac   COMPRESSED   0x00000008   Data   RW         1263    .data               lcd.o
    0x200000b4   COMPRESSED   0x0000000b   Data   RW         1515    .data               rc522.o
    0x200000bf   COMPRESSED   0x00000001   Data   RW         1616    .data               key.o
    0x200000c0   COMPRESSED   0x00000002   Data   RW         1693    .data               w25qxx.o
    0x200000c2   COMPRESSED   0x00000002   PAD
    0x200000c4   COMPRESSED   0x0000000c   Data   RW         1889    .data               cjson.o
    0x200000d0   COMPRESSED   0x00000002   Data   RW         2206    .data               onenet.o
    0x200000d2   COMPRESSED   0x00000002   PAD
    0x200000d4   COMPRESSED   0x00000010   Data   RW         2371    .data               mqttkit.o
    0x200000e4   COMPRESSED   0x00000004   Data   RW         2372    .data               mqttkit.o
    0x200000e8   COMPRESSED   0x0000000c   Data   RW         3808    .data               stm32f4xx_hal.o
    0x200000f4   COMPRESSED   0x00000004   Data   RW         6653    .data               system_stm32f4xx.o
    0x200000f8   COMPRESSED   0x00000024   Data   RW         6705    .data               malloc.o
    0x2000011c   COMPRESSED   0x00000004   Data   RW         6788    .data               clock.o
    0x20000120   COMPRESSED   0x00000001   Data   RW         7049    .data               irq.o
    0x20000121   COMPRESSED   0x00000003   PAD
    0x20000124   COMPRESSED   0x00000018   Data   RW         7255    .data               mem.o
    0x2000013c   COMPRESSED   0x00000040   Data   RW         7322    .data               object.o
    0x2000017c   COMPRESSED   0x00000014   Data   RW         7405    .data               scheduler.o
    0x20000190   COMPRESSED   0x0000000c   Data   RW         7609    .data               timer.o
    0x2000019c   COMPRESSED   0x00000004   Data   RW         7696    .data               cpuport.o
    0x200001a0   COMPRESSED   0x00000004   Data   RW         7697    .data               cpuport.o
    0x200001a4   COMPRESSED   0x00000004   Data   RW         7698    .data               cpuport.o
    0x200001a8   COMPRESSED   0x00000004   Data   RW         7699    .data               cpuport.o
    0x200001ac   COMPRESSED   0x00000004   Data   RW         8188    .data               mc_w.l(errno.o)
    0x200001b0        -       0x000000a8   Zero   RW          326    .bss                adc.o
    0x20000258        -       0x00000084   Zero   RW          396    .bss                fmc.o
    0x200002dc        -       0x00000054   Zero   RW          457    .bss                i2c.o
    0x20000330        -       0x000000b0   Zero   RW          502    .bss                spi.o
    0x200003e0        -       0x00000120   Zero   RW          563    .bss                tim.o
    0x20000500        -       0x0000012c   Zero   RW          629    .bss                usart.o
    0x2000062c        -       0x00000048   Zero   RW          811    .bss                stm32f4xx_hal_timebase_tim.o
    0x20000674        -       0x00000400   Zero   RW          847    .bss                public.o
    0x20000a74        -       0x000000a0   Zero   RW          848    .bss                public.o
    0x20000b14        -       0x00000224   Zero   RW          912    .bss                app.o
    0x20000d38        -       0x00000034   Zero   RW         1180    .bss                sdram.o
    0x20000d6c        -       0x0000005e   Zero   RW         1261    .bss                lcd.o
    0x20000dca        -       0x00000029   Zero   RW         1647    .bss                fontupd.o
    0x20000df3        -       0x00000040   Zero   RW         2367    .bss                mqttkit.o
    0x20000e33        -       0x00000040   Zero   RW         2368    .bss                mqttkit.o
    0x20000e73        -       0x00000040   Zero   RW         2369    .bss                mqttkit.o
    0x20000eb3   COMPRESSED   0x0000000d   PAD
    0x20000ec0        -       0x00016800   Zero   RW         6702    .bss                malloc.o
    0x200176c0        -       0x00001680   Zero   RW         6703    .bss                malloc.o
    0x20018d40        -       0x00000178   Zero   RW         6901    .bss                idle.o
    0x20018eb8        -       0x00000080   Zero   RW         7101    .bss                kservice.o
    0x20018f38        -       0x00000020   Zero   RW         7254    .bss                mem.o
    0x20018f58        -       0x00000100   Zero   RW         7404    .bss                scheduler.o
    0x20019058        -       0x00003c44   Zero   RW         7742    .bss                board.o
    0x2001cc9c   COMPRESSED   0x00000004   PAD
    0x2001cca0        -       0x00000f00   Zero   RW            1    STACK               startup_stm32f429xx.o



  Load Region LR$$.ARM.__AT_0xC01F4000 (Base: 0xc01f4000, Size: 0x00000000, Max: 0x01c3c000, ABSOLUTE)

    Execution Region ER$$.ARM.__AT_0xC01F4000 (Exec base: 0xc01f4000, Load base: 0xc01f4000, Size: 0x01c3c000, Max: 0x01c3c000, ABSOLUTE, UNINIT)

    Exec Addr    Load Addr    Size         Type   Attr      Idx    E Section Name        Object

    0xc01f4000        -       0x01c3c000   Zero   RW         6700    .ARM.__AT_0xC01F4000  malloc.o



  Load Region LR$$.ARM.__AT_0xC1E30000 (Base: 0xc1e30000, Size: 0x00000000, Max: 0x001c3c00, ABSOLUTE)

    Execution Region ER$$.ARM.__AT_0xC1E30000 (Exec base: 0xc1e30000, Load base: 0xc1e30000, Size: 0x001c3c00, Max: 0x001c3c00, ABSOLUTE, UNINIT)

    Exec Addr    Load Addr    Size         Type   Attr      Idx    E Section Name        Object

    0xc1e30000        -       0x001c3c00   Zero   RW         6701    .ARM.__AT_0xC1E30000  malloc.o


==============================================================================

Image component sizes


      Code (inc. data)   RO Data    RW Data    ZI Data      Debug   Object Name

       312         52          0          0          0       2563   24c02.o
       316         32          0          0        168       1851   adc.o
      3432       1446          0         24        548       6421   app.o
       212         24          4          0      15428       4692   board.o
      4500        284          7         12          0      25296   cjson.o
       106         12          0          4          0       2060   clock.o
       182         28         16          0          0       6666   components.o
       308         28          0          0          0        892   context_rvds.o
       588        344          0         16          0       4330   cpuport.o
       278         70          0         32          0       3289   delay.o
       448         32          0          0          0       5976   dht11.o
        76          4          0          0          0        826   dma.o
       420         38          0          8        132       2810   fmc.o
        64          6          0          0         41       1360   fontupd.o
       440         36          0          0          0       1247   gpio.o
       196         26          0          0         84       1713   i2c.o
       138         22          0          0        376       5350   idle.o
       358          0          0          0          0       8031   ipc.o
        56         12          0          1          0       1822   irq.o
       332         20          0          1          0        903   key.o
      1388        158        290          0        128      10932   kservice.o
     10864        154      18240          8         94      18619   lcd.o
       960        386          0         24          0     810811   main.o
       398         46         36         36   31619456       6508   malloc.o
       692        172          0         24         32       4300   mem.o
      2406         90          0         20        192      17355   mqttkit.o
       312          6          0         64          0       9064   object.o
      3500       1652          0          2          0      11593   onenet.o
       260         92          0          0          0       3102   pcf8574.o
         0          0          0         69       1184       1509   public.o
      1372        236          0         11          0      10036   rc522.o
       416         56          0         20        256       8798   scheduler.o
       228         20          0          0         52       2410   sdram.o
       404         48          0          0        176       3511   spi.o
        36          8        428          0       3840        840   startup_stm32f429xx.o
       116         18          0         12          0       8886   stm32f4xx_hal.o
      1224         72          0          0          0       7485   stm32f4xx_hal_adc.o
       222         14          0          0          0      34601   stm32f4xx_hal_cortex.o
      1084         16          8          0          0       7374   stm32f4xx_hal_dma.o
       600         54          0          0          0       3532   stm32f4xx_hal_gpio.o
      3346         86          0          0          0      17645   stm32f4xx_hal_i2c.o
       128          0          0          0          0       1867   stm32f4xx_hal_i2c_ex.o
        52          4          0          0          0        874   stm32f4xx_hal_msp.o
       112         14          0          0          0       1292   stm32f4xx_hal_pwr_ex.o
      1424         92          0          0          0       6401   stm32f4xx_hal_rcc.o
       172          0          0          0          0       2852   stm32f4xx_hal_sdram.o
      1300         12          0          0          0       6452   stm32f4xx_hal_spi.o
        92          0          0          0          0       1224   stm32f4xx_hal_sram.o
      2188        166          0          0          0      18286   stm32f4xx_hal_tim.o
       148         28          0          0          0       2465   stm32f4xx_hal_tim_ex.o
       152         20          0          0         72       1488   stm32f4xx_hal_timebase_tim.o
      2136         30          0          0          0      16081   stm32f4xx_hal_uart.o
       618        200          0          2          0       6455   stm32f4xx_it.o
       650         24          0          0          0       7264   stm32f4xx_ll_fmc.o
       140         24         24          4          0       1887   system_stm32f4xx.o
       466         14          0          0          0       3539   text.o
       788         44          0          0          0      13703   thread.o
       820         70          0          0        288       4763   tim.o
       550         20          0         12          0      11960   timer.o
       504         66          0          4        300       4983   usart.o
       304         30          0          2          0       3356   w25qxx.o
       908        404          0          0          0       4442   wifi.o

    ----------------------------------------------------------------------
     56316       7162      19088        428   31642864    1208643   Object Totals
         0          0         32          0          0          0   (incl. Generated)
        74          0          3         16         17          0   (incl. Padding)

    ----------------------------------------------------------------------

      Code (inc. data)   RO Data    RW Data    ZI Data      Debug   Library Member Name

       164         44          0          0          0        620   dunder.o
        44          0          0          0          0        248   fabs.o
       280         28          0          0          0        156   floor.o
        48          0          0          0          0        124   fpclassify.o
       248          0          0          0          0        152   poly.o
      3152        296        136          0          0        352   pow.o
         0          0          8          0          0          0   qnan.o
       110          0          0          0          0        148   sqrt.o
        56          8          0          0          0         84   __0sscanf.o
        86          0          0          0          0          0   __dczerorl2.o
        28          0          0          0          0         68   _chval.o
       812          4          0          0          0        112   _scanf.o
       332          0          0          0          0         96   _scanf_int.o
        64          0          0          0          0         84   _sgetc.o
       158          0          0          0          0         92   _strtoul.o
        26          0          0          0          0         80   atoi.o
         8          4        133          0          0         68   ctype_o.o
         0          0          0          0          0          0   entry.o
         0          0          0          0          0          0   entry10a.o
         0          0          0          0          0          0   entry11a.o
         8          4          0          0          0          0   entry2.o
         4          0          0          0          0          0   entry5.o
         0          0          0          0          0          0   entry7b.o
         0          0          0          0          0          0   entry8b.o
         8          4          0          0          0          0   entry9a.o
        20         10          0          4          0        136   errno.o
        30          0          0          0          0          0   handlers.o
        36          8          0          0          0         68   init.o
        18          0          0          0          0         76   isspace_o.o
         0          0          0          0          0          0   iusefp.o
        30          0          0          0          0         68   llshl.o
        36          0          0          0          0         68   llsshr.o
        32          0          0          0          0         68   llushr.o
        36          0          0          0          0         68   memcpya.o
        36          0          0          0          0        108   memseta.o
      2308         96          0          0          0        604   printfa.o
        40          8          0          0          0         84   scanf_char.o
       878         12          0          0          0        216   scanf_fp.o
        20          0          0          0          0         68   strchr.o
        18          0          0          0          0         68   strcpy.o
        14          0          0          0          0         68   strlen.o
        40          0          0          0          0         76   strncat.o
        30          0          0          0          0         80   strncmp.o
        36          0          0          0          0         80   strstr.o
       112          0          0          0          0         88   strtol.o
        12          0          0          0          0         68   tolower.o
        44          0          0          0          0         80   uidiv.o
        98          0          0          0          0         92   uldiv.o
        48          0          0          0          0         68   cdcmple.o
        48          0          0          0          0         68   cdrcmple.o
        56          0          0          0          0         88   d2f.o
       334          0          0          0          0        148   dadd.o
       222          0          0          0          0        100   ddiv.o
       186          0          0          0          0        176   depilogue.o
        62          0          0          0          0         80   dfixi.o
        50          0          0          0          0         76   dfixui.o
        48          0          0          0          0         68   dfixul.o
        34          0          0          0          0         76   dflti.o
        26          0          0          0          0         76   dfltui.o
        24          0          0          0          0         76   dfltul.o
       228          0          0          0          0         96   dmul.o
        46          0          0          0          0         80   dscalb.o
       162          0          0          0          0        100   dsqrt.o
        38          0          0          0          0         68   f2d.o
       110          0          0          0          0        168   fepilogue.o

    ----------------------------------------------------------------------
     11296        526        280          4          0       6428   Library Totals
        14          0          3          0          0          0   (incl. Padding)

    ----------------------------------------------------------------------

      Code (inc. data)   RO Data    RW Data    ZI Data      Debug   Library Name

      4046        368        144          0          0       1800   m_wm.l
      5514        158        133          4          0       3016   mc_w.l
      1722          0          0          0          0       1612   mf_w.l

    ----------------------------------------------------------------------
     11296        526        280          4          0       6428   Library Totals

    ----------------------------------------------------------------------

==============================================================================


      Code (inc. data)   RO Data    RW Data    ZI Data      Debug   

     67612       7688      19368        432   31642864    1173755   Grand Totals
     67612       7688      19368        116   31642864    1173755   ELF Image Totals (compressed)
     67612       7688      19368        116          0          0   ROM Totals

==============================================================================

    Total RO  Size (Code + RO Data)                86980 (  84.94kB)
    Total RW  Size (RW Data + ZI Data)          31643296 (30901.66kB)
    Total ROM Size (Code + RO Data + RW Data)      87096 (  85.05kB)

==============================================================================

